Component: ARM Compiler 5.05 update 1 (build 106) Tool: armlink [4d0efa]

==============================================================================

Section Cross References

    main.o(.text) refers to stm32f4xx_usart.o(.text) for USART_GetFlagStatus
    main.o(.text) refers to f2d.o(x$fpl$f2d) for __aeabi_f2d
    main.o(.text) refers to dmul.o(x$fpl$dmul) for __aeabi_dmul
    main.o(.text) refers to daddsub_clz.o(x$fpl$dadd) for __aeabi_dadd
    main.o(.text) refers to dfix.o(x$fpl$dfix) for __aeabi_d2iz
    main.o(.text) refers to misc.o(.text) for NVIC_PriorityGroupConfig
    main.o(.text) refers to delay.o(.text) for delay_init
    main.o(.text) refers to usart.o(.text) for uart_init
    main.o(.text) refers to led.o(.text) for LED_Init
    main.o(.text) refers to key.o(.text) for KEY_Init
    main.o(.text) refers to oled.o(.text) for OLED_Init
    main.o(.text) refers to mpu6050.o(.text) for MPU_Init
    main.o(.text) refers to adc.o(.text) for Adc2_PA4_Init
    main.o(.text) refers to inv_mpu.o(.text) for mpu_dmp_init
    main.o(.text) refers to main.o(.data) for balance_pitch
    system_stm32f4xx.o(.text) refers to system_stm32f4xx.o(.data) for SystemCoreClock
    led.o(.text) refers to stm32f4xx_rcc.o(.text) for RCC_AHB1PeriphClockCmd
    led.o(.text) refers to stm32f4xx_gpio.o(.text) for GPIO_Init
    key.o(.text) refers to stm32f4xx_rcc.o(.text) for RCC_AHB1PeriphClockCmd
    key.o(.text) refers to stm32f4xx_gpio.o(.text) for GPIO_Init
    key.o(.text) refers to delay.o(.text) for delay_ms
    key.o(.text) refers to key.o(.data) for key_up
    myiic.o(.text) refers to stm32f4xx_rcc.o(.text) for RCC_AHB1PeriphClockCmd
    myiic.o(.text) refers to stm32f4xx_gpio.o(.text) for GPIO_Init
    myiic.o(.text) refers to delay.o(.text) for delay_us
    mpu6050.o(.text) refers to myiic.o(.text) for IIC_Start
    mpu6050.o(.text) refers to delay.o(.text) for delay_ms
    mpu6050.o(.text) refers to dflt_clz.o(x$fpl$dflt) for __aeabi_i2d
    mpu6050.o(.text) refers to ddiv.o(x$fpl$ddiv) for __aeabi_ddiv
    mpu6050.o(.text) refers to daddsub_clz.o(x$fpl$dadd) for __aeabi_dadd
    mpu6050.o(.text) refers to d2f.o(x$fpl$d2f) for __aeabi_d2f
    inv_mpu.o(.text) refers to _printf_pad.o(.text) for _printf_pre_padding
    inv_mpu.o(.text) refers to _printf_percent.o(.ARM.Collect$$_printf_percent$$00000000) for _printf_percent
    inv_mpu.o(.text) refers to _printf_x.o(.ARM.Collect$$_printf_percent$$0000000C) for _printf_x
    inv_mpu.o(.text) refers to _printf_hex_int.o(.text) for _printf_longlong_hex
    inv_mpu.o(.text) refers to _printf_d.o(.ARM.Collect$$_printf_percent$$00000009) for _printf_d
    inv_mpu.o(.text) refers to _printf_dec.o(.text) for _printf_int_dec
    inv_mpu.o(.text) refers to mpu6050.o(.text) for MPU_Write_Len
    inv_mpu.o(.text) refers to noretval__2printf.o(.text) for __2printf
    inv_mpu.o(.text) refers to delay.o(.text) for delay_ms
    inv_mpu.o(.text) refers to inv_mpu.o(.data) for st
    inv_mpu.o(.text) refers to inv_mpu.o(.conststring) for .conststring
    inv_mpu.o(.text) refers to inv_mpu.o(.constdata) for test
    inv_mpu.o(.text) refers to llsdiv.o(.text) for __aeabi_ldivmod
    inv_mpu.o(.text) refers to memcmp.o(.text) for memcmp
    inv_mpu.o(.text) refers to inv_mpu_dmp_motion_driver.o(.text) for dmp_set_gyro_bias
    inv_mpu.o(.text) refers to myiic.o(.text) for IIC_Init
    inv_mpu.o(.text) refers to f2d.o(x$fpl$f2d) for __aeabi_f2d
    inv_mpu.o(.text) refers to asin.o(i.__hardfp_asin) for __hardfp_asin
    inv_mpu.o(.text) refers to dmul.o(x$fpl$dmul) for __aeabi_dmul
    inv_mpu.o(.text) refers to d2f.o(x$fpl$d2f) for __aeabi_d2f
    inv_mpu.o(.text) refers to atan2.o(i.__hardfp_atan2) for __hardfp_atan2
    inv_mpu.o(.data) refers to inv_mpu.o(.constdata) for reg
    inv_mpu_dmp_motion_driver.o(.text) refers to inv_mpu.o(.text) for mpu_load_firmware
    inv_mpu_dmp_motion_driver.o(.text) refers to inv_mpu_dmp_motion_driver.o(.constdata) for dmp_memory
    inv_mpu_dmp_motion_driver.o(.text) refers to inv_mpu_dmp_motion_driver.o(.bss) for dmp
    inv_mpu_dmp_motion_driver.o(.text) refers to aeabi_memset.o(.text) for __aeabi_memset
    pwm.o(.text) refers to stm32f4xx_rcc.o(.text) for RCC_APB1PeriphClockCmd
    pwm.o(.text) refers to stm32f4xx_gpio.o(.text) for GPIO_PinAFConfig
    pwm.o(.text) refers to stm32f4xx_tim.o(.text) for TIM_TimeBaseInit
    oled.o(.text) refers to oled.o(.bss) for OLED_GRAM
    oled.o(.text) refers to oled.o(.constdata) for asc2_1206
    oled.o(.text) refers to stm32f4xx_rcc.o(.text) for RCC_AHB1PeriphClockCmd
    oled.o(.text) refers to stm32f4xx_gpio.o(.text) for GPIO_Init
    oled.o(.text) refers to delay.o(.text) for delay_ms
    adc.o(.text) refers to stm32f4xx_rcc.o(.text) for RCC_AHB1PeriphClockCmd
    adc.o(.text) refers to stm32f4xx_gpio.o(.text) for GPIO_Init
    adc.o(.text) refers to stm32f4xx_adc.o(.text) for ADC_CommonInit
    adc.o(.text) refers to delay.o(.text) for delay_ms
[...]
    _get_lc_monetary                          - Undefined Weak Reference
    _get_lc_numeric                           - Undefined Weak Reference
    _get_lc_time                              - Undefined Weak Reference
    _getenv_init                              - Undefined Weak Reference
    _handle_redirection                       - Undefined Weak Reference
    _init_alloc                               - Undefined Weak Reference
    _init_user_alloc                          - Undefined Weak Reference
    _initio                                   - Undefined Weak Reference
    _mutex_acquire                            - Undefined Weak Reference
    _mutex_release                            - Undefined Weak Reference
    _printf_mbtowc                            - Undefined Weak Reference
    _printf_truncate_signed                   - Undefined Weak Reference
    _printf_truncate_unsigned                 - Undefined Weak Reference
    _rand_init                                - Undefined Weak Reference
    _signal_finish                            - Undefined Weak Reference
    _signal_init                              - Undefined Weak Reference
    _terminate_alloc                          - Undefined Weak Reference
    _terminate_user_alloc                     - Undefined Weak Reference
    _terminateio                              - Undefined Weak Reference
    __Vectors_Size                           0x00000188   Number         0  startup_stm32f40_41xxx.o ABSOLUTE
    __Vectors                                0x08000000   Data           4  startup_stm32f40_41xxx.o(RESET)
    __Vectors_End                            0x08000188   Data           0  startup_stm32f40_41xxx.o(RESET)
    __main                                   0x08000189   Thumb Code     8  __main.o(!!!main)
    __scatterload                            0x08000191   Thumb Code     0  __scatter.o(!!!scatter)
    __scatterload_rt2                        0x08000191   Thumb Code    44  __scatter.o(!!!scatter)
    __scatterload_rt2_thumb_only             0x08000191   Thumb Code     0  __scatter.o(!!!scatter)
    __scatterload_null                       0x0800019f   Thumb Code     0  __scatter.o(!!!scatter)
    __decompress                             0x080001c5   Thumb Code    90  __dczerorl2.o(!!dczerorl2)
    __decompress1                            0x080001c5   Thumb Code     0  __dczerorl2.o(!!dczerorl2)
    __scatterload_zeroinit                   0x08000221   Thumb Code    28  __scatter_zi.o(!!handler_zi)
    _printf_d                                0x0800023d   Thumb Code     0  _printf_d.o(.ARM.Collect$$_printf_percent$$00000009)
    _printf_percent                          0x0800023d   Thumb Code     0  _printf_percent.o(.ARM.Collect$$_printf_percent$$00000000)
    _printf_u                                0x08000243   Thumb Code     0  _printf_u.o(.ARM.Collect$$_printf_percent$$0000000A)
    _printf_x                                0x08000249   Thumb Code     0  _printf_x.o(.ARM.Collect$$_printf_percent$$0000000C)
    _printf_c                                0x0800024f   Thumb Code     0  _printf_c.o(.ARM.Collect$$_printf_percent$$00000013)
    _printf_s                                0x08000255   Thumb Code     0  _printf_s.o(.ARM.Collect$$_printf_percent$$00000014)
    _printf_percent_end                      0x0800025b   Thumb Code     0  _printf_percent_end.o(.ARM.Collect$$_printf_percent$$00000017)
    __rt_lib_init                            0x0800025f   Thumb Code     0  libinit.o(.ARM.Collect$$libinit$$00000000)
    __rt_lib_init_fp_1                       0x08000261   Thumb Code     0  libinit2.o(.ARM.Collect$$libinit$$00000001)
    __rt_lib_init_alloca_1                   0x08000265   Thumb Code     0  libinit2.o(.ARM.Collect$$libinit$$0000002E)
    __rt_lib_init_argv_1                     0x08000265   Thumb Code     0  libinit2.o(.ARM.Collect$$libinit$$0000002C)
    __rt_lib_init_atexit_1                   0x08000265   Thumb Code     0  libinit2.o(.ARM.Collect$$libinit$$0000001B)
    __rt_lib_init_clock_1                    0x08000265   Thumb Code     0  libinit2.o(.ARM.Collect$$libinit$$00000021)
    __rt_lib_init_cpp_1                      0x08000265   Thumb Code     0  libinit2.o(.ARM.Collect$$libinit$$00000032)
    __rt_lib_init_exceptions_1               0x08000265   Thumb Code     0  libinit2.o(.ARM.Collect$$libinit$$00000030)
    __rt_lib_init_fp_trap_1                  0x08000265   Thumb Code     0  libinit2.o(.ARM.Collect$$libinit$$0000001F)
    __rt_lib_init_getenv_1                   0x08000265   Thumb Code     0  libinit2.o(.ARM.Collect$$libinit$$00000023)
    __rt_lib_init_heap_1                     0x08000265   Thumb Code     0  libinit2.o(.ARM.Collect$$libinit$$0000000A)
    __rt_lib_init_lc_collate_1               0x08000265   Thumb Code     0  libinit2.o(.ARM.Collect$$libinit$$00000011)
    __rt_lib_init_lc_ctype_1                 0x08000265   Thumb Code     0  libinit2.o(.ARM.Collect$$libinit$$00000013)
    __rt_lib_init_lc_monetary_1              0x08000265   Thumb Code     0  libinit2.o(.ARM.Collect$$libinit$$00000015)
    __rt_lib_init_lc_numeric_1               0x08000265   Thumb Code     0  libinit2.o(.ARM.Collect$$libinit$$00000017)
    __rt_lib_init_lc_time_1                  0x08000265   Thumb Code     0  libinit2.o(.ARM.Collect$$libinit$$00000019)
    __rt_lib_init_preinit_1                  0x08000265   Thumb Code     0  libinit2.o(.ARM.Collect$$libinit$$00000004)
    __rt_lib_init_rand_1                     0x08000265   Thumb Code     0  libinit2.o(.ARM.Collect$$libinit$$0000000E)
    __rt_lib_init_return                     0x08000265   Thumb Code     0  libinit2.o(.ARM.Collect$$libinit$$00000033)
    __rt_lib_init_signal_1                   0x08000265   Thumb Code     0  libinit2.o(.ARM.Collect$$libinit$$0000001D)
    __rt_lib_init_stdio_1                    0x08000265   Thumb Code     0  libinit2.o(.ARM.Collect$$libinit$$00000025)
    __rt_lib_init_user_alloc_1               0x08000265   Thumb Code     0  libinit2.o(.ARM.Collect$$libinit$$0000000C)
    __rt_lib_shutdown                        0x08000267   Thumb Code     0  libshutdown.o(.ARM.Collect$$libshutdown$$00000000)
    __rt_lib_shutdown_fp_trap_1              0x08000269   Thumb Code     0  libshutdown2.o(.ARM.Collect$$libshutdown$$00000006)
    __rt_lib_shutdown_heap_1                 0x08000269   Thumb Code     0  libshutdown2.o(.ARM.Collect$$libshutdown$$0000000E)
    __rt_lib_shutdown_return                 0x08000269   Thumb Code     0  libshutdown2.o(.ARM.Collect$$libshutdown$$0000000F)
    __rt_lib_shutdown_signal_1               0x08000269   Thumb Code     0  libshutdown2.o(.ARM.Collect$$libshutdown$$00000009)
    __rt_lib_shutdown_stdio_1                0x08000269   Thumb Code     0  libshutdown2.o(.ARM.Collect$$libshutdown$$00000003)
    __rt_lib_shutdown_user_alloc_1           0x08000269   Thumb Code     0  libshutdown2.o(.ARM.Collect$$libshutdown$$0000000B)
    __rt_entry                               0x0800026b   Thumb Code     0  __rtentry.o(.ARM.Collect$$rtentry$$00000000)
    __rt_entry_presh_1                       0x0800026b   Thumb Code     0  __rtentry2.o(.ARM.Collect$$rtentry$$00000002)
    __rt_entry_sh                            0x0800026b   Thumb Code     0  __rtentry4.o(.ARM.Collect$$rtentry$$00000004)
    __rt_entry_li                            0x08000271   Thumb Code     0  __rtentry2.o(.ARM.Collect$$rtentry$$0000000A)
    __rt_entry_postsh_1                      0x08000271   Thumb Code     0  __rtentry2.o(.ARM.Collect$$rtentry$$00000009)
    __rt_entry_main                          0x08000275   Thumb Code     0  __rtentry2.o(.ARM.Collect$$rtentry$$0000000D)
    __rt_entry_postli_1                      0x08000275   Thumb Code     0  __rtentry2.o(.ARM.Collect$$rtentry$$0000000C)
    __rt_exit                                0x0800027d   Thumb Code     0  rtexit.o(.ARM.Collect$$rtexit$$00000000)
    __rt_exit_ls                             0x0800027f   Thumb Code     0  rtexit2.o(.ARM.Collect$$rtexit$$00000003)
    __rt_exit_prels_1                        0x0800027f   Thumb Code     0  rtexit2.o(.ARM.Collect$$rtexit$$00000002)
    __rt_exit_exit                           0x08000283   Thumb Code     0  rtexit2.o(.ARM.Collect$$rtexit$$00000004)
    usart1_send_char                         0x08000289   Thumb Code    28  main.o(.text)
    usart1_niming_report                     0x080002a5   Thumb Code   118  main.o(.text)
    mpu6050_send_data                        0x0800031b   Thumb Code   110  main.o(.text)
    usart1_report_imu                        0x08000389   Thumb Code   192  main.o(.text)
    Xianfu_Pwm                               0x08000449   Thumb Code    82  main.o(.text)
    PD                                       0x0800049b   Thumb Code   308  main.o(.text)
    send_bluetooth                           0x080005cf   Thumb Code    98  main.o(.text)
    main                                     0x08000631   Thumb Code  1062  main.o(.text)
    NMI_Handler                              0x08000ae9   Thumb Code     2  stm32f4xx_it.o(.text)
    HardFault_Handler                        0x08000aeb   Thumb Code     4  stm32f4xx_it.o(.text)
    MemManage_Handler                        0x08000aef   Thumb Code     4  stm32f4xx_it.o(.text)
    BusFault_Handler                         0x08000af3   Thumb Code     4  stm32f4xx_it.o(.text)
    UsageFault_Handler                       0x08000af7   Thumb Code     4  stm32f4xx_it.o(.text)
    SVC_Handler                              0x08000afb   Thumb Code     2  stm32f4xx_it.o(.text)
    DebugMon_Handler                         0x08000afd   Thumb Code     2  stm32f4xx_it.o(.text)
    PendSV_Handler                           0x08000aff   Thumb Code     2  stm32f4xx_it.o(.text)
    SysTick_Handler                          0x08000b01   Thumb Code     2  stm32f4xx_it.o(.text)
    SystemInit                               0x08000be1   Thumb Code    88  system_stm32f4xx.o(.text)
    SystemCoreClockUpdate                    0x08000c39   Thumb Code   174  system_stm32f4xx.o(.text)
    LED_Init                                 0x08000d15   Thumb Code    60  led.o(.text)
    KEY_Init                                 0x08000d55   Thumb Code    60  key.o(.text)
    KEY_Scan                                 0x08000d91   Thumb Code   188  key.o(.text)
    IIC_Init                                 0x08000e59   Thumb Code    62  myiic.o(.text)
    IIC_Start                                0x08000e97   Thumb Code    68  myiic.o(.text)
    IIC_Stop                                 0x08000edb   Thumb Code    62  myiic.o(.text)
    IIC_Wait_Ack                             0x08000f19   Thumb Code    82  myiic.o(.text)
    IIC_Ack                                  0x08000f6b   Thumb Code    66  myiic.o(.text)
    IIC_NAck                                 0x08000fad   Thumb Code    66  myiic.o(.text)
    IIC_Send_Byte                            0x08000fef   Thumb Code    90  myiic.o(.text)
    IIC_Read_Byte                            0x08001049   Thumb Code    94  myiic.o(.text)
    MPU_Write_Byte                           0x080010b5   Thumb Code    68  mpu6050.o(.text)
    MPU_Set_LPF                              0x080010f9   Thumb Code    58  mpu6050.o(.text)
    MPU_Set_Rate                             0x08001133   Thumb Code    58  mpu6050.o(.text)
    MPU_Read_Byte                            0x0800116d   Thumb Code    58  mpu6050.o(.text)
    MPU_Set_Accel_Fsr                        0x080011a7   Thumb Code    16  mpu6050.o(.text)
    MPU_Set_Gyro_Fsr                         0x080011b7   Thumb Code    16  mpu6050.o(.text)
    MPU_Init                                 0x080011c7   Thumb Code   122  mpu6050.o(.text)
    MPU_Read_Len                             0x08001241   Thumb Code   116  mpu6050.o(.text)
    MPU_Get_Temperature                      0x080012b5   Thumb Code   110  mpu6050.o(.text)
    MPU_Get_Gyroscope                        0x08001323   Thumb Code    80  mpu6050.o(.text)
    MPU_Get_Accelerometer                    0x08001373   Thumb Code    80  mpu6050.o(.text)
    MPU_Write_Len                            0x080013c3   Thumb Code    96  mpu6050.o(.text)
    mpu_reg_dump                             0x080014c3   Thumb Code    84  inv_mpu.o(.text)
    mpu_read_reg                             0x08001517   Thumb Code    66  inv_mpu.o(.text)
    mpu_set_int_latched                      0x08001559   Thumb Code   102  inv_mpu.o(.text)
    mpu_set_sensors                          0x080015bf   Thumb Code   202  inv_mpu.o(.text)
    mpu_set_bypass                           0x08001689   Thumb Code   328  inv_mpu.o(.text)
    mpu_reset_fifo                           0x080017d1   Thumb Code   472  inv_mpu.o(.text)
    mpu_configure_fifo                       0x080019a9   Thumb Code   106  inv_mpu.o(.text)
    mpu_set_lpf                              0x08001a13   Thumb Code   126  inv_mpu.o(.text)
    mpu_lp_accel_mode                        0x08001a91   Thumb Code   218  inv_mpu.o(.text)
    mpu_set_sample_rate                      0x08001b6b   Thumb Code   152  inv_mpu.o(.text)
    mpu_set_accel_fsr                        0x08001c03   Thumb Code   132  inv_mpu.o(.text)
    mpu_set_gyro_fsr                         0x08001c87   Thumb Code   132  inv_mpu.o(.text)
    mpu_init                                 0x08001d0b   Thumb Code   416  inv_mpu.o(.text)
    mget_ms                                  0x08001eab   Thumb Code     2  inv_mpu.o(.text)
    mpu_get_gyro_reg                         0x08001ead   Thumb Code   110  inv_mpu.o(.text)
    mpu_get_accel_reg                        0x08001f1b   Thumb Code   110  inv_mpu.o(.text)
    mpu_get_temperature                      0x08001f89   Thumb Code   142  inv_mpu.o(.text)
    mpu_set_accel_bias                       0x08002017   Thumb Code   472  inv_mpu.o(.text)
    mpu_get_gyro_fsr                         0x080021ef   Thumb Code    64  inv_mpu.o(.text)
    mpu_get_accel_fsr                        0x0800222f   Thumb Code    72  inv_mpu.o(.text)
    mpu_get_lpf                              0x08002277   Thumb Code    74  inv_mpu.o(.text)
    mpu_get_sample_rate                      0x080022c1   Thumb Code    26  inv_mpu.o(.text)
    mpu_get_compass_sample_rate              0x080022db   Thumb Code    10  inv_mpu.o(.text)
    mpu_set_compass_sample_rate              0x080022e5   Thumb Code     8  inv_mpu.o(.text)
    mpu_get_gyro_sens                        0x080022ed   Thumb Code    74  inv_mpu.o(.text)
    mpu_get_accel_sens                       0x08002337   Thumb Code    78  inv_mpu.o(.text)
    mpu_get_fifo_config                      0x08002385   Thumb Code    12  inv_mpu.o(.text)
    mpu_get_power_state                      0x08002391   Thumb Code    22  inv_mpu.o(.text)
    mpu_get_int_status                       0x080023a7   Thumb Code    64  inv_mpu.o(.text)
    mpu_read_fifo                            0x080023e7   Thumb Code   520  inv_mpu.o(.text)
    mpu_read_fifo_stream                     0x080025ef   Thumb Code   186  inv_mpu.o(.text)
    mpu_set_int_level                        0x080026a9   Thumb Code    12  inv_mpu.o(.text)
    mpu_set_dmp_state                        0x08002db9   Thumb Code   138  inv_mpu.o(.text)
    mpu_run_self_test                        0x08002e43   Thumb Code   278  inv_mpu.o(.text)
    mpu_write_mem                            0x08002f59   Thumb Code   122  inv_mpu.o(.text)
    mpu_read_mem                             0x08002fd3   Thumb Code   122  inv_mpu.o(.text)
    mpu_load_firmware                        0x0800304d   Thumb Code   190  inv_mpu.o(.text)
    mpu_get_dmp_state                        0x0800310b   Thumb Code    14  inv_mpu.o(.text)
    setup_compass                            0x08003119   Thumb Code     6  inv_mpu.o(.text)
    mpu_get_compass_reg                      0x0800311f   Thumb Code     8  inv_mpu.o(.text)
    mpu_get_compass_fsr                      0x08003127   Thumb Code     8  inv_mpu.o(.text)
    mpu_lp_motion_interrupt                  0x0800312f   Thumb Code   512  inv_mpu.o(.text)
    run_self_test                            0x0800332f   Thumb Code   154  inv_mpu.o(.text)
    inv_row_2_scale                          0x080033c9   Thumb Code    78  inv_mpu.o(.text)
    inv_orientation_matrix_to_scalar         0x08003417   Thumb Code    40  inv_mpu.o(.text)
    mpu_dmp_init                             0x0800343f   Thumb Code   160  inv_mpu.o(.text)
    mpu_dmp_get_data                         0x080034df   Thumb Code   520  inv_mpu.o(.text)
    dmp_load_motion_driver_firmware          0x080036f9   Thumb Code    20  inv_mpu_dmp_motion_driver.o(.text)
    dmp_set_orientation                      0x0800370d   Thumb Code   290  inv_mpu_dmp_motion_driver.o(.text)
    dmp_set_gyro_bias                        0x0800382f   Thumb Code   294  inv_mpu_dmp_motion_driver.o(.text)
    dmp_set_accel_bias                       0x08003955   Thumb Code   300  inv_mpu_dmp_motion_driver.o(.text)
    dmp_set_fifo_rate                        0x08003a81   Thumb Code   136  inv_mpu_dmp_motion_driver.o(.text)
    dmp_get_fifo_rate                        0x08003b09   Thumb Code    12  inv_mpu_dmp_motion_driver.o(.text)
    dmp_set_tap_thresh                       0x08003b15   Thumb Code   412  inv_mpu_dmp_motion_driver.o(.text)
    dmp_set_tap_axes                         0x08003cb1   Thumb Code    70  inv_mpu_dmp_motion_driver.o(.text)
    dmp_set_tap_count                        0x08003cf7   Thumb Code    38  inv_mpu_dmp_motion_driver.o(.text)
    dmp_set_tap_time                         0x08003d1d   Thumb Code    38  inv_mpu_dmp_motion_driver.o(.text)
    dmp_set_tap_time_multi                   0x08003d43   Thumb Code    38  inv_mpu_dmp_motion_driver.o(.text)
    dmp_set_shake_reject_thresh              0x08003d69   Thumb Code    56  inv_mpu_dmp_motion_driver.o(.text)
    dmp_set_shake_reject_time                0x08003da1   Thumb Code    38  inv_mpu_dmp_motion_driver.o(.text)
    dmp_set_shake_reject_timeout             0x08003dc7   Thumb Code    38  inv_mpu_dmp_motion_driver.o(.text)
    dmp_get_pedometer_step_count             0x08003ded   Thumb Code    66  inv_mpu_dmp_motion_driver.o(.text)
    dmp_set_pedometer_step_count             0x08003e2f   Thumb Code    42  inv_mpu_dmp_motion_driver.o(.text)
    dmp_get_pedometer_walk_time              0x08003e59   Thumb Code    72  inv_mpu_dmp_motion_driver.o(.text)
    dmp_set_pedometer_walk_time              0x08003ea1   Thumb Code    48  inv_mpu_dmp_motion_driver.o(.text)
    dmp_enable_6x_lp_quat                    0x08003ed1   Thumb Code   100  inv_mpu_dmp_motion_driver.o(.text)
    dmp_enable_lp_quat                       0x08003f35   Thumb Code    60  inv_mpu_dmp_motion_driver.o(.text)
    dmp_enable_gyro_cal                      0x08003f71   Thumb Code    62  inv_mpu_dmp_motion_driver.o(.text)
    dmp_enable_feature                       0x08003faf   Thumb Code   530  inv_mpu_dmp_motion_driver.o(.text)
    dmp_get_enabled_features                 0x080041c1   Thumb Code    12  inv_mpu_dmp_motion_driver.o(.text)
    dmp_set_interrupt_mode                   0x0800422b   Thumb Code    66  inv_mpu_dmp_motion_driver.o(.text)
    dmp_read_fifo                            0x0800426d   Thumb Code   514  inv_mpu_dmp_motion_driver.o(.text)
    dmp_register_tap_cb                      0x0800446f   Thumb Code    10  inv_mpu_dmp_motion_driver.o(.text)
    dmp_register_android_orient_cb           0x08004479   Thumb Code    10  inv_mpu_dmp_motion_driver.o(.text)
    OLED_WR_Byte                             0x08004489   Thumb Code    78  oled.o(.text)
    OLED_Refresh_Gram                        0x080044d7   Thumb Code    70  oled.o(.text)
    OLED_Display_On                          0x0800451d   Thumb Code    28  oled.o(.text)
    OLED_Display_Off                         0x08004539   Thumb Code    28  oled.o(.text)
    OLED_Clear                               0x08004555   Thumb Code    42  oled.o(.text)
    OLED_DrawPoint                           0x0800457f   Thumb Code   100  oled.o(.text)
    OLED_Fill                                0x080045e3   Thumb Code    58  oled.o(.text)
    OLED_ShowChar                            0x0800461d   Thumb Code   270  oled.o(.text)
    OLED_Showzi                              0x0800472b   Thumb Code   178  oled.o(.text)
    mypow                                    0x080047dd   Thumb Code    22  oled.o(.text)
    OLED_ShowNum                             0x080047f3   Thumb Code   190  oled.o(.text)
    OLED_ShowString                          0x080048b1   Thumb Code    94  oled.o(.text)
    OLED_Showhanzi                           0x0800490f   Thumb Code    80  oled.o(.text)
    OLED_Init                                0x0800495f   Thumb Code   330  oled.o(.text)
    Adc_Init                                 0x08004ad1   Thumb Code   124  adc.o(.text)
    Adc2_PA4_Init                            0x08004b4d   Thumb Code   128  adc.o(.text)
    Get_ADC2_Adc                             0x08004bcd   Thumb Code    44  adc.o(.text)
    Get_Adc2_Average                         0x08004bf9   Thumb Code    46  adc.o(.text)
    Get_Adc                                  0x08004c27   Thumb Code    44  adc.o(.text)
    Get_Adc_Average                          0x08004c53   Thumb Code    46  adc.o(.text)
    delay_init                               0x08004c8d   Thumb Code    52  delay.o(.text)
    delay_us                                 0x08004cc1   Thumb Code    72  delay.o(.text)
    delay_xms                                0x08004d09   Thumb Code    72  delay.o(.text)
    delay_ms                                 0x08004d51   Thumb Code    56  delay.o(.text)
    _sys_exit                                0x08004d91   Thumb Code     6  usart.o(.text)
    fputc                                    0x08004d97   Thumb Code    22  usart.o(.text)
    uart_init                                0x08004dad   Thumb Code   164  usart.o(.text)
    uart3_init                               0x08004e51   Thumb Code   164  usart.o(.text)
    USART3_IRQHandler                        0x08004ef5   Thumb Code    32  usart.o(.text)
    USART1_IRQHandler                        0x08004f15   Thumb Code   122  usart.o(.text)
    Reset_Handler                            0x08004fa9   Thumb Code     8  startup_stm32f40_41xxx.o(.text)
    ADC_IRQHandler                           0x08004fc3   Thumb Code     0  startup_stm32f40_41xxx.o(.text)
    CAN1_RX0_IRQHandler                      0x08004fc3   Thumb Code     0  startup_stm32f40_41xxx.o(.text)
    CAN1_RX1_IRQHandler                      0x08004fc3   Thumb Code     0  startup_stm32f40_41xxx.o(.text)
    CAN1_SCE_IRQHandler                      0x08004fc3   Thumb Code     0  startup_stm32f40_41xxx.o(.text)
    CAN1_TX_IRQHandler                       0x08004fc3   Thumb Code     0  startup_stm32f40_41xxx.o(.text)
    CAN2_RX0_IRQHandler                      0x08004fc3   Thumb Code     0  startup_stm32f40_41xxx.o(.text)
    CAN2_RX1_IRQHandler                      0x08004fc3   Thumb Code     0  startup_stm32f40_41xxx.o(.text)
    CAN2_SCE_IRQHandler                      0x08004fc3   Thumb Code     0  startup_stm32f40_41xxx.o(.text)
    CAN2_TX_IRQHandler                       0x08004fc3   Thumb Code     0  startup_stm32f40_41xxx.o(.text)
    CRYP_IRQHandler                          0x08004fc3   Thumb Code     0  startup_stm32f40_41xxx.o(.text)
    DCMI_IRQHandler                          0x08004fc3   Thumb Code     0  startup_stm32f40_41xxx.o(.text)
    DMA1_Stream0_IRQHandler                  0x08004fc3   Thumb Code     0  startup_stm32f40_41xxx.o(.text)
    DMA1_Stream1_IRQHandler                  0x08004fc3   Thumb Code     0  startup_stm32f40_41xxx.o(.text)
    DMA1_Stream2_IRQHandler                  0x08004fc3   Thumb Code     0  startup_stm32f40_41xxx.o(.text)
    DMA1_Stream3_IRQHandler                  0x08004fc3   Thumb Code     0  startup_stm32f40_41xxx.o(.text)
    DMA1_Stream4_IRQHandler                  0x08004fc3   Thumb Code     0  startup_stm32f40_41xxx.o(.text)
    DMA1_Stream5_IRQHandler                  0x08004fc3   Thumb Code     0  startup_stm32f40_41xxx.o(.text)
    DMA1_Stream6_IRQHandler                  0x08004fc3   Thumb Code     0  startup_stm32f40_41xxx.o(.text)
    DMA1_Stream7_IRQHandler                  0x08004fc3   Thumb Code     0  startup_stm32f40_41xxx.o(.text)
    DMA2_Stream0_IRQHandler                  0x08004fc3   Thumb Code     0  startup_stm32f40_41xxx.o(.text)
    DMA2_Stream1_IRQHandler                  0x08004fc3   Thumb Code     0  startup_stm32f40_41xxx.o(.text)
    DMA2_Stream2_IRQHandler                  0x08004fc3   Thumb Code     0  startup_stm32f40_41xxx.o(.text)
    DMA2_Stream3_IRQHandler                  0x08004fc3   Thumb Code     0  startup_stm32f40_41xxx.o(.text)
    DMA2_Stream4_IRQHandler                  0x08004fc3   Thumb Code     0  startup_stm32f40_41xxx.o(.text)
    DMA2_Stream5_IRQHandler                  0x08004fc3   Thumb Code     0  startup_stm32f40_41xxx.o(.text)
    DMA2_Stream6_IRQHandler                  0x08004fc3   Thumb Code     0  startup_stm32f40_41xxx.o(.text)
    DMA2_Stream7_IRQHandler                  0x08004fc3   Thumb Code     0  startup_stm32f40_41xxx.o(.text)
    ETH_IRQHandler                           0x08004fc3   Thumb Code     0  startup_stm32f40_41xxx.o(.text)
    ETH_WKUP_IRQHandler                      0x08004fc3   Thumb Code     0  startup_stm32f40_41xxx.o(.text)
    EXTI0_IRQHandler                         0x08004fc3   Thumb Code     0  startup_stm32f40_41xxx.o(.text)
    EXTI15_10_IRQHandler                     0x08004fc3   Thumb Code     0  startup_stm32f40_41xxx.o(.text)
    EXTI1_IRQHandler                         0x08004fc3   Thumb Code     0  startup_stm32f40_41xxx.o(.text)
    EXTI2_IRQHandler                         0x08004fc3   Thumb Code     0  startup_stm32f40_41xxx.o(.text)
    EXTI3_IRQHandler                         0x08004fc3   Thumb Code     0  startup_stm32f40_41xxx.o(.text)
    EXTI4_IRQHandler                         0x08004fc3   Thumb Code     0  startup_stm32f40_41xxx.o(.text)
    EXTI9_5_IRQHandler                       0x08004fc3   Thumb Code     0  startup_stm32f40_41xxx.o(.text)
    FLASH_IRQHandler                         0x08004fc3   Thumb Code     0  startup_stm32f40_41xxx.o(.text)
    FPU_IRQHandler                           0x08004fc3   Thumb Code     0  startup_stm32f40_41xxx.o(.text)
    FSMC_IRQHandler                          0x08004fc3   Thumb Code     0  startup_stm32f40_41xxx.o(.text)
    HASH_RNG_IRQHandler                      0x08004fc3   Thumb Code     0  startup_stm32f40_41xxx.o(.text)
    I2C1_ER_IRQHandler                       0x08004fc3   Thumb Code     0  startup_stm32f40_41xxx.o(.text)
    I2C1_EV_IRQHandler                       0x08004fc3   Thumb Code     0  startup_stm32f40_41xxx.o(.text)
    I2C2_ER_IRQHandler                       0x08004fc3   Thumb Code     0  startup_stm32f40_41xxx.o(.text)
    I2C2_EV_IRQHandler                       0x08004fc3   Thumb Code     0  startup_stm32f40_41xxx.o(.text)
    I2C3_ER_IRQHandler                       0x08004fc3   Thumb Code     0  startup_stm32f40_41xxx.o(.text)
    I2C3_EV_IRQHandler                       0x08004fc3   Thumb Code     0  startup_stm32f40_41xxx.o(.text)
    OTG_FS_IRQHandler                        0x08004fc3   Thumb Code     0  startup_stm32f40_41xxx.o(.text)
    OTG_FS_WKUP_IRQHandler                   0x08004fc3   Thumb Code     0  startup_stm32f40_41xxx.o(.text)
    OTG_HS_EP1_IN_IRQHandler                 0x08004fc3   Thumb Code     0  startup_stm32f40_41xxx.o(.text)
    OTG_HS_EP1_OUT_IRQHandler                0x08004fc3   Thumb Code     0  startup_stm32f40_41xxx.o(.text)
    OTG_HS_IRQHandler                        0x08004fc3   Thumb Code     0  startup_stm32f40_41xxx.o(.text)
    OTG_HS_WKUP_IRQHandler                   0x08004fc3   Thumb Code     0  startup_stm32f40_41xxx.o(.text)
    PVD_IRQHandler                           0x08004fc3   Thumb Code     0  startup_stm32f40_41xxx.o(.text)
    RCC_IRQHandler                           0x08004fc3   Thumb Code     0  startup_stm32f40_41xxx.o(.text)
    RTC_Alarm_IRQHandler                     0x08004fc3   Thumb Code     0  startup_stm32f40_41xxx.o(.text)
    RTC_WKUP_IRQHandler                      0x08004fc3   Thumb Code     0  startup_stm32f40_41xxx.o(.text)
    SDIO_IRQHandler                          0x08004fc3   Thumb Code     0  startup_stm32f40_41xxx.o(.text)
    SPI1_IRQHandler                          0x08004fc3   Thumb Code     0  startup_stm32f40_41xxx.o(.text)
    SPI2_IRQHandler                          0x08004fc3   Thumb Code     0  startup_stm32f40_41xxx.o(.text)
    SPI3_IRQHandler                          0x08004fc3   Thumb Code     0  startup_stm32f40_41xxx.o(.text)
    TAMP_STAMP_IRQHandler                    0x08004fc3   Thumb Code     0  startup_stm32f40_41xxx.o(.text)
    TIM1_BRK_TIM9_IRQHandler                 0x08004fc3   Thumb Code     0  startup_stm32f40_41xxx.o(.text)
    TIM1_CC_IRQHandler                       0x08004fc3   Thumb Code     0  startup_stm32f40_41xxx.o(.text)
    TIM1_TRG_COM_TIM11_IRQHandler            0x08004fc3   Thumb Code     0  startup_stm32f40_41xxx.o(.text)
    TIM1_UP_TIM10_IRQHandler                 0x08004fc3   Thumb Code     0  startup_stm32f40_41xxx.o(.text)
    TIM2_IRQHandler                          0x08004fc3   Thumb Code     0  startup_stm32f40_41xxx.o(.text)
    TIM3_IRQHandler                          0x08004fc3   Thumb Code     0  startup_stm32f40_41xxx.o(.text)
    TIM5_IRQHandler                          0x08004fc3   Thumb Code     0  startup_stm32f40_41xxx.o(.text)
    TIM6_DAC_IRQHandler                      0x08004fc3   Thumb Code     0  startup_stm32f40_41xxx.o(.text)
    TIM7_IRQHandler                          0x08004fc3   Thumb Code     0  startup_stm32f40_41xxx.o(.text)
    TIM8_BRK_TIM12_IRQHandler                0x08004fc3   Thumb Code     0  startup_stm32f40_41xxx.o(.text)
    TIM8_CC_IRQHandler                       0x08004fc3   Thumb Code     0  startup_stm32f40_41xxx.o(.text)
    TIM8_TRG_COM_TIM14_IRQHandler            0x08004fc3   Thumb Code     0  startup_stm32f40_41xxx.o(.text)
    TIM8_UP_TIM13_IRQHandler                 0x08004fc3   Thumb Code     0  startup_stm32f40_41xxx.o(.text)
    UART4_IRQHandler                         0x08004fc3   Thumb Code     0  startup_stm32f40_41xxx.o(.text)
    UART5_IRQHandler                         0x08004fc3   Thumb Code     0  startup_stm32f40_41xxx.o(.text)
    USART2_IRQHandler                        0x08004fc3   Thumb Code     0  startup_stm32f40_41xxx.o(.text)
    USART6_IRQHandler                        0x08004fc3   Thumb Code     0  startup_stm32f40_41xxx.o(.text)
    WWDG_IRQHandler                          0x08004fc3   Thumb Code     0  startup_stm32f40_41xxx.o(.text)
    __user_initial_stackheap                 0x08004fc5   Thumb Code     0  startup_stm32f40_41xxx.o(.text)
    NVIC_PriorityGroupConfig                 0x08004fe9   Thumb Code    10  misc.o(.text)
    NVIC_Init                                0x08004ff3   Thumb Code   106  misc.o(.text)
    NVIC_SetVectorTable                      0x0800505d   Thumb Code    14  misc.o(.text)
    NVIC_SystemLPConfig                      0x0800506b   Thumb Code    34  misc.o(.text)
    SysTick_CLKSourceConfig                  0x0800508d   Thumb Code    40  misc.o(.text)
    GPIO_DeInit                              0x080050c9   Thumb Code   268  stm32f4xx_gpio.o(.text)
    GPIO_Init                                0x080051d5   Thumb Code   144  stm32f4xx_gpio.o(.text)
    GPIO_StructInit                          0x08005265   Thumb Code    18  stm32f4xx_gpio.o(.text)
    GPIO_PinLockConfig                       0x08005277   Thumb Code    34  stm32f4xx_gpio.o(.text)
    GPIO_ReadInputDataBit                    0x08005299   Thumb Code    18  stm32f4xx_gpio.o(.text)
    GPIO_ReadInputData                       0x080052ab   Thumb Code     8  stm32f4xx_gpio.o(.text)
    GPIO_ReadOutputDataBit                   0x080052b3   Thumb Code    18  stm32f4xx_gpio.o(.text)
    GPIO_ReadOutputData                      0x080052c5   Thumb Code     8  stm32f4xx_gpio.o(.text)
    GPIO_SetBits                             0x080052cd   Thumb Code     4  stm32f4xx_gpio.o(.text)
    GPIO_ResetBits                           0x080052d1   Thumb Code     4  stm32f4xx_gpio.o(.text)
    GPIO_WriteBit                            0x080052d5   Thumb Code    10  stm32f4xx_gpio.o(.text)
    GPIO_Write                               0x080052df   Thumb Code     4  stm32f4xx_gpio.o(.text)
    GPIO_ToggleBits                          0x080052e3   Thumb Code     8  stm32f4xx_gpio.o(.text)
    GPIO_PinAFConfig                         0x080052eb   Thumb Code    70  stm32f4xx_gpio.o(.text)
    RCC_DeInit                               0x0800535d   Thumb Code    82  stm32f4xx_rcc.o(.text)
    RCC_HSEConfig                            0x080053af   Thumb Code    14  stm32f4xx_rcc.o(.text)
    RCC_GetFlagStatus                        0x080053bd   Thumb Code    60  stm32f4xx_rcc.o(.text)
    RCC_WaitForHSEStartUp                    0x080053f9   Thumb Code    56  stm32f4xx_rcc.o(.text)
    RCC_AdjustHSICalibrationValue            0x08005431   Thumb Code    20  stm32f4xx_rcc.o(.text)
    RCC_HSICmd                               0x08005445   Thumb Code     6  stm32f4xx_rcc.o(.text)
    RCC_LSEConfig                            0x0800544b   Thumb Code    46  stm32f4xx_rcc.o(.text)
    RCC_LSICmd                               0x08005479   Thumb Code     6  stm32f4xx_rcc.o(.text)
    RCC_PLLConfig                            0x0800547f   Thumb Code    32  stm32f4xx_rcc.o(.text)
    RCC_PLLCmd                               0x0800549f   Thumb Code     6  stm32f4xx_rcc.o(.text)
    RCC_PLLI2SConfig                         0x080054a5   Thumb Code    14  stm32f4xx_rcc.o(.text)
    RCC_PLLI2SCmd                            0x080054b3   Thumb Code     6  stm32f4xx_rcc.o(.text)
    RCC_PLLSAIConfig                         0x080054b9   Thumb Code    20  stm32f4xx_rcc.o(.text)
    RCC_PLLSAICmd                            0x080054cd   Thumb Code     6  stm32f4xx_rcc.o(.text)
    RCC_ClockSecuritySystemCmd               0x080054d3   Thumb Code     6  stm32f4xx_rcc.o(.text)
    RCC_MCO1Config                           0x080054d9   Thumb Code    28  stm32f4xx_rcc.o(.text)
    RCC_MCO2Config                           0x080054f5   Thumb Code    28  stm32f4xx_rcc.o(.text)
    RCC_SYSCLKConfig                         0x08005511   Thumb Code    20  stm32f4xx_rcc.o(.text)
    RCC_GetSYSCLKSource                      0x08005525   Thumb Code    12  stm32f4xx_rcc.o(.text)
    RCC_HCLKConfig                           0x08005531   Thumb Code    20  stm32f4xx_rcc.o(.text)
    RCC_PCLK1Config                          0x08005545   Thumb Code    20  stm32f4xx_rcc.o(.text)
    RCC_PCLK2Config                          0x08005559   Thumb Code    22  stm32f4xx_rcc.o(.text)
    RCC_GetClocksFreq                        0x0800556f   Thumb Code   222  stm32f4xx_rcc.o(.text)
    RCC_RTCCLKConfig                         0x0800564d   Thumb Code    54  stm32f4xx_rcc.o(.text)
    RCC_RTCCLKCmd                            0x08005683   Thumb Code     8  stm32f4xx_rcc.o(.text)
    RCC_BackupResetCmd                       0x0800568b   Thumb Code     8  stm32f4xx_rcc.o(.text)
    RCC_I2SCLKConfig                         0x08005693   Thumb Code     6  stm32f4xx_rcc.o(.text)
    RCC_SAIPLLI2SClkDivConfig                0x08005699   Thumb Code    26  stm32f4xx_rcc.o(.text)
    RCC_SAIPLLSAIClkDivConfig                0x080056b3   Thumb Code    28  stm32f4xx_rcc.o(.text)
    RCC_SAIBlockACLKConfig                   0x080056cf   Thumb Code    20  stm32f4xx_rcc.o(.text)
    RCC_SAIBlockBCLKConfig                   0x080056e3   Thumb Code    20  stm32f4xx_rcc.o(.text)
    RCC_LTDCCLKDivConfig                     0x080056f7   Thumb Code    20  stm32f4xx_rcc.o(.text)
    RCC_TIMCLKPresConfig                     0x0800570b   Thumb Code     6  stm32f4xx_rcc.o(.text)
    RCC_AHB1PeriphClockCmd                   0x08005711   Thumb Code    34  stm32f4xx_rcc.o(.text)
    RCC_AHB2PeriphClockCmd                   0x08005733   Thumb Code    78  stm32f4xx_rcc.o(.text)
    RCC_AHB3PeriphClockCmd                   0x08005781   Thumb Code    34  stm32f4xx_rcc.o(.text)
    RCC_APB1PeriphClockCmd                   0x080057a3   Thumb Code    34  stm32f4xx_rcc.o(.text)
    RCC_APB2PeriphClockCmd                   0x080057c5   Thumb Code    34  stm32f4xx_rcc.o(.text)
    RCC_AHB1PeriphResetCmd                   0x080057e7   Thumb Code    34  stm32f4xx_rcc.o(.text)
    RCC_AHB2PeriphResetCmd                   0x08005809   Thumb Code    34  stm32f4xx_rcc.o(.text)
    RCC_AHB3PeriphResetCmd                   0x0800582b   Thumb Code    34  stm32f4xx_rcc.o(.text)
    RCC_APB1PeriphResetCmd                   0x0800584d   Thumb Code    34  stm32f4xx_rcc.o(.text)
    RCC_APB2PeriphResetCmd                   0x0800586f   Thumb Code    34  stm32f4xx_rcc.o(.text)
    RCC_AHB1PeriphClockLPModeCmd             0x08005891   Thumb Code    34  stm32f4xx_rcc.o(.text)
    RCC_AHB2PeriphClockLPModeCmd             0x080058b3   Thumb Code    34  stm32f4xx_rcc.o(.text)
    RCC_AHB3PeriphClockLPModeCmd             0x080058d5   Thumb Code    34  stm32f4xx_rcc.o(.text)
    RCC_APB1PeriphClockLPModeCmd             0x080058f7   Thumb Code    34  stm32f4xx_rcc.o(.text)
    RCC_APB2PeriphClockLPModeCmd             0x08005919   Thumb Code    34  stm32f4xx_rcc.o(.text)
    RCC_LSEModeConfig                        0x0800593b   Thumb Code    40  stm32f4xx_rcc.o(.text)
    RCC_ITConfig                             0x08005963   Thumb Code    34  stm32f4xx_rcc.o(.text)
    RCC_ClearFlag                            0x08005985   Thumb Code    18  stm32f4xx_rcc.o(.text)
    RCC_GetITStatus                          0x08005997   Thumb Code    22  stm32f4xx_rcc.o(.text)
    RCC_ClearITPendingBit                    0x080059ad   Thumb Code     8  stm32f4xx_rcc.o(.text)
    USART_DeInit                             0x080059b9   Thumb Code   206  stm32f4xx_usart.o(.text)
    USART_Init                               0x08005a87   Thumb Code   204  stm32f4xx_usart.o(.text)
    USART_StructInit                         0x08005b53   Thumb Code    24  stm32f4xx_usart.o(.text)
    USART_ClockInit                          0x08005b6b   Thumb Code    32  stm32f4xx_usart.o(.text)
    USART_ClockStructInit                    0x08005b8b   Thumb Code    12  stm32f4xx_usart.o(.text)
    USART_Cmd                                0x08005b97   Thumb Code    24  stm32f4xx_usart.o(.text)
    USART_SetPrescaler                       0x08005baf   Thumb Code    16  stm32f4xx_usart.o(.text)
    USART_OverSampling8Cmd                   0x08005bbf   Thumb Code    22  stm32f4xx_usart.o(.text)
    USART_OneBitMethodCmd                    0x08005bd5   Thumb Code    24  stm32f4xx_usart.o(.text)
    USART_SendData                           0x08005bed   Thumb Code     8  stm32f4xx_usart.o(.text)
    USART_ReceiveData                        0x08005bf5   Thumb Code    10  stm32f4xx_usart.o(.text)
    USART_SetAddress                         0x08005bff   Thumb Code    18  stm32f4xx_usart.o(.text)
    USART_ReceiverWakeUpCmd                  0x08005c11   Thumb Code    24  stm32f4xx_usart.o(.text)
    USART_WakeUpConfig                       0x08005c29   Thumb Code    18  stm32f4xx_usart.o(.text)
    USART_LINBreakDetectLengthConfig         0x08005c3b   Thumb Code    18  stm32f4xx_usart.o(.text)
    USART_LINCmd                             0x08005c4d   Thumb Code    24  stm32f4xx_usart.o(.text)
    USART_SendBreak                          0x08005c65   Thumb Code    10  stm32f4xx_usart.o(.text)
    USART_HalfDuplexCmd                      0x08005c6f   Thumb Code    24  stm32f4xx_usart.o(.text)
    USART_SetGuardTime                       0x08005c87   Thumb Code    16  stm32f4xx_usart.o(.text)
    USART_SmartCardCmd                       0x08005c97   Thumb Code    24  stm32f4xx_usart.o(.text)
    USART_SmartCardNACKCmd                   0x08005caf   Thumb Code    24  stm32f4xx_usart.o(.text)
    USART_IrDAConfig                         0x08005cc7   Thumb Code    18  stm32f4xx_usart.o(.text)
    USART_IrDACmd                            0x08005cd9   Thumb Code    24  stm32f4xx_usart.o(.text)
    USART_DMACmd                             0x08005cf1   Thumb Code    18  stm32f4xx_usart.o(.text)
    USART_ITConfig                           0x08005d03   Thumb Code    74  stm32f4xx_usart.o(.text)
    USART_GetFlagStatus                      0x08005d4d   Thumb Code    26  stm32f4xx_usart.o(.text)
    USART_ClearFlag                          0x08005d67   Thumb Code    18  stm32f4xx_usart.o(.text)
    USART_GetITStatus                        0x08005d79   Thumb Code   118  stm32f4xx_usart.o(.text)
    USART_ClearITPendingBit                  0x08005def   Thumb Code    30  stm32f4xx_usart.o(.text)
    TIM_DeInit                               0x08005e0d   Thumb Code   346  stm32f4xx_tim.o(.text)
    TIM_TimeBaseInit                         0x08005f67   Thumb Code   104  stm32f4xx_tim.o(.text)
    TIM_TimeBaseStructInit                   0x08005fcf   Thumb Code    18  stm32f4xx_tim.o(.text)
    TIM_PrescalerConfig                      0x08005fe1   Thumb Code     6  stm32f4xx_tim.o(.text)
    TIM_CounterModeConfig                    0x08005fe7   Thumb Code    18  stm32f4xx_tim.o(.text)
    TIM_SetCounter                           0x08005ff9   Thumb Code     4  stm32f4xx_tim.o(.text)
    TIM_SetAutoreload                        0x08005ffd   Thumb Code     4  stm32f4xx_tim.o(.text)
    TIM_GetCounter                           0x08006001   Thumb Code     6  stm32f4xx_tim.o(.text)
    TIM_GetPrescaler                         0x08006007   Thumb Code     6  stm32f4xx_tim.o(.text)
    TIM_UpdateDisableConfig                  0x0800600d   Thumb Code    24  stm32f4xx_tim.o(.text)
    TIM_UpdateRequestConfig                  0x08006025   Thumb Code    24  stm32f4xx_tim.o(.text)
    TIM_ARRPreloadConfig                     0x0800603d   Thumb Code    24  stm32f4xx_tim.o(.text)
    TIM_SelectOnePulseMode                   0x08006055   Thumb Code    18  stm32f4xx_tim.o(.text)
    TIM_SetClockDivision                     0x08006067   Thumb Code    18  stm32f4xx_tim.o(.text)
    TIM_Cmd                                  0x08006079   Thumb Code    24  stm32f4xx_tim.o(.text)
    TIM_OC1Init                              0x08006091   Thumb Code   114  stm32f4xx_tim.o(.text)
    TIM_OC2Init                              0x08006103   Thumb Code   154  stm32f4xx_tim.o(.text)
    TIM_OC3Init                              0x0800619d   Thumb Code   204  stm32f4xx_tim.o(.text)
    TIM_OC4Init                              0x08006269   Thumb Code   112  stm32f4xx_tim.o(.text)
    TIM_OCStructInit                         0x080062d9   Thumb Code    20  stm32f4xx_tim.o(.text)
    TIM_SelectOCxM                           0x080062ed   Thumb Code    86  stm32f4xx_tim.o(.text)
    TIM_SetCompare1                          0x08006343   Thumb Code     4  stm32f4xx_tim.o(.text)
    TIM_SetCompare2                          0x08006347   Thumb Code     4  stm32f4xx_tim.o(.text)
    TIM_SetCompare3                          0x0800634b   Thumb Code     4  stm32f4xx_tim.o(.text)
    TIM_SetCompare4                          0x0800634f   Thumb Code     4  stm32f4xx_tim.o(.text)
    TIM_ForcedOC1Config                      0x08006353   Thumb Code    18  stm32f4xx_tim.o(.text)
    TIM_ForcedOC2Config                      0x08006365   Thumb Code    26  stm32f4xx_tim.o(.text)
    TIM_ForcedOC3Config                      0x0800637f   Thumb Code    18  stm32f4xx_tim.o(.text)
    TIM_ForcedOC4Config                      0x08006391   Thumb Code    26  stm32f4xx_tim.o(.text)
    TIM_OC1PreloadConfig                     0x080063ab   Thumb Code    18  stm32f4xx_tim.o(.text)
    TIM_OC2PreloadConfig                     0x080063bd   Thumb Code    26  stm32f4xx_tim.o(.text)
    TIM_OC3PreloadConfig                     0x080063d7   Thumb Code    18  stm32f4xx_tim.o(.text)
    TIM_OC4PreloadConfig                     0x080063e9   Thumb Code    26  stm32f4xx_tim.o(.text)
    TIM_OC1FastConfig                        0x08006403   Thumb Code    18  stm32f4xx_tim.o(.text)
    TIM_OC2FastConfig                        0x08006415   Thumb Code    26  stm32f4xx_tim.o(.text)
    TIM_OC3FastConfig                        0x0800642f   Thumb Code    18  stm32f4xx_tim.o(.text)
    TIM_OC4FastConfig                        0x08006441   Thumb Code    26  stm32f4xx_tim.o(.text)
    TIM_ClearOC1Ref                          0x0800645b   Thumb Code    18  stm32f4xx_tim.o(.text)
    TIM_ClearOC2Ref                          0x0800646d   Thumb Code    24  stm32f4xx_tim.o(.text)
    TIM_ClearOC3Ref                          0x08006485   Thumb Code    18  stm32f4xx_tim.o(.text)
    TIM_ClearOC4Ref                          0x08006497   Thumb Code    24  stm32f4xx_tim.o(.text)
    TIM_OC1PolarityConfig                    0x080064af   Thumb Code    18  stm32f4xx_tim.o(.text)
    TIM_OC1NPolarityConfig                   0x080064c1   Thumb Code    18  stm32f4xx_tim.o(.text)
    TIM_OC2PolarityConfig                    0x080064d3   Thumb Code    26  stm32f4xx_tim.o(.text)
    TIM_OC2NPolarityConfig                   0x080064ed   Thumb Code    26  stm32f4xx_tim.o(.text)
    TIM_OC3PolarityConfig                    0x08006507   Thumb Code    26  stm32f4xx_tim.o(.text)
    TIM_OC3NPolarityConfig                   0x08006521   Thumb Code    26  stm32f4xx_tim.o(.text)
    TIM_OC4PolarityConfig                    0x0800653b   Thumb Code    26  stm32f4xx_tim.o(.text)
    TIM_CCxCmd                               0x08006555   Thumb Code    30  stm32f4xx_tim.o(.text)
    TIM_CCxNCmd                              0x08006573   Thumb Code    30  stm32f4xx_tim.o(.text)
    TIM_SetIC4Prescaler                      0x08006591   Thumb Code    26  stm32f4xx_tim.o(.text)
    TIM_SetIC3Prescaler                      0x080065fb   Thumb Code    18  stm32f4xx_tim.o(.text)
    TIM_SetIC2Prescaler                      0x08006655   Thumb Code    26  stm32f4xx_tim.o(.text)
    TIM_SetIC1Prescaler                      0x080066c9   Thumb Code    18  stm32f4xx_tim.o(.text)
    TIM_ICInit                               0x08006715   Thumb Code   110  stm32f4xx_tim.o(.text)
    TIM_ICStructInit                         0x08006783   Thumb Code    18  stm32f4xx_tim.o(.text)
    TIM_PWMIConfig                           0x08006795   Thumb Code   124  stm32f4xx_tim.o(.text)
    TIM_GetCapture1                          0x08006811   Thumb Code     6  stm32f4xx_tim.o(.text)
    TIM_GetCapture2                          0x08006817   Thumb Code     6  stm32f4xx_tim.o(.text)
    TIM_GetCapture3                          0x0800681d   Thumb Code     6  stm32f4xx_tim.o(.text)
    TIM_GetCapture4                          0x08006823   Thumb Code     6  stm32f4xx_tim.o(.text)
    TIM_BDTRConfig                           0x08006829   Thumb Code    32  stm32f4xx_tim.o(.text)
    TIM_BDTRStructInit                       0x08006849   Thumb Code    18  stm32f4xx_tim.o(.text)
    TIM_CtrlPWMOutputs                       0x0800685b   Thumb Code    30  stm32f4xx_tim.o(.text)
    TIM_SelectCOM                            0x08006879   Thumb Code    24  stm32f4xx_tim.o(.text)
    TIM_CCPreloadControl                     0x08006891   Thumb Code    24  stm32f4xx_tim.o(.text)
    TIM_ITConfig                             0x080068a9   Thumb Code    18  stm32f4xx_tim.o(.text)
    TIM_GenerateEvent                        0x080068bb   Thumb Code     4  stm32f4xx_tim.o(.text)
    TIM_GetFlagStatus                        0x080068bf   Thumb Code    18  stm32f4xx_tim.o(.text)
    TIM_ClearFlag                            0x080068d1   Thumb Code     6  stm32f4xx_tim.o(.text)
    TIM_GetITStatus                          0x080068d7   Thumb Code    34  stm32f4xx_tim.o(.text)
    TIM_ClearITPendingBit                    0x080068f9   Thumb Code     6  stm32f4xx_tim.o(.text)
    TIM_DMAConfig                            0x080068ff   Thumb Code    10  stm32f4xx_tim.o(.text)
    TIM_DMACmd                               0x08006909   Thumb Code    18  stm32f4xx_tim.o(.text)
    TIM_SelectCCDMA                          0x0800691b   Thumb Code    24  stm32f4xx_tim.o(.text)
    TIM_InternalClockConfig                  0x08006933   Thumb Code    12  stm32f4xx_tim.o(.text)
    TIM_SelectInputTrigger                   0x0800693f   Thumb Code    18  stm32f4xx_tim.o(.text)
    TIM_ITRxExternalClockConfig              0x08006951   Thumb Code    24  stm32f4xx_tim.o(.text)
    TIM_TIxExternalClockConfig               0x08006969   Thumb Code    62  stm32f4xx_tim.o(.text)
    TIM_ETRConfig                            0x080069a7   Thumb Code    28  stm32f4xx_tim.o(.text)
    TIM_ETRClockMode1Config                  0x080069c3   Thumb Code    54  stm32f4xx_tim.o(.text)
    TIM_ETRClockMode2Config                  0x080069f9   Thumb Code    32  stm32f4xx_tim.o(.text)
    TIM_SelectOutputTrigger                  0x08006a19   Thumb Code    18  stm32f4xx_tim.o(.text)
    TIM_SelectSlaveMode                      0x08006a2b   Thumb Code    18  stm32f4xx_tim.o(.text)
    TIM_SelectMasterSlaveMode                0x08006a3d   Thumb Code    18  stm32f4xx_tim.o(.text)
    TIM_EncoderInterfaceConfig               0x08006a4f   Thumb Code    66  stm32f4xx_tim.o(.text)
    TIM_SelectHallSensor                     0x08006a91   Thumb Code    24  stm32f4xx_tim.o(.text)
    TIM_RemapConfig                          0x08006aa9   Thumb Code     6  stm32f4xx_tim.o(.text)
    ADC_DeInit                               0x08006ab1   Thumb Code    22  stm32f4xx_adc.o(.text)
    ADC_Init                                 0x08006ac7   Thumb Code    74  stm32f4xx_adc.o(.text)
    ADC_StructInit                           0x08006b11   Thumb Code    20  stm32f4xx_adc.o(.text)
    ADC_CommonInit                           0x08006b25   Thumb Code    34  stm32f4xx_adc.o(.text)
    ADC_CommonStructInit                     0x08006b47   Thumb Code    12  stm32f4xx_adc.o(.text)
    ADC_Cmd                                  0x08006b53   Thumb Code    22  stm32f4xx_adc.o(.text)
    ADC_AnalogWatchdogCmd                    0x08006b69   Thumb Code    16  stm32f4xx_adc.o(.text)
    ADC_AnalogWatchdogThresholdsConfig       0x08006b79   Thumb Code     6  stm32f4xx_adc.o(.text)
    ADC_AnalogWatchdogSingleChannelConfig    0x08006b7f   Thumb Code    16  stm32f4xx_adc.o(.text)
    ADC_TempSensorVrefintCmd                 0x08006b8f   Thumb Code    34  stm32f4xx_adc.o(.text)
    ADC_VBATCmd                              0x08006bb1   Thumb Code    34  stm32f4xx_adc.o(.text)
    ADC_RegularChannelConfig                 0x08006bd3   Thumb Code   184  stm32f4xx_adc.o(.text)
    ADC_SoftwareStartConv                    0x08006c8b   Thumb Code    10  stm32f4xx_adc.o(.text)
    ADC_GetSoftwareStartConvStatus           0x08006c95   Thumb Code    20  stm32f4xx_adc.o(.text)
    ADC_EOCOnEachRegularChannelCmd           0x08006ca9   Thumb Code    22  stm32f4xx_adc.o(.text)
    ADC_ContinuousModeCmd                    0x08006cbf   Thumb Code    22  stm32f4xx_adc.o(.text)
    ADC_DiscModeChannelCountConfig           0x08006cd5   Thumb Code    24  stm32f4xx_adc.o(.text)
    ADC_DiscModeCmd                          0x08006ced   Thumb Code    22  stm32f4xx_adc.o(.text)
    ADC_GetConversionValue                   0x08006d03   Thumb Code     8  stm32f4xx_adc.o(.text)
    ADC_GetMultiModeConversionValue          0x08006d0b   Thumb Code     8  stm32f4xx_adc.o(.text)
    ADC_DMACmd                               0x08006d13   Thumb Code    22  stm32f4xx_adc.o(.text)
    ADC_DMARequestAfterLastTransferCmd       0x08006d29   Thumb Code    22  stm32f4xx_adc.o(.text)
    ADC_MultiModeDMARequestAfterLastTransferCmd 0x08006d3f   Thumb Code    34  stm32f4xx_adc.o(.text)
    ADC_InjectedChannelConfig                0x08006d61   Thumb Code   130  stm32f4xx_adc.o(.text)
    ADC_InjectedSequencerLengthConfig        0x08006de3   Thumb Code    24  stm32f4xx_adc.o(.text)
    ADC_SetInjectedOffset                    0x08006dfb   Thumb Code    20  stm32f4xx_adc.o(.text)
    ADC_ExternalTrigInjectedConvConfig       0x08006e0f   Thumb Code    16  stm32f4xx_adc.o(.text)
    ADC_ExternalTrigInjectedConvEdgeConfig   0x08006e1f   Thumb Code    16  stm32f4xx_adc.o(.text)
    ADC_SoftwareStartInjectedConv            0x08006e2f   Thumb Code    10  stm32f4xx_adc.o(.text)
    ADC_GetSoftwareStartInjectedConvCmdStatus 0x08006e39   Thumb Code    20  stm32f4xx_adc.o(.text)
    ADC_AutoInjectedConvCmd                  0x08006e4d   Thumb Code    22  stm32f4xx_adc.o(.text)
    ADC_InjectedDiscModeCmd                  0x08006e63   Thumb Code    22  stm32f4xx_adc.o(.text)
    ADC_GetInjectedConversionValue           0x08006e79   Thumb Code    28  stm32f4xx_adc.o(.text)
    ADC_ITConfig                             0x08006e95   Thumb Code    56  stm32f4xx_adc.o(.text)
    ADC_GetFlagStatus                        0x08006ecd   Thumb Code    18  stm32f4xx_adc.o(.text)
    ADC_ClearFlag                            0x08006edf   Thumb Code     6  stm32f4xx_adc.o(.text)
    ADC_GetITStatus                          0x08006ee5   Thumb Code    38  stm32f4xx_adc.o(.text)
    ADC_ClearITPendingBit                    0x08006f0b   Thumb Code    10  stm32f4xx_adc.o(.text)
    usmart_sys_cmd_exe                       0x08006f15   Thumb Code  1554  usmart.o(.text)
    usmart_reset_runtime                     0x08007527   Thumb Code    38  usmart.o(.text)
    usmart_get_runtime                       0x0800754d   Thumb Code    60  usmart.o(.text)
    TIM4_IRQHandler                          0x08007589   Thumb Code    46  usmart.o(.text)
    Timer4_Init                              0x080075b7   Thumb Code    86  usmart.o(.text)
    usmart_init                              0x0800760d   Thumb Code    36  usmart.o(.text)
    usmart_cmd_rec                           0x08007631   Thumb Code   170  usmart.o(.text)
    usmart_exe                               0x080076db   Thumb Code   868  usmart.o(.text)
    usmart_scan                              0x08007a3f   Thumb Code   120  usmart.o(.text)
    read_addr                                0x08007ab7   Thumb Code     6  usmart.o(.text)
    write_addr                               0x08007abd   Thumb Code     4  usmart.o(.text)
    usmart_strcmp                            0x08007b49   Thumb Code    34  usmart_str.o(.text)
    usmart_strcopy                           0x08007b6b   Thumb Code    22  usmart_str.o(.text)
    usmart_strlen                            0x08007b81   Thumb Code    24  usmart_str.o(.text)
    usmart_pow                               0x08007b99   Thumb Code    22  usmart_str.o(.text)
    usmart_str2num                           0x08007baf   Thumb Code   202  usmart_str.o(.text)
    usmart_get_cmdname                       0x08007c79   Thumb Code    54  usmart_str.o(.text)
    usmart_search_nextc                      0x08007caf   Thumb Code    22  usmart_str.o(.text)
    usmart_get_fname                         0x08007cc5   Thumb Code   440  usmart_str.o(.text)
    usmart_get_aparm                         0x08007e7d   Thumb Code   200  usmart_str.o(.text)
    usmart_get_parmpos                       0x08007f45   Thumb Code    26  usmart_str.o(.text)
    usmart_get_fparam                        0x08007f5f   Thumb Code   262  usmart_str.o(.text)
    __use_no_semihosting                     0x08008071   Thumb Code     2  use_no_semi_2.o(.text)
    __aeabi_ldivmod                          0x08008073   Thumb Code     0  llsdiv.o(.text)
    _ll_sdiv                                 0x08008073   Thumb Code    72  llsdiv.o(.text)
    __2printf                                0x080080bd   Thumb Code    20  noretval__2printf.o(.text)
    _printf_pre_padding                      0x080080d5   Thumb Code    44  _printf_pad.o(.text)
    _printf_post_padding                     0x08008101   Thumb Code    34  _printf_pad.o(.text)
    _printf_str                              0x08008123   Thumb Code    82  _printf_str.o(.text)
    _printf_int_dec                          0x08008175   Thumb Code   104  _printf_dec.o(.text)
    _printf_int_hex                          0x080081ed   Thumb Code    84  _printf_hex_int.o(.text)
    _printf_longlong_hex                     0x080081ed   Thumb Code     0  _printf_hex_int.o(.text)
    __printf                                 0x08008245   Thumb Code   388  __printf_flags_ss_wp.o(.text)
    memcmp                                   0x080083cd   Thumb Code    88  memcmp.o(.text)
    __aeabi_memset                           0x08008425   Thumb Code    16  aeabi_memset.o(.text)
    __use_two_region_memory                  0x08008435   Thumb Code     2  heapauxi.o(.text)
    __rt_heap_escrow$2region                 0x08008437   Thumb Code     2  heapauxi.o(.text)
    __rt_heap_expand$2region                 0x08008439   Thumb Code     2  heapauxi.o(.text)
    __I$use$semihosting                      0x0800843b   Thumb Code     0  use_no_semi.o(.text)
    __use_no_semihosting_swi                 0x0800843b   Thumb Code     2  use_no_semi.o(.text)
    __aeabi_uldivmod                         0x0800843d   Thumb Code     0  lludivv7m.o(.text)
    _ll_udiv                                 0x0800843d   Thumb Code   238  lludivv7m.o(.text)
    __read_errno                             0x0800852b   Thumb Code    10  _rserrno.o(.text)
    __set_errno                              0x08008535   Thumb Code    12  _rserrno.o(.text)
    _printf_int_common                       0x08008541   Thumb Code   178  _printf_intcommon.o(.text)
    _printf_cs_common                        0x080085f3   Thumb Code    20  _printf_char.o(.text)
    _printf_char                             0x08008607   Thumb Code    16  _printf_char.o(.text)
    _printf_string                           0x08008617   Thumb Code     8  _printf_char.o(.text)
    _printf_char_file                        0x08008621   Thumb Code    32  _printf_char_file.o(.text)
    __aeabi_memclr                           0x08008645   Thumb Code     0  rt_memclr.o(.text)
    __rt_memclr                              0x08008645   Thumb Code    68  rt_memclr.o(.text)
    _memset                                  0x08008649   Thumb Code     0  rt_memclr.o(.text)
    __aeabi_errno_addr                       0x08008689   Thumb Code     8  rt_errno_addr_intlibspace.o(.text)
    __errno$intlibspace                      0x08008689   Thumb Code     0  rt_errno_addr_intlibspace.o(.text)
    __rt_errno_addr$intlibspace              0x08008689   Thumb Code     0  rt_errno_addr_intlibspace.o(.text)
    _printf_char_common                      0x0800869b   Thumb Code    32  _printf_char_common.o(.text)
    ferror                                   0x080086c1   Thumb Code     8  ferror.o(.text)
    __aeabi_memclr4                          0x080086c9   Thumb Code     0  rt_memclr_w.o(.text)
    __aeabi_memclr8                          0x080086c9   Thumb Code     0  rt_memclr_w.o(.text)
    __rt_memclr_w                            0x080086c9   Thumb Code    78  rt_memclr_w.o(.text)
    _memset_w                                0x080086cd   Thumb Code     0  rt_memclr_w.o(.text)
    __user_libspace                          0x08008719   Thumb Code     8  libspace.o(.text)
    __user_perproc_libspace                  0x08008719   Thumb Code     0  libspace.o(.text)
    __user_perthread_libspace                0x08008719   Thumb Code     0  libspace.o(.text)
    __user_setup_stackheap                   0x08008721   Thumb Code    74  sys_stackheap_outer.o(.text)
    exit                                     0x0800876b   Thumb Code    12  exit.o(.text)
    __ARM_fpclassify                         0x08008777   Thumb Code    48  fpclassify.o(i.__ARM_fpclassify)
    __hardfp_asin                            0x080087a9   Thumb Code   770  asin.o(i.__hardfp_asin)
    __hardfp_atan                            0x08008b09   Thumb Code   622  atan.o(i.__hardfp_atan)
    __hardfp_atan2                           0x08008de1   Thumb Code   432  atan2.o(i.__hardfp_atan2)
    __kernel_poly                            0x08008fd1   Thumb Code   248  poly.o(i.__kernel_poly)
    __mathlib_dbl_infnan                     0x080090c9   Thumb Code    20  dunder.o(i.__mathlib_dbl_infnan)
    __mathlib_dbl_infnan2                    0x080090dd   Thumb Code    20  dunder.o(i.__mathlib_dbl_infnan2)
    __mathlib_dbl_invalid                    0x080090f1   Thumb Code    24  dunder.o(i.__mathlib_dbl_invalid)
    __mathlib_dbl_underflow                  0x08009111   Thumb Code    24  dunder.o(i.__mathlib_dbl_underflow)
    _is_digit                                0x08009131   Thumb Code    14  __printf_wp.o(i._is_digit)
    atan                                     0x0800913f   Thumb Code    16  atan.o(i.atan)
    fabs                                     0x0800914f   Thumb Code    24  fabs.o(i.fabs)
    sqrt                                     0x08009167   Thumb Code   110  sqrt.o(i.sqrt)
    __aeabi_dneg                             0x080091d5   Thumb Code     0  basic.o(x$fpl$basic)
    _dneg                                    0x080091d5   Thumb Code     6  basic.o(x$fpl$basic)
    __aeabi_fneg                             0x080091db   Thumb Code     0  basic.o(x$fpl$basic)
    _fneg                                    0x080091db   Thumb Code     6  basic.o(x$fpl$basic)
    _dabs                                    0x080091e1   Thumb Code     6  basic.o(x$fpl$basic)
    _fabs                                    0x080091e7   Thumb Code     6  basic.o(x$fpl$basic)
    __aeabi_d2f                              0x080091ed   Thumb Code     0  d2f.o(x$fpl$d2f)
    _d2f                                     0x080091ed   Thumb Code    98  d2f.o(x$fpl$d2f)
    __aeabi_dadd                             0x08009251   Thumb Code     0  daddsub_clz.o(x$fpl$dadd)
    _dadd                                    0x08009251   Thumb Code   332  daddsub_clz.o(x$fpl$dadd)
    __aeabi_ddiv                             0x080093a1   Thumb Code     0  ddiv.o(x$fpl$ddiv)
    _ddiv                                    0x080093a1   Thumb Code   552  ddiv.o(x$fpl$ddiv)
    __aeabi_d2iz                             0x08009651   Thumb Code     0  dfix.o(x$fpl$dfix)
    _dfix                                    0x08009651   Thumb Code    94  dfix.o(x$fpl$dfix)
    __aeabi_i2d                              0x080096af   Thumb Code     0  dflt_clz.o(x$fpl$dflt)
    _dflt                                    0x080096af   Thumb Code    46  dflt_clz.o(x$fpl$dflt)
    __aeabi_dmul                             0x080096dd   Thumb Code     0  dmul.o(x$fpl$dmul)
    _dmul                                    0x080096dd   Thumb Code   332  dmul.o(x$fpl$dmul)
    __fpl_dnaninf                            0x08009831   Thumb Code   156  dnaninf.o(x$fpl$dnaninf)
    __fpl_dretinf                            0x080098cd   Thumb Code    12  dretinf.o(x$fpl$dretinf)
    __aeabi_drsub                            0x080098d9   Thumb Code     0  daddsub_clz.o(x$fpl$drsb)
    _drsb                                    0x080098d9   Thumb Code    22  daddsub_clz.o(x$fpl$drsb)
    _dsqrt                                   0x080098f1   Thumb Code   404  dsqrt_umaal.o(x$fpl$dsqrt)
    __aeabi_dsub                             0x08009a89   Thumb Code     0  daddsub_clz.o(x$fpl$dsub)
    _dsub                                    0x08009a89   Thumb Code   464  daddsub_clz.o(x$fpl$dsub)
    __aeabi_f2d                              0x08009c5d   Thumb Code     0  f2d.o(x$fpl$f2d)
    _f2d                                     0x08009c5d   Thumb Code    86  f2d.o(x$fpl$f2d)
    __fpl_fnaninf                            0x08009cb3   Thumb Code   140  fnaninf.o(x$fpl$fnaninf)
    _fp_init                                 0x08009d3f   Thumb Code    10  fpinit.o(x$fpl$fpinit)
    __fplib_config_fpu_vfp                   0x08009d47   Thumb Code     0  fpinit.o(x$fpl$fpinit)
    __fplib_config_pureend_doubles           0x08009d47   Thumb Code     0  fpinit.o(x$fpl$fpinit)
    __fpl_fretinf                            0x08009d49   Thumb Code    10  fretinf.o(x$fpl$fretinf)
    __I$use$fp                               0x08009d52   Number         0  usenofp.o(x$fpl$usenofp)
    reg                                      0x08009d54   Data          27  inv_mpu.o(.constdata)
    hw                                       0x08009d70   Data          12  inv_mpu.o(.constdata)
    test                                     0x08009d7c   Data          40  inv_mpu.o(.constdata)
    asc2_1206                                0x0800a99a   Data        1140  oled.o(.constdata)
    asc2_1608                                0x0800ae0e   Data        1520  oled.o(.constdata)
    asc2_2412                                0x0800b3fe   Data        3420  oled.o(.constdata)
    a_1616                                   0x0800c15a   Data         352  oled.o(.constdata)
    __mathlib_zero                           0x0800c3e0   Data           8  qnan.o(.constdata)
    Region$$Table$$Base                      0x0800c52c   Number         0  anon$$obj.o(Region$$Table)
    Region$$Table$$Limit                     0x0800c54c   Number         0  anon$$obj.o(Region$$Table)
    pitch                                    0x20000000   Data           4  main.o(.data)
    roll                                     0x20000004   Data           4  main.o(.data)
    yaw                                      0x20000008   Data           4  main.o(.data)
    aacx                                     0x2000000c   Data           2  main.o(.data)
    aacy                                     0x2000000e   Data           2  main.o(.data)
    aacz                                     0x20000010   Data           2  main.o(.data)
    gyrox                                    0x20000012   Data           2  main.o(.data)
    gyroy                                    0x20000014   Data           2  main.o(.data)
    gyroz                                    0x20000016   Data           2  main.o(.data)
    temp                                     0x20000018   Data           2  main.o(.data)
    ek_pitch                                 0x2000001c   Data           4  main.o(.data)
    ek_roll                                  0x20000020   Data           4  main.o(.data)
    ek_yaw                                   0x20000024   Data           4  main.o(.data)
    ek1_pitch                                0x20000028   Data           4  main.o(.data)
    ek1_roll                                 0x2000002c   Data           4  main.o(.data)
    ek1_yaw                                  0x20000030   Data           4  main.o(.data)
    Kp                                       0x20000034   Data           4  main.o(.data)
    balance_pitch                            0x20000038   Data           4  main.o(.data)
    balance_roll                             0x2000003c   Data           4  main.o(.data)
    balance_yaw                              0x20000040   Data           4  main.o(.data)
    Res                                      0x20000044   Data           1  main.o(.data)
    flag                                     0x20000045   Data           1  main.o(.data)
    adcx                                     0x20000046   Data           1  main.o(.data)
    SystemCoreClock                          0x20000048   Data           4  system_stm32f4xx.o(.data)
    AHBPrescTable                            0x2000004c   Data          16  system_stm32f4xx.o(.data)
    __stdout                                 0x2000009c   Data           4  usart.o(.data)
    USART_RX_STA                             0x200000a0   Data           2  usart.o(.data)
    sys_cmd_tab                              0x200000b4   Data          28  usmart.o(.data)
    usmart_nametab                           0x200000d0   Data          56  usmart_config.o(.data)
    usmart_dev                               0x20000108   Data         244  usmart_config.o(.data)
    OLED_GRAM                                0x2000020c   Data        1024  oled.o(.bss)
    USART_RX_BUF                             0x2000060c   Data         200  usart.o(.bss)
    __libspace_start                         0x200006d4   Data          96  libspace.o(.bss)
    __temporary_stack_top$libspace           0x20000734   Data           0  libspace.o(.bss)



==============================================================================

Memory Map of the image

  Image Entry point : 0x08000189

  Load Region LR_IROM1 (Base: 0x08000000, Size: 0x0000c748, Max: 0x00100000, ABSOLUTE, COMPRESSED[0x0000c5d4])

    Execution Region ER_IROM1 (Base: 0x08000000, Size: 0x0000c54c, Max: 0x00100000, ABSOLUTE)

    Base Addr    Size         Type   Attr      Idx    E Section Name        Object

    0x08000000   0x00000188   Data   RO          542    RESET               startup_stm32f40_41xxx.o
    0x08000188   0x00000008   Code   RO          855  * !!!main             c_w.l(__main.o)
    0x08000190   0x00000034   Code   RO         1169    !!!scatter          c_w.l(__scatter.o)
    0x080001c4   0x0000005a   Code   RO         1167    !!dczerorl2         c_w.l(__dczerorl2.o)
    0x0800021e   0x00000002   PAD
    0x08000220   0x0000001c   Code   RO         1171    !!handler_zi        c_w.l(__scatter_zi.o)
    0x0800023c   0x00000000   Code   RO          848    .ARM.Collect$$_printf_percent$$00000000  c_w.l(_printf_percent.o)
    0x0800023c   0x00000006   Code   RO          846    .ARM.Collect$$_printf_percent$$00000009  c_w.l(_printf_d.o)
    0x08000242   0x00000006   Code   RO          847    .ARM.Collect$$_printf_percent$$0000000A  c_w.l(_printf_u.o)
    0x08000248   0x00000006   Code   RO          845    .ARM.Collect$$_printf_percent$$0000000C  c_w.l(_printf_x.o)
    0x0800024e   0x00000006   Code   RO          843    .ARM.Collect$$_printf_percent$$00000013  c_w.l(_printf_c.o)
    0x08000254   0x00000006   Code   RO          844    .ARM.Collect$$_printf_percent$$00000014  c_w.l(_printf_s.o)
    0x0800025a   0x00000004   Code   RO          922    .ARM.Collect$$_printf_percent$$00000017  c_w.l(_printf_percent_end.o)
    0x0800025e   0x00000002   Code   RO         1039    .ARM.Collect$$libinit$$00000000  c_w.l(libinit.o)
    0x08000260   0x00000004   Code   RO         1048    .ARM.Collect$$libinit$$00000001  c_w.l(libinit2.o)
    0x08000264   0x00000000   Code   RO         1051    .ARM.Collect$$libinit$$00000004  c_w.l(libinit2.o)
    0x08000264   0x00000000   Code   RO         1054    .ARM.Collect$$libinit$$0000000A  c_w.l(libinit2.o)
    0x08000264   0x00000000   Code   RO         1056    .ARM.Collect$$libinit$$0000000C  c_w.l(libinit2.o)
    0x08000264   0x00000000   Code   RO         1058    .ARM.Collect$$libinit$$0000000E  c_w.l(libinit2.o)
    0x08000264   0x00000000   Code   RO         1061    .ARM.Collect$$libinit$$00000011  c_w.l(libinit2.o)
    0x08000264   0x00000000   Code   RO         1063    .ARM.Collect$$libinit$$00000013  c_w.l(libinit2.o)
    0x08000264   0x00000000   Code   RO         1065    .ARM.Collect$$libinit$$00000015  c_w.l(libinit2.o)
    0x08000264   0x00000000   Code   RO         1067    .ARM.Collect$$libinit$$00000017  c_w.l(libinit2.o)
    0x08000264   0x00000000   Code   RO         1069    .ARM.Collect$$libinit$$00000019  c_w.l(libinit2.o)
    0x08000264   0x00000000   Code   RO         1071    .ARM.Collect$$libinit$$0000001B  c_w.l(libinit2.o)
    0x08000264   0x00000000   Code   RO         1073    .ARM.Collect$$libinit$$0000001D  c_w.l(libinit2.o)
    0x08000264   0x00000000   Code   RO         1075    .ARM.Collect$$libinit$$0000001F  c_w.l(libinit2.o)
    0x08000264   0x00000000   Code   RO         1077    .ARM.Collect$$libinit$$00000021  c_w.l(libinit2.o)
    0x08000264   0x00000000   Code   RO         1079    .ARM.Collect$$libinit$$00000023  c_w.l(libinit2.o)
    0x08000264   0x00000000   Code   RO         1081    .ARM.Collect$$libinit$$00000025  c_w.l(libinit2.o)
    0x08000264   0x00000000   Code   RO         1085    .ARM.Collect$$libinit$$0000002C  c_w.l(libinit2.o)
    0x08000264   0x00000000   Code   RO         1087    .ARM.Collect$$libinit$$0000002E  c_w.l(libinit2.o)
    0x08000264   0x00000000   Code   RO         1089    .ARM.Collect$$libinit$$00000030  c_w.l(libinit2.o)
    0x08000264   0x00000000   Code   RO         1091    .ARM.Collect$$libinit$$00000032  c_w.l(libinit2.o)
    0x08000264   0x00000002   Code   RO         1092    .ARM.Collect$$libinit$$00000033  c_w.l(libinit2.o)
    0x08000266   0x00000002   Code   RO         1120    .ARM.Collect$$libshutdown$$00000000  c_w.l(libshutdown.o)
    0x08000268   0x00000000   Code   RO         1135    .ARM.Collect$$libshutdown$$00000003  c_w.l(libshutdown2.o)
    0x08000268   0x00000000   Code   RO         1138    .ARM.Collect$$libshutdown$$00000006  c_w.l(libshutdown2.o)
    0x08000268   0x00000000   Code   RO         1141    .ARM.Collect$$libshutdown$$00000009  c_w.l(libshutdown2.o)
    0x08000268   0x00000000   Code   RO         1143    .ARM.Collect$$libshutdown$$0000000B  c_w.l(libshutdown2.o)
    0x08000268   0x00000000   Code   RO         1146    .ARM.Collect$$libshutdown$$0000000E  c_w.l(libshutdown2.o)
    0x08000268   0x00000002   Code   RO         1147    .ARM.Collect$$libshutdown$$0000000F  c_w.l(libshutdown2.o)
    0x0800026a   0x00000000   Code   RO          911    .ARM.Collect$$rtentry$$00000000  c_w.l(__rtentry.o)
    0x0800026a   0x00000000   Code   RO          988    .ARM.Collect$$rtentry$$00000002  c_w.l(__rtentry2.o)
    0x0800026a   0x00000006   Code   RO         1000    .ARM.Collect$$rtentry$$00000004  c_w.l(__rtentry4.o)
    0x08000270   0x00000000   Code   RO          990    .ARM.Collect$$rtentry$$00000009  c_w.l(__rtentry2.o)
    0x08000270   0x00000004   Code   RO          991    .ARM.Collect$$rtentry$$0000000A  c_w.l(__rtentry2.o)
    0x08000274   0x00000000   Code   RO          993    .ARM.Collect$$rtentry$$0000000C  c_w.l(__rtentry2.o)
    0x08000274   0x00000008   Code   RO          994    .ARM.Collect$$rtentry$$0000000D  c_w.l(__rtentry2.o)
    0x0800027c   0x00000002   Code   RO         1042    .ARM.Collect$$rtexit$$00000000  c_w.l(rtexit.o)
    0x0800027e   0x00000000   Code   RO         1094    .ARM.Collect$$rtexit$$00000002  c_w.l(rtexit2.o)
    0x0800027e   0x00000004   Code   RO         1095    .ARM.Collect$$rtexit$$00000003  c_w.l(rtexit2.o)
    0x08000282   0x00000006   Code   RO         1096    .ARM.Collect$$rtexit$$00000004  c_w.l(rtexit2.o)
    0x08000288   0x00000860   Code   RO            3    .text               main.o
    0x08000ae8   0x0000001a   Code   RO          177    .text               stm32f4xx_it.o
    0x08000b02   0x00000002   PAD
    0x08000b04   0x00000210   Code   RO          226    .text               system_stm32f4xx.o
    0x08000d14   0x00000040   Code   RO          252    .text               led.o
    0x08000d54   0x00000104   Code   RO          272    .text               key.o
    0x08000e58   0x0000025c   Code   RO          293    .text               myiic.o
    0x080010b4   0x00000384   Code   RO          313    .text               mpu6050.o
    0x08001438   0x000022c0   Code   RO          333    .text               inv_mpu.o
    0x080036f8   0x00000d90   Code   RO          368    .text               inv_mpu_dmp_motion_driver.o
    0x08004488   0x00000648   Code   RO          421    .text               oled.o
    0x08004ad0   0x000001bc   Code   RO          451    .text               adc.o
    0x08004c8c   0x00000104   Code   RO          471    .text               delay.o
    0x08004d90   0x00000218   Code   RO          511    .text               usart.o
    0x08004fa8   0x00000040   Code   RO          543    .text               startup_stm32f40_41xxx.o
    0x08004fe8   0x000000e0   Code   RO          549    .text               misc.o
    0x080050c8   0x00000294   Code   RO          592    .text               stm32f4xx_gpio.o
    0x0800535c   0x0000065c   Code   RO          612    .text               stm32f4xx_rcc.o
    0x080059b8   0x00000454   Code   RO          654    .text               stm32f4xx_usart.o
    0x08005e0c   0x00000ca2   Code   RO          674    .text               stm32f4xx_tim.o
    0x08006aae   0x00000002   PAD
    0x08006ab0   0x00000464   Code   RO          694    .text               stm32f4xx_adc.o
    0x08006f14   0x00000c34   Code   RO          714    .text               usmart.o
    0x08007b48   0x00000528   Code   RO          766    .text               usmart_str.o
    0x08008070   0x00000002   Code   RO          786    .text               c_w.l(use_no_semi_2.o)
    0x08008072   0x00000048   Code   RO          788    .text               c_w.l(llsdiv.o)
    0x080080ba   0x00000002   PAD
    0x080080bc   0x00000018   Code   RO          792    .text               c_w.l(noretval__2printf.o)
    0x080080d4   0x0000004e   Code   RO          796    .text               c_w.l(_printf_pad.o)
    0x08008122   0x00000052   Code   RO          798    .text               c_w.l(_printf_str.o)
    0x08008174   0x00000078   Code   RO          800    .text               c_w.l(_printf_dec.o)
    0x080081ec   0x00000058   Code   RO          805    .text               c_w.l(_printf_hex_int.o)
    0x08008244   0x00000188   Code   RO          840    .text               c_w.l(__printf_flags_ss_wp.o)
    0x080083cc   0x00000058   Code   RO          849    .text               c_w.l(memcmp.o)
    0x08008424   0x00000010   Code   RO          851    .text               c_w.l(aeabi_memset.o)
    0x08008434   0x00000006   Code   RO          853    .text               c_w.l(heapauxi.o)
    0x0800843a   0x00000002   Code   RO          909    .text               c_w.l(use_no_semi.o)
    0x0800843c   0x000000ee   Code   RO          912    .text               c_w.l(lludivv7m.o)
    0x0800852a   0x00000016   Code   RO          914    .text               c_w.l(_rserrno.o)
    0x08008540   0x000000b2   Code   RO          916    .text               c_w.l(_printf_intcommon.o)
    0x080085f2   0x0000002c   Code   RO          918    .text               c_w.l(_printf_char.o)
    0x0800861e   0x00000002   PAD
    0x08008620   0x00000024   Code   RO          920    .text               c_w.l(_printf_char_file.o)
    0x08008644   0x00000044   Code   RO          923    .text               c_w.l(rt_memclr.o)
    0x08008688   0x00000008   Code   RO         1009    .text               c_w.l(rt_errno_addr_intlibspace.o)
    0x08008690   0x00000030   Code   RO         1011    .text               c_w.l(_printf_char_common.o)
    0x080086c0   0x00000008   Code   RO         1013    .text               c_w.l(ferror.o)
    0x080086c8   0x0000004e   Code   RO         1017    .text               c_w.l(rt_memclr_w.o)
    0x08008716   0x00000002   PAD
    0x08008718   0x00000008   Code   RO         1023    .text               c_w.l(libspace.o)
    0x08008720   0x0000004a   Code   RO         1026    .text               c_w.l(sys_stackheap_outer.o)
    0x0800876a   0x0000000c   Code   RO         1032    .text               c_w.l(exit.o)
    0x08008776   0x00000030   Code   RO          970    i.__ARM_fpclassify  m_wm.l(fpclassify.o)
    0x080087a6   0x00000002   PAD
    0x080087a8   0x00000360   Code   RO          883    i.__hardfp_asin     m_wm.l(asin.o)
    0x08008b08   0x000002d8   Code   RO          936    i.__hardfp_atan     m_wm.l(atan.o)
    0x08008de0   0x000001f0   Code   RO          897    i.__hardfp_atan2    m_wm.l(atan2.o)
    0x08008fd0   0x000000f8   Code   RO          972    i.__kernel_poly     m_wm.l(poly.o)
    0x080090c8   0x00000014   Code   RO          951    i.__mathlib_dbl_infnan  m_wm.l(dunder.o)
    0x080090dc   0x00000014   Code   RO          952    i.__mathlib_dbl_infnan2  m_wm.l(dunder.o)
    0x080090f0   0x00000020   Code   RO          953    i.__mathlib_dbl_invalid  m_wm.l(dunder.o)
    0x08009110   0x00000020   Code   RO          956    i.__mathlib_dbl_underflow  m_wm.l(dunder.o)
    0x08009130   0x0000000e   Code   RO          833    i._is_digit         c_w.l(__printf_wp.o)
    0x0800913e   0x00000010   Code   RO          938    i.atan              m_wm.l(atan.o)
    0x0800914e   0x00000018   Code   RO          966    i.fabs              m_wm.l(fabs.o)
    0x08009166   0x0000006e   Code   RO          977    i.sqrt              m_wm.l(sqrt.o)
    0x080091d4   0x00000018   Code   RO          925    x$fpl$basic         fz_wm.l(basic.o)
    0x080091ec   0x00000062   Code   RO          857    x$fpl$d2f           fz_wm.l(d2f.o)
    0x0800924e   0x00000002   PAD
    0x08009250   0x00000150   Code   RO          859    x$fpl$dadd          fz_wm.l(daddsub_clz.o)
    0x080093a0   0x000002b0   Code   RO          866    x$fpl$ddiv          fz_wm.l(ddiv.o)
    0x08009650   0x0000005e   Code   RO          869    x$fpl$dfix          fz_wm.l(dfix.o)
    0x080096ae   0x0000002e   Code   RO          874    x$fpl$dflt          fz_wm.l(dflt_clz.o)
    0x080096dc   0x00000154   Code   RO          879    x$fpl$dmul          fz_wm.l(dmul.o)
    0x08009830   0x0000009c   Code   RO          927    x$fpl$dnaninf       fz_wm.l(dnaninf.o)
    0x080098cc   0x0000000c   Code   RO          929    x$fpl$dretinf       fz_wm.l(dretinf.o)
    0x080098d8   0x00000016   Code   RO          860    x$fpl$drsb          fz_wm.l(daddsub_clz.o)
    0x080098ee   0x00000002   PAD
    0x080098f0   0x00000198   Code   RO         1021    x$fpl$dsqrt         fz_wm.l(dsqrt_umaal.o)
    0x08009a88   0x000001d4   Code   RO          861    x$fpl$dsub          fz_wm.l(daddsub_clz.o)
    0x08009c5c   0x00000056   Code   RO          881    x$fpl$f2d           fz_wm.l(f2d.o)
    0x08009cb2   0x0000008c   Code   RO          931    x$fpl$fnaninf       fz_wm.l(fnaninf.o)
    0x08009d3e   0x0000000a   Code   RO         1108    x$fpl$fpinit        fz_wm.l(fpinit.o)
    0x08009d48   0x0000000a   Code   RO          933    x$fpl$fretinf       fz_wm.l(fretinf.o)
    0x08009d52   0x00000000   Code   RO          935    x$fpl$usenofp       fz_wm.l(usenofp.o)
    0x08009d52   0x00000002   PAD
    0x08009d54   0x00000050   Data   RO          334    .constdata          inv_mpu.o
    0x08009da4   0x00000bf6   Data   RO          370    .constdata          inv_mpu_dmp_motion_driver.o
    0x0800a99a   0x00001920   Data   RO          423    .constdata          oled.o
    0x0800c2ba   0x00000028   Data   RO          806    .constdata          c_w.l(_printf_hex_int.o)
    0x0800c2e2   0x00000011   Data   RO          841    .constdata          c_w.l(__printf_flags_ss_wp.o)
    0x0800c2f3   0x00000005   PAD
    0x0800c2f8   0x00000050   Data   RO          886    .constdata          m_wm.l(asin.o)
    0x0800c348   0x00000098   Data   RO          939    .constdata          m_wm.l(atan.o)
    0x0800c3e0   0x00000008   Data   RO          974    .constdata          m_wm.l(qnan.o)
    0x0800c3e8   0x0000004d   Data   RO          335    .conststring        inv_mpu.o
    0x0800c435   0x00000003   PAD
    0x0800c438   0x00000028   Data   RO          715    .conststring        usmart.o
    0x0800c460   0x000000cb   Data   RO          745    .conststring        usmart_config.o
    0x0800c52b   0x00000001   PAD
    0x0800c52c   0x00000020   Data   RO         1165    Region$$Table       anon$$obj.o


    Execution Region RW_IRAM1 (Base: 0x20000000, Size: 0x00000d38, Max: 0x00020000, ABSOLUTE, COMPRESSED[0x00000088])

    Base Addr    Size         Type   Attr      Idx    E Section Name        Object

    0x20000000   0x00000047   Data   RW            4    .data               main.o
    0x20000047   0x00000001   PAD
    0x20000048   0x00000014   Data   RW          227    .data               system_stm32f4xx.o
    0x2000005c   0x00000001   Data   RW          273    .data               key.o
    0x2000005d   0x00000003   PAD
    0x20000060   0x00000035   Data   RW          336    .data               inv_mpu.o
    0x20000095   0x00000001   PAD
    0x20000096   0x00000004   Data   RW          472    .data               delay.o
    0x2000009a   0x00000002   PAD
    0x2000009c   0x00000006   Data   RW          513    .data               usart.o
    0x200000a2   0x00000010   Data   RW          613    .data               stm32f4xx_rcc.o
    0x200000b2   0x00000002   PAD
    0x200000b4   0x0000001c   Data   RW          716    .data               usmart.o
    0x200000d0   0x0000012c   Data   RW          746    .data               usmart_config.o
    0x200001fc   0x00000010   Zero   RW          369    .bss                inv_mpu_dmp_motion_driver.o
    0x2000020c   0x00000400   Zero   RW          422    .bss                oled.o
    0x2000060c   0x000000c8   Zero   RW          512    .bss                usart.o
    0x200006d4   0x00000060   Zero   RW         1024    .bss                c_w.l(libspace.o)
    0x20000734   0x00000004   PAD
    0x20000738   0x00000200   Zero   RW          541    HEAP                startup_stm32f40_41xxx.o
    0x20000938   0x00000400   Zero   RW          540    STACK               startup_stm32f40_41xxx.o


==============================================================================

Image component sizes


      Code (inc. data)   RO Data    RW Data    ZI Data      Debug   Object Name

       444         12          0          0          0       1931   adc.o
       260          8          0          4          0       1445   delay.o
      8896        222        157         53          0      23845   inv_mpu.o
      3472        142       3062          0         16      15223   inv_mpu_dmp_motion_driver.o
       260         12          0          1          0        872   key.o
        64          4          0          0          0        531   led.o
      2144        246          0         71          0     300020   main.o
       224         20          0          0          0       1825   misc.o
       900         22          0          0          0       4259   mpu6050.o
       604         14          0          0          0       1900   myiic.o
      1608         80       6432          0       1024       6069   oled.o
        64         26        392          0       1536        836   startup_stm32f40_41xxx.o
      1124         24          0          0          0      10498   stm32f4xx_adc.o
       660         44          0          0          0       4105   stm32f4xx_gpio.o
        26          0          0          0          0       1226   stm32f4xx_it.o
      1628         52          0         16          0      12892   stm32f4xx_rcc.o
      3234         60          0          0          0      22308   stm32f4xx_tim.o
      1108         34          0          0          0       7804   stm32f4xx_usart.o
       528         46          0         20          0       1791   system_stm32f4xx.o
       536         26          0          6        200       3863   usart.o
      3124       1286         40         28          0       4378   usmart.o
         0          0        203        300          0       1512   usmart_config.o
      1320         12          0          0          0       5173   usmart_str.o

    ----------------------------------------------------------------------
     32232       2392      10322        508       2776     434306   Object Totals
         0          0         32          0          0          0   (incl. Generated)
         4          0          4          9          0          0   (incl. Padding)

    ----------------------------------------------------------------------

      Code (inc. data)   RO Data    RW Data    ZI Data      Debug   Library Member Name

        90          0          0          0          0          0   __dczerorl2.o
         8          0          0          0          0         68   __main.o
       392          4         17          0          0         92   __printf_flags_ss_wp.o
        14          0          0          0          0         68   __printf_wp.o
         0          0          0          0          0          0   __rtentry.o
        12          0          0          0          0          0   __rtentry2.o
         6          0          0          0          0          0   __rtentry4.o
        52          8          0          0          0          0   __scatter.o
        28          0          0          0          0          0   __scatter_zi.o
         6          0          0          0          0          0   _printf_c.o
        44          0          0          0          0        108   _printf_char.o
        48          6          0          0          0         96   _printf_char_common.o
        36          4          0          0          0         80   _printf_char_file.o
         6          0          0          0          0          0   _printf_d.o
       120         16          0          0          0         92   _printf_dec.o
        88          4         40          0          0         88   _printf_hex_int.o
       178          0          0          0          0         88   _printf_intcommon.o
        78          0          0          0          0        108   _printf_pad.o
         0          0          0          0          0          0   _printf_percent.o
         4          0          0          0          0          0   _printf_percent_end.o
         6          0          0          0          0          0   _printf_s.o
        82          0          0          0          0         80   _printf_str.o
         6          0          0          0          0          0   _printf_u.o
         6          0          0          0          0          0   _printf_x.o
        22          0          0          0          0        100   _rserrno.o
        16          0          0          0          0         68   aeabi_memset.o
        12          0          0          0          0         72   exit.o
         8          0          0          0          0         68   ferror.o
         6          0          0          0          0        152   heapauxi.o
         2          0          0          0          0          0   libinit.o
         6          0          0          0          0          0   libinit2.o
         2          0          0          0          0          0   libshutdown.o
         2          0          0          0          0          0   libshutdown2.o
         8          4          0          0         96         68   libspace.o
        72          0          0          0          0         76   llsdiv.o
       238          0          0          0          0        100   lludivv7m.o
        88          0          0          0          0         76   memcmp.o
        24          4          0          0          0         84   noretval__2printf.o
         8          4          0          0          0         68   rt_errno_addr_intlibspace.o
        68          0          0          0          0         68   rt_memclr.o
        78          0          0          0          0         80   rt_memclr_w.o
         2          0          0          0          0          0   rtexit.o
        10          0          0          0          0          0   rtexit2.o
        74          0          0          0          0         80   sys_stackheap_outer.o
         2          0          0          0          0         68   use_no_semi.o
         2          0          0          0          0         68   use_no_semi_2.o
        24          0          0          0          0        164   basic.o
        98          4          0          0          0        140   d2f.o
       826         16          0          0          0        492   daddsub_clz.o
       688        140          0          0          0        256   ddiv.o
        94          4          0          0          0        140   dfix.o
        46          0          0          0          0        116   dflt_clz.o
       340         12          0          0          0        152   dmul.o
       156          4          0          0          0        140   dnaninf.o
        12          0          0          0          0        116   dretinf.o
       408         56          0          0          0        168   dsqrt_umaal.o
        86          4          0          0          0        132   f2d.o
       140          4          0          0          0        132   fnaninf.o
        10          0          0          0          0        116   fpinit.o
        10          0          0          0          0        116   fretinf.o
         0          0          0          0          0          0   usenofp.o
       864         94         80          0          0        280   asin.o
       744        106        152          0          0        352   atan.o
       496         64          0          0          0        192   atan2.o
       104         16          0          0          0        496   dunder.o
        24          0          0          0          0        124   fabs.o
        48          0          0          0          0        124   fpclassify.o
       248          0          0          0          0        152   poly.o
         0          0          8          0          0          0   qnan.o
       110          0          0          0          0        148   sqrt.o

    ----------------------------------------------------------------------
      7652        578        302          0        100       6512   Library Totals
        16          0          5          0          4          0   (incl. Padding)

    ----------------------------------------------------------------------

      Code (inc. data)   RO Data    RW Data    ZI Data      Debug   Library Name

      2060         54         57          0         96       2264   c_w.l
      2938        244          0          0          0       2380   fz_wm.l
      2638        280        240          0          0       1868   m_wm.l

    ----------------------------------------------------------------------
      7652        578        302          0        100       6512   Library Totals

    ----------------------------------------------------------------------

==============================================================================


      Code (inc. data)   RO Data    RW Data    ZI Data      Debug   

     39884       2970      10624        508       2876     432322   Grand Totals
     39884       2970      10624        136       2876     432322   ELF Image Totals (compressed)
     39884       2970      10624        136          0          0   ROM Totals

==============================================================================

    Total RO  Size (Code + RO Data)                50508 (  49.32kB)
    Total RW  Size (RW Data + ZI Data)              3384 (   3.30kB)
    Total ROM Size (Code + RO Data + RW Data)      50644 (  49.46kB)

==============================================================================

