<html>
<body>
<pre>
<h1>礦ision Build Log</h1>
<h2>Tool Versions:</h2>
IDE-Version: μVision V5.14.0.0
Copyright (C) 2015 ARM Ltd and ARM Germany GmbH. All rights reserved.
License Information: HKP HKP, HKP, LIC=KRMNN-YSNP1-Z89FH-W3NUL-8BHKY-A4EVJ
 
Tool Versions:
Toolchain:       MDK-ARM Standard  Version: 5.14.0.0
Toolchain Path:  C:\MDK5\ARM\ARMCC\Bin
C Compiler:      Armcc.exe V5.05 update 1 (build 106)
Assembler:       Armasm.exe V5.05 update 1 (build 106)
Linker/Locator:  ArmLink.exe V5.05 update 1 (build 106)
Library Manager: ArmAr.exe V5.05 update 1 (build 106)
Hex Converter:   FromElf.exe V5.05 update 1 (build 106)
CPU DLL:         SARMCM3.DLL V5.14.0.0
Dialog DLL:      DCM.DLL V1.13.1.0
Target DLL:      Segger\JL2CM3.dll V2.99.13.0
Dialog DLL:      TCM.DLL V1.14.4.0
 
<h2>Project:</h2>
C:\Users\THINKPAD\Desktop\仿生\体感手套\USER\MPU6050.uvprojx
Project File Date:  09/14/2019

<h2>Output:</h2>
Build target 'MPU6050'
compiling main.c...
main.c(117): warning:  #1035-D: single-precision operand implicitly converted to double-precision
                balance_roll=Kp*(ek_roll*11.11+500);   //===计算平衡控制的电机PWM  PD控制   kp是P系数 kd是D系数 ;
main.c(120): warning:  #1035-D: single-precision operand implicitly converted to double-precision
          balance_pitch=Kp*(pitch*11.11+500);
main.c(123): warning:  #1035-D: single-precision operand implicitly converted to double-precision
          balance_yaw=Kp*(yaw*11.11+500);
main.c(143): warning:  #177-D: variable "report" was declared but never referenced
        u8 t=0,report=1;                        //默认开启上报
main.c: 4 warnings, 0 errors
linking...
Program Size: Code=39884 RO-data=10624 RW-data=508 ZI-data=2876  
FromELF: creating hex file...
"..\OBJ\MPU6050.axf" - 0 Error(s), 4 Warning(s).

<h2>Collection of Component include folders:</h2>
  C:\Users\THINKPAD\Desktop\仿生\体感手套\USER\RTE
  C:\MDK5\ARM\PACK\Keil\STM32F4xx_DFP\1.0.8\Device\Include

<h2>Collection of Component Files used:</h2>
</pre>
</body>
</html>
