oled.c:49:6:WriteCmd	40	static
oled.c:57:6:OLED_WR_CMD	32	static
oled.c:62:6:OLED_WR_DATA	32	static
oled.c:67:6:OLED_Init	8	static
oled.c:73:6:OLED_Clear	16	static
oled.c:86:6:OLED_Clearrow	8	static
oled.c:96:6:OLED_Display_On	8	static
oled.c:103:6:OLED_Display_Off	8	static
oled.c:109:6:OLED_Set_Pos	8	static
oled.c:116:6:OLED_Refresh	16	static
oled.c:128:14:oled_pow	0	static
oled.c:140:6:OLED_ShowChar	24	static
oled.c:167:6:OLED_ShowNum	48	static
oled.c:187:6:OLED_ShowString	24	static
oled.c:22:6:Boot_animation	8	static
oled.c:28:6:oled_show	16	static
oled.c:199:6:OLED_ShowCHinese	24	static
