motor.c:17:6:Mecanum_wheel_Init	8	static
motor.c:31:6:Wheel_Pin_Init	4	static
motor.c:45:6:Mecanum_wheel_Stop	8	static
motor.c:61:6:Forward_Car	16	static
motor.c:76:6:Back_Car	16	static
motor.c:91:6:SingleMotor_Ctrol	24	static
motor.c:107:6:Car__motion	24	static
motor.c:119:6:R_Rotation	16	static
motor.c:126:6:L_Rotation	16	static
motor.c:134:6:Left_Sidesway	16	static
motor.c:142:6:Right_Sidesway	16	static
motor.c:150:6:ZuoQian	16	static
motor.c:158:6:YouQian	16	static
motor.c:166:6:ZuoHou	16	static
motor.c:173:6:YouHou	16	static
