oled.c:22:6:Boot_animation	16	static
oled.c:28:6:oled_show	8	static
oled.c:52:6:WriteCmd	32	static
oled.c:60:6:OLED_WR_CMD	32	static
oled.c:65:6:OLED_WR_DATA	32	static
oled.c:70:6:OLED_Init	8	static
oled.c:76:6:OLED_Clear	16	static
oled.c:89:6:OLED_Clearrow	24	static
oled.c:99:6:OLED_Display_On	8	static
oled.c:106:6:OLED_Display_Off	8	static
oled.c:112:6:OLED_Set_Pos	16	static
oled.c:119:6:OLED_Refresh	16	static
oled.c:131:14:oled_pow	24	static
oled.c:143:6:OLED_ShowChar	32	static
oled.c:170:6:OLED_ShowNum	24	static
oled.c:190:6:OLED_ShowString	24	static
oled.c:202:6:OLED_ShowCHinese	24	static
