Archive member included to satisfy reference by file (symbol)

d:/ide/stm32cubeide_1.5.0/stm32cubeide/plugins/com.st.stm32cube.ide.mcu.externaltools.gnu-tools-for-stm32.7-2018-q2-update.win32_1.5.0.202011040924/tools/bin/../lib/gcc/arm-none-eabi/7.3.1/../../../../arm-none-eabi/lib/thumb/v7-m\libc_nano.a(lib_a-errno.o)
                              Core/Src/syscalls.o (__errno)
d:/ide/stm32cubeide_1.5.0/stm32cubeide/plugins/com.st.stm32cube.ide.mcu.externaltools.gnu-tools-for-stm32.7-2018-q2-update.win32_1.5.0.202011040924/tools/bin/../lib/gcc/arm-none-eabi/7.3.1/../../../../arm-none-eabi/lib/thumb/v7-m\libc_nano.a(lib_a-exit.o)
                              d:/ide/stm32cubeide_1.5.0/stm32cubeide/plugins/com.st.stm32cube.ide.mcu.externaltools.gnu-tools-for-stm32.7-2018-q2-update.win32_1.5.0.202011040924/tools/bin/../lib/gcc/arm-none-eabi/7.3.1/../../../../arm-none-eabi/lib/thumb/v7-m/crt0.o (exit)
d:/ide/stm32cubeide_1.5.0/stm32cubeide/plugins/com.st.stm32cube.ide.mcu.externaltools.gnu-tools-for-stm32.7-2018-q2-update.win32_1.5.0.202011040924/tools/bin/../lib/gcc/arm-none-eabi/7.3.1/../../../../arm-none-eabi/lib/thumb/v7-m\libc_nano.a(lib_a-impure.o)
                              d:/ide/stm32cubeide_1.5.0/stm32cubeide/plugins/com.st.stm32cube.ide.mcu.externaltools.gnu-tools-for-stm32.7-2018-q2-update.win32_1.5.0.202011040924/tools/bin/../lib/gcc/arm-none-eabi/7.3.1/../../../../arm-none-eabi/lib/thumb/v7-m\libc_nano.a(lib_a-exit.o) (_global_impure_ptr)
d:/ide/stm32cubeide_1.5.0/stm32cubeide/plugins/com.st.stm32cube.ide.mcu.externaltools.gnu-tools-for-stm32.7-2018-q2-update.win32_1.5.0.202011040924/tools/bin/../lib/gcc/arm-none-eabi/7.3.1/../../../../arm-none-eabi/lib/thumb/v7-m\libc_nano.a(lib_a-init.o)
                              d:/ide/stm32cubeide_1.5.0/stm32cubeide/plugins/com.st.stm32cube.ide.mcu.externaltools.gnu-tools-for-stm32.7-2018-q2-update.win32_1.5.0.202011040924/tools/bin/../lib/gcc/arm-none-eabi/7.3.1/../../../../arm-none-eabi/lib/thumb/v7-m/crt0.o (__libc_init_array)
d:/ide/stm32cubeide_1.5.0/stm32cubeide/plugins/com.st.stm32cube.ide.mcu.externaltools.gnu-tools-for-stm32.7-2018-q2-update.win32_1.5.0.202011040924/tools/bin/../lib/gcc/arm-none-eabi/7.3.1/../../../../arm-none-eabi/lib/thumb/v7-m\libc_nano.a(lib_a-memset.o)
                              d:/ide/stm32cubeide_1.5.0/stm32cubeide/plugins/com.st.stm32cube.ide.mcu.externaltools.gnu-tools-for-stm32.7-2018-q2-update.win32_1.5.0.202011040924/tools/bin/../lib/gcc/arm-none-eabi/7.3.1/../../../../arm-none-eabi/lib/thumb/v7-m/crt0.o (memset)
d:/ide/stm32cubeide_1.5.0/stm32cubeide/plugins/com.st.stm32cube.ide.mcu.externaltools.gnu-tools-for-stm32.7-2018-q2-update.win32_1.5.0.202011040924/tools/bin/../lib/gcc/arm-none-eabi/7.3.1/../../../../arm-none-eabi/lib/thumb/v7-m\libc_nano.a(lib_a-printf.o)
                              Core/Src/blueteeth.o (printf)
d:/ide/stm32cubeide_1.5.0/stm32cubeide/plugins/com.st.stm32cube.ide.mcu.externaltools.gnu-tools-for-stm32.7-2018-q2-update.win32_1.5.0.202011040924/tools/bin/../lib/gcc/arm-none-eabi/7.3.1/../../../../arm-none-eabi/lib/thumb/v7-m\libc_nano.a(lib_a-puts.o)
                              Core/Src/encode.o (puts)
d:/ide/stm32cubeide_1.5.0/stm32cubeide/plugins/com.st.stm32cube.ide.mcu.externaltools.gnu-tools-for-stm32.7-2018-q2-update.win32_1.5.0.202011040924/tools/bin/../lib/gcc/arm-none-eabi/7.3.1/../../../../arm-none-eabi/lib/thumb/v7-m\libc_nano.a(lib_a-sprintf.o)
                              Core/Src/oled.o (sprintf)
d:/ide/stm32cubeide_1.5.0/stm32cubeide/plugins/com.st.stm32cube.ide.mcu.externaltools.gnu-tools-for-stm32.7-2018-q2-update.win32_1.5.0.202011040924/tools/bin/../lib/gcc/arm-none-eabi/7.3.1/../../../../arm-none-eabi/lib/thumb/v7-m\libc_nano.a(lib_a-wbuf.o)
                              d:/ide/stm32cubeide_1.5.0/stm32cubeide/plugins/com.st.stm32cube.ide.mcu.externaltools.gnu-tools-for-stm32.7-2018-q2-update.win32_1.5.0.202011040924/tools/bin/../lib/gcc/arm-none-eabi/7.3.1/../../../../arm-none-eabi/lib/thumb/v7-m\libc_nano.a(lib_a-puts.o) (__swbuf_r)
d:/ide/stm32cubeide_1.5.0/stm32cubeide/plugins/com.st.stm32cube.ide.mcu.externaltools.gnu-tools-for-stm32.7-2018-q2-update.win32_1.5.0.202011040924/tools/bin/../lib/gcc/arm-none-eabi/7.3.1/../../../../arm-none-eabi/lib/thumb/v7-m\libc_nano.a(lib_a-wsetup.o)
                              d:/ide/stm32cubeide_1.5.0/stm32cubeide/plugins/com.st.stm32cube.ide.mcu.externaltools.gnu-tools-for-stm32.7-2018-q2-update.win32_1.5.0.202011040924/tools/bin/../lib/gcc/arm-none-eabi/7.3.1/../../../../arm-none-eabi/lib/thumb/v7-m\libc_nano.a(lib_a-puts.o) (__swsetup_r)
d:/ide/stm32cubeide_1.5.0/stm32cubeide/plugins/com.st.stm32cube.ide.mcu.externaltools.gnu-tools-for-stm32.7-2018-q2-update.win32_1.5.0.202011040924/tools/bin/../lib/gcc/arm-none-eabi/7.3.1/../../../../arm-none-eabi/lib/thumb/v7-m\libc_nano.a(lib_a-fflush.o)
[...]
Memory Configuration

Name             Origin             Length             Attributes
RAM              0x0000000020000000 0x0000000000010000 xrw
FLASH            0x0000000008000000 0x0000000000080000 xr
*default*        0x0000000000000000 0xffffffffffffffff

Linker script and memory map

LOAD d:/ide/stm32cubeide_1.5.0/stm32cubeide/plugins/com.st.stm32cube.ide.mcu.externaltools.gnu-tools-for-stm32.7-2018-q2-update.win32_1.5.0.202011040924/tools/bin/../lib/gcc/arm-none-eabi/7.3.1/thumb/v7-m/crti.o
LOAD d:/ide/stm32cubeide_1.5.0/stm32cubeide/plugins/com.st.stm32cube.ide.mcu.externaltools.gnu-tools-for-stm32.7-2018-q2-update.win32_1.5.0.202011040924/tools/bin/../lib/gcc/arm-none-eabi/7.3.1/thumb/v7-m/crtbegin.o
LOAD d:/ide/stm32cubeide_1.5.0/stm32cubeide/plugins/com.st.stm32cube.ide.mcu.externaltools.gnu-tools-for-stm32.7-2018-q2-update.win32_1.5.0.202011040924/tools/bin/../lib/gcc/arm-none-eabi/7.3.1/../../../../arm-none-eabi/lib/thumb/v7-m/crt0.o
LOAD Core/Src/beep.o
LOAD Core/Src/blueteeth.o
LOAD Core/Src/encode.o
LOAD Core/Src/gpio.o
LOAD Core/Src/i2c.o
LOAD Core/Src/main.o
LOAD Core/Src/motor.o
LOAD Core/Src/oled.o
LOAD Core/Src/openmv.o
LOAD Core/Src/stm32f1xx_hal_msp.o
LOAD Core/Src/stm32f1xx_it.o
LOAD Core/Src/syscalls.o
LOAD Core/Src/sysmem.o
LOAD Core/Src/system_stm32f1xx.o
LOAD Core/Src/tim.o
LOAD Core/Src/usart.o
LOAD Core/Startup/startup_stm32f103vetx.o
LOAD Drivers/STM32F1xx_HAL_Driver/Src/stm32f1xx_hal.o
LOAD Drivers/STM32F1xx_HAL_Driver/Src/stm32f1xx_hal_cortex.o
LOAD Drivers/STM32F1xx_HAL_Driver/Src/stm32f1xx_hal_dma.o
LOAD Drivers/STM32F1xx_HAL_Driver/Src/stm32f1xx_hal_exti.o
LOAD Drivers/STM32F1xx_HAL_Driver/Src/stm32f1xx_hal_flash.o
LOAD Drivers/STM32F1xx_HAL_Driver/Src/stm32f1xx_hal_flash_ex.o
LOAD Drivers/STM32F1xx_HAL_Driver/Src/stm32f1xx_hal_gpio.o
LOAD Drivers/STM32F1xx_HAL_Driver/Src/stm32f1xx_hal_gpio_ex.o
LOAD Drivers/STM32F1xx_HAL_Driver/Src/stm32f1xx_hal_i2c.o
LOAD Drivers/STM32F1xx_HAL_Driver/Src/stm32f1xx_hal_pwr.o
LOAD Drivers/STM32F1xx_HAL_Driver/Src/stm32f1xx_hal_rcc.o
LOAD Drivers/STM32F1xx_HAL_Driver/Src/stm32f1xx_hal_rcc_ex.o
LOAD Drivers/STM32F1xx_HAL_Driver/Src/stm32f1xx_hal_tim.o
LOAD Drivers/STM32F1xx_HAL_Driver/Src/stm32f1xx_hal_tim_ex.o
LOAD Drivers/STM32F1xx_HAL_Driver/Src/stm32f1xx_hal_uart.o
START GROUP
LOAD d:/ide/stm32cubeide_1.5.0/stm32cubeide/plugins/com.st.stm32cube.ide.mcu.externaltools.gnu-tools-for-stm32.7-2018-q2-update.win32_1.5.0.202011040924/tools/bin/../lib/gcc/arm-none-eabi/7.3.1/../../../../arm-none-eabi/lib/thumb/v7-m\libc_nano.a
LOAD d:/ide/stm32cubeide_1.5.0/stm32cubeide/plugins/com.st.stm32cube.ide.mcu.externaltools.gnu-tools-for-stm32.7-2018-q2-update.win32_1.5.0.202011040924/tools/bin/../lib/gcc/arm-none-eabi/7.3.1/../../../../arm-none-eabi/lib/thumb/v7-m\libm.a
END GROUP
START GROUP
LOAD d:/ide/stm32cubeide_1.5.0/stm32cubeide/plugins/com.st.stm32cube.ide.mcu.externaltools.gnu-tools-for-stm32.7-2018-q2-update.win32_1.5.0.202011040924/tools/bin/../lib/gcc/arm-none-eabi/7.3.1/thumb/v7-m\libgcc.a
LOAD d:/ide/stm32cubeide_1.5.0/stm32cubeide/plugins/com.st.stm32cube.ide.mcu.externaltools.gnu-tools-for-stm32.7-2018-q2-update.win32_1.5.0.202011040924/tools/bin/../lib/gcc/arm-none-eabi/7.3.1/../../../../arm-none-eabi/lib/thumb/v7-m\libc_nano.a
END GROUP
START GROUP
LOAD d:/ide/stm32cubeide_1.5.0/stm32cubeide/plugins/com.st.stm32cube.ide.mcu.externaltools.gnu-tools-for-stm32.7-2018-q2-update.win32_1.5.0.202011040924/tools/bin/../lib/gcc/arm-none-eabi/7.3.1/thumb/v7-m\libgcc.a
LOAD d:/ide/stm32cubeide_1.5.0/stm32cubeide/plugins/com.st.stm32cube.ide.mcu.externaltools.gnu-tools-for-stm32.7-2018-q2-update.win32_1.5.0.202011040924/tools/bin/../lib/gcc/arm-none-eabi/7.3.1/../../../../arm-none-eabi/lib/thumb/v7-m\libc_nano.a
LOAD d:/ide/stm32cubeide_1.5.0/stm32cubeide/plugins/com.st.stm32cube.ide.mcu.externaltools.gnu-tools-for-stm32.7-2018-q2-update.win32_1.5.0.202011040924/tools/bin/../lib/gcc/arm-none-eabi/7.3.1/../../../../arm-none-eabi/lib/thumb/v7-m\libnosys.a
END GROUP
START GROUP
LOAD d:/ide/stm32cubeide_1.5.0/stm32cubeide/plugins/com.st.stm32cube.ide.mcu.externaltools.gnu-tools-for-stm32.7-2018-q2-update.win32_1.5.0.202011040924/tools/bin/../lib/gcc/arm-none-eabi/7.3.1/thumb/v7-m\libgcc.a
LOAD d:/ide/stm32cubeide_1.5.0/stm32cubeide/plugins/com.st.stm32cube.ide.mcu.externaltools.gnu-tools-for-stm32.7-2018-q2-update.win32_1.5.0.202011040924/tools/bin/../lib/gcc/arm-none-eabi/7.3.1/../../../../arm-none-eabi/lib/thumb/v7-m\libc_nano.a
LOAD d:/ide/stm32cubeide_1.5.0/stm32cubeide/plugins/com.st.stm32cube.ide.mcu.externaltools.gnu-tools-for-stm32.7-2018-q2-update.win32_1.5.0.202011040924/tools/bin/../lib/gcc/arm-none-eabi/7.3.1/../../../../arm-none-eabi/lib/thumb/v7-m\libnosys.a
END GROUP
LOAD d:/ide/stm32cubeide_1.5.0/stm32cubeide/plugins/com.st.stm32cube.ide.mcu.externaltools.gnu-tools-for-stm32.7-2018-q2-update.win32_1.5.0.202011040924/tools/bin/../lib/gcc/arm-none-eabi/7.3.1/thumb/v7-m/crtend.o
LOAD d:/ide/stm32cubeide_1.5.0/stm32cubeide/plugins/com.st.stm32cube.ide.mcu.externaltools.gnu-tools-for-stm32.7-2018-q2-update.win32_1.5.0.202011040924/tools/bin/../lib/gcc/arm-none-eabi/7.3.1/thumb/v7-m/crtn.o
                0x0000000020010000                _estack = (ORIGIN (RAM) + LENGTH (RAM))
                0x0000000000000200                _Min_Heap_Size = 0x200
                0x0000000000000400                _Min_Stack_Size = 0x400

.isr_vector     0x0000000008000000      0x1e4
                0x0000000008000000                . = ALIGN (0x4)
 *(.isr_vector)
 .isr_vector    0x0000000008000000      0x1e4 Core/Startup/startup_stm32f103vetx.o
                0x0000000008000000                g_pfnVectors
                0x00000000080001e4                . = ALIGN (0x4)

.text           0x00000000080001e4     0x5574
                0x00000000080001e4                . = ALIGN (0x4)
 *(.text)
 .text          0x00000000080001e4       0x40 d:/ide/stm32cubeide_1.5.0/stm32cubeide/plugins/com.st.stm32cube.ide.mcu.externaltools.gnu-tools-for-stm32.7-2018-q2-update.win32_1.5.0.202011040924/tools/bin/../lib/gcc/arm-none-eabi/7.3.1/thumb/v7-m/crtbegin.o
 *(.text*)
 .text.HAL_UART_RxCpltCallback
                0x0000000008000224       0x68 Core/Src/blueteeth.o
                0x0000000008000224                HAL_UART_RxCpltCallback
 .text.MX_GPIO_Init
                0x000000000800028c      0x104 Core/Src/gpio.o
                0x000000000800028c                MX_GPIO_Init
 .text.MX_I2C1_Init
                0x0000000008000390       0x5c Core/Src/i2c.o
                0x0000000008000390                MX_I2C1_Init
 .text.HAL_I2C_MspInit
                0x00000000080003ec       0x7c Core/Src/i2c.o
                0x00000000080003ec                HAL_I2C_MspInit
 .text.main     0x0000000008000468       0x6c Core/Src/main.o
                0x0000000008000468                main
 .text.SystemClock_Config
                0x00000000080004d4       0x82 Core/Src/main.o
                0x00000000080004d4                SystemClock_Config
 .text.MX_NVIC_Init
                0x0000000008000556       0x18 Core/Src/main.o
 .text.Error_Handler
                0x000000000800056e        0x8 Core/Src/main.o
                0x000000000800056e                Error_Handler
 *fill*         0x0000000008000576        0x2 
 .text.Mecanum_wheel_Init
                0x0000000008000578       0x5c Core/Src/motor.o
                0x0000000008000578                Mecanum_wheel_Init
 .text.Wheel_Pin_Init
                0x00000000080005d4       0x4c Core/Src/motor.o
                0x00000000080005d4                Wheel_Pin_Init
 .text.Boot_animation
                0x0000000008000620       0x28 Core/Src/oled.o
                0x0000000008000620                Boot_animation
 .text.oled_show
                0x0000000008000648       0xb0 Core/Src/oled.o
                0x0000000008000648                oled_show
 .text.WriteCmd
                0x00000000080006f8       0x4c Core/Src/oled.o
                0x00000000080006f8                WriteCmd
 .text.OLED_WR_CMD
                0x0000000008000744       0x30 Core/Src/oled.o
                0x0000000008000744                OLED_WR_CMD
 .text.OLED_WR_DATA
                0x0000000008000774       0x30 Core/Src/oled.o
                0x0000000008000774                OLED_WR_DATA
 .text.OLED_Init
                0x00000000080007a4       0x12 Core/Src/oled.o
                0x00000000080007a4                OLED_Init
 .text.OLED_Clear
                0x00000000080007b6       0x52 Core/Src/oled.o
                0x00000000080007b6                OLED_Clear
 .text.OLED_Set_Pos
                0x0000000008000808       0x44 Core/Src/oled.o
                0x0000000008000808                OLED_Set_Pos
 .text.OLED_ShowChar
                0x000000000800084c       0xf4 Core/Src/oled.o
                0x000000000800084c                OLED_ShowChar
 .text.OLED_ShowString
                0x0000000008000940       0x5e Core/Src/oled.o
                0x0000000008000940                OLED_ShowString
 *fill*         0x000000000800099e        0x2 
 .text.HAL_MspInit
                0x00000000080009a0       0x64 Core/Src/stm32f1xx_hal_msp.o
                0x00000000080009a0                HAL_MspInit
 .text.NMI_Handler
                0x0000000008000a04        0x6 Core/Src/stm32f1xx_it.o
                0x0000000008000a04                NMI_Handler
 .text.HardFault_Handler
                0x0000000008000a0a        0x6 Core/Src/stm32f1xx_it.o
                0x0000000008000a0a                HardFault_Handler
 .text.MemManage_Handler
                0x0000000008000a10        0x6 Core/Src/stm32f1xx_it.o
                0x0000000008000a10                MemManage_Handler
 .text.BusFault_Handler
                0x0000000008000a16        0x6 Core/Src/stm32f1xx_it.o
                0x0000000008000a16                BusFault_Handler
 .text.UsageFault_Handler
                0x0000000008000a1c        0x6 Core/Src/stm32f1xx_it.o
                0x0000000008000a1c                UsageFault_Handler
 .text.SVC_Handler
                0x0000000008000a22        0xc Core/Src/stm32f1xx_it.o
                0x0000000008000a22                SVC_Handler
 .text.DebugMon_Handler
                0x0000000008000a2e        0xc Core/Src/stm32f1xx_it.o
                0x0000000008000a2e                DebugMon_Handler
 .text.PendSV_Handler
                0x0000000008000a3a        0xc Core/Src/stm32f1xx_it.o
                0x0000000008000a3a                PendSV_Handler
 .text.SysTick_Handler
                0x0000000008000a46        0xc Core/Src/stm32f1xx_it.o
                0x0000000008000a46                SysTick_Handler
 *fill*         0x0000000008000a52        0x2 
 .text.USART1_IRQHandler
                0x0000000008000a54       0x14 Core/Src/stm32f1xx_it.o
                0x0000000008000a54                USART1_IRQHandler
 .text.USART3_IRQHandler
                0x0000000008000a68       0x14 Core/Src/stm32f1xx_it.o
                0x0000000008000a68                USART3_IRQHandler
 .text.TIM7_IRQHandler
                0x0000000008000a7c       0x14 Core/Src/stm32f1xx_it.o
                0x0000000008000a7c                TIM7_IRQHandler
 .text._read    0x0000000008000a90       0x3a Core/Src/syscalls.o
                0x0000000008000a90                _read
 .text._write   0x0000000008000aca       0x38 Core/Src/syscalls.o
                0x0000000008000aca                _write
 .text._close   0x0000000008000b02       0x16 Core/Src/syscalls.o
                0x0000000008000b02                _close
 .text._fstat   0x0000000008000b18       0x1e Core/Src/syscalls.o
                0x0000000008000b18                _fstat
 .text._isatty  0x0000000008000b36       0x14 Core/Src/syscalls.o
                0x0000000008000b36                _isatty
 .text._lseek   0x0000000008000b4a       0x18 Core/Src/syscalls.o
                0x0000000008000b4a                _lseek
 *fill*         0x0000000008000b62        0x2 
 .text._sbrk    0x0000000008000b64       0x6c Core/Src/sysmem.o
                0x0000000008000b64                _sbrk
 .text.SystemInit
                0x0000000008000bd0        0xc Core/Src/system_stm32f1xx.o
                0x0000000008000bd0                SystemInit
 .text.MX_TIM1_Init
                0x0000000008000bdc      0x130 Core/Src/tim.o
                0x0000000008000bdc                MX_TIM1_Init
 .text.MX_TIM2_Init
                0x0000000008000d0c       0xc8 Core/Src/tim.o
                0x0000000008000d0c                MX_TIM2_Init
 .text.MX_TIM3_Init
                0x0000000008000dd4       0xcc Core/Src/tim.o
                0x0000000008000dd4                MX_TIM3_Init
 .text.MX_TIM4_Init
                0x0000000008000ea0       0xcc Core/Src/tim.o
                0x0000000008000ea0                MX_TIM4_Init
 .text.MX_TIM7_Init
                0x0000000008000f6c       0x6c Core/Src/tim.o
                0x0000000008000f6c                MX_TIM7_Init
 .text.HAL_TIM_PWM_MspInit
                0x0000000008000fd8       0xb0 Core/Src/tim.o
                0x0000000008000fd8                HAL_TIM_PWM_MspInit
 .text.HAL_TIM_Base_MspInit
                0x0000000008001088       0x4c Core/Src/tim.o
                0x0000000008001088                HAL_TIM_Base_MspInit
 .text.HAL_TIM_MspPostInit
                0x00000000080010d4      0x174 Core/Src/tim.o
                0x00000000080010d4                HAL_TIM_MspPostInit
 .text.MX_USART1_UART_Init
                0x0000000008001248       0x54 Core/Src/usart.o
                0x0000000008001248                MX_USART1_UART_Init
 .text.MX_USART3_UART_Init
                0x000000000800129c       0x54 Core/Src/usart.o
                0x000000000800129c                MX_USART3_UART_Init
 .text.HAL_UART_MspInit
                0x00000000080012f0      0x148 Core/Src/usart.o
                0x00000000080012f0                HAL_UART_MspInit
 .text.__io_putchar
                0x0000000008001438       0x38 Core/Src/usart.o
                0x0000000008001438                __io_putchar
 .text.Reset_Handler
                0x0000000008001470       0x48 Core/Startup/startup_stm32f103vetx.o
                0x0000000008001470                Reset_Handler
 .text.Default_Handler
                0x00000000080014b8        0x2 Core/Startup/startup_stm32f103vetx.o
                0x00000000080014b8                RTC_Alarm_IRQHandler
                0x00000000080014b8                EXTI2_IRQHandler
                0x00000000080014b8                TIM8_TRG_COM_IRQHandler
                0x00000000080014b8                TIM8_CC_IRQHandler
                0x00000000080014b8                TIM1_CC_IRQHandler
                0x00000000080014b8                TIM6_IRQHandler
                0x00000000080014b8                PVD_IRQHandler
                0x00000000080014b8                SDIO_IRQHandler
                0x00000000080014b8                EXTI3_IRQHandler
                0x00000000080014b8                EXTI0_IRQHandler
                0x00000000080014b8                I2C2_EV_IRQHandler
                0x00000000080014b8                ADC1_2_IRQHandler
                0x00000000080014b8                SPI1_IRQHandler
                0x00000000080014b8                TAMPER_IRQHandler
                0x00000000080014b8                TIM8_UP_IRQHandler
                0x00000000080014b8                DMA2_Channel2_IRQHandler
                0x00000000080014b8                DMA1_Channel4_IRQHandler
                0x00000000080014b8                RTC_IRQHandler
                0x00000000080014b8                DMA1_Channel7_IRQHandler
                0x00000000080014b8                CAN1_RX1_IRQHandler
                0x00000000080014b8                UART5_IRQHandler
                0x00000000080014b8                ADC3_IRQHandler
                0x00000000080014b8                TIM4_IRQHandler
                0x00000000080014b8                DMA2_Channel1_IRQHandler
                0x00000000080014b8                I2C1_EV_IRQHandler
                0x00000000080014b8                DMA1_Channel6_IRQHandler
                0x00000000080014b8                UART4_IRQHandler
                0x00000000080014b8                TIM3_IRQHandler
                0x00000000080014b8                RCC_IRQHandler
                0x00000000080014b8                TIM1_TRG_COM_IRQHandler
                0x00000000080014b8                DMA1_Channel1_IRQHandler
                0x00000000080014b8                Default_Handler
                0x00000000080014b8                EXTI15_10_IRQHandler
                0x00000000080014b8                TIM5_IRQHandler
                0x00000000080014b8                EXTI9_5_IRQHandler
                0x00000000080014b8                SPI2_IRQHandler
                0x00000000080014b8                DMA1_Channel5_IRQHandler
                0x00000000080014b8                EXTI4_IRQHandler
                0x00000000080014b8                USB_LP_CAN1_RX0_IRQHandler
                0x00000000080014b8                USB_HP_CAN1_TX_IRQHandler
                0x00000000080014b8                DMA1_Channel3_IRQHandler
                0x00000000080014b8                FSMC_IRQHandler
                0x00000000080014b8                TIM1_UP_IRQHandler
                0x00000000080014b8                WWDG_IRQHandler
                0x00000000080014b8                TIM2_IRQHandler
                0x00000000080014b8                TIM1_BRK_IRQHandler
                0x00000000080014b8                EXTI1_IRQHandler
                0x00000000080014b8                DMA2_Channel4_5_IRQHandler
                0x00000000080014b8                USART2_IRQHandler
                0x00000000080014b8                I2C2_ER_IRQHandler
                0x00000000080014b8                DMA1_Channel2_IRQHandler
                0x00000000080014b8                TIM8_BRK_IRQHandler
                0x00000000080014b8                CAN1_SCE_IRQHandler
                0x00000000080014b8                FLASH_IRQHandler
                0x00000000080014b8                SPI3_IRQHandler
                0x00000000080014b8                I2C1_ER_IRQHandler
                0x00000000080014b8                USBWakeUp_IRQHandler
                0x00000000080014b8                DMA2_Channel3_IRQHandler
 *fill*         0x00000000080014ba        0x2 
 .text.HAL_Init
                0x00000000080014bc       0x2c Drivers/STM32F1xx_HAL_Driver/Src/stm32f1xx_hal.o
                0x00000000080014bc                HAL_Init
 .text.HAL_InitTick
                0x00000000080014e8       0x60 Drivers/STM32F1xx_HAL_Driver/Src/stm32f1xx_hal.o
                0x00000000080014e8                HAL_InitTick
 .text.HAL_IncTick
                0x0000000008001548       0x24 Drivers/STM32F1xx_HAL_Driver/Src/stm32f1xx_hal.o
                0x0000000008001548                HAL_IncTick
 .text.HAL_GetTick
                0x000000000800156c       0x14 Drivers/STM32F1xx_HAL_Driver/Src/stm32f1xx_hal.o
                0x000000000800156c                HAL_GetTick
 .text.HAL_Delay
                0x0000000008001580       0x44 Drivers/STM32F1xx_HAL_Driver/Src/stm32f1xx_hal.o
                0x0000000008001580                HAL_Delay
 .text.__NVIC_SetPriorityGrouping
                0x00000000080015c4       0x48 Drivers/STM32F1xx_HAL_Driver/Src/stm32f1xx_hal_cortex.o
 .text.__NVIC_GetPriorityGrouping
                0x000000000800160c       0x1c Drivers/STM32F1xx_HAL_Driver/Src/stm32f1xx_hal_cortex.o
 .text.__NVIC_EnableIRQ
                0x0000000008001628       0x38 Drivers/STM32F1xx_HAL_Driver/Src/stm32f1xx_hal_cortex.o
 .text.__NVIC_SetPriority
                0x0000000008001660       0x54 Drivers/STM32F1xx_HAL_Driver/Src/stm32f1xx_hal_cortex.o
 .text.NVIC_EncodePriority
                0x00000000080016b4       0x64 Drivers/STM32F1xx_HAL_Driver/Src/stm32f1xx_hal_cortex.o
 .text.SysTick_Config
                0x0000000008001718       0x44 Drivers/STM32F1xx_HAL_Driver/Src/stm32f1xx_hal_cortex.o
 .text.HAL_NVIC_SetPriorityGrouping
                0x000000000800175c       0x16 Drivers/STM32F1xx_HAL_Driver/Src/stm32f1xx_hal_cortex.o
                0x000000000800175c                HAL_NVIC_SetPriorityGrouping
 .text.HAL_NVIC_SetPriority
                0x0000000008001772       0x38 Drivers/STM32F1xx_HAL_Driver/Src/stm32f1xx_hal_cortex.o
                0x0000000008001772                HAL_NVIC_SetPriority
 .text.HAL_NVIC_EnableIRQ
                0x00000000080017aa       0x1c Drivers/STM32F1xx_HAL_Driver/Src/stm32f1xx_hal_cortex.o
                0x00000000080017aa                HAL_NVIC_EnableIRQ
 .text.HAL_SYSTICK_Config
                0x00000000080017c6       0x18 Drivers/STM32F1xx_HAL_Driver/Src/stm32f1xx_hal_cortex.o
                0x00000000080017c6                HAL_SYSTICK_Config
 .text.HAL_DMA_Abort
                0x00000000080017de       0x74 Drivers/STM32F1xx_HAL_Driver/Src/stm32f1xx_hal_dma.o
                0x00000000080017de                HAL_DMA_Abort
 *fill*         0x0000000008001852        0x2 
 .text.HAL_DMA_Abort_IT
                0x0000000008001854      0x210 Drivers/STM32F1xx_HAL_Driver/Src/stm32f1xx_hal_dma.o
                0x0000000008001854                HAL_DMA_Abort_IT
 .text.HAL_GPIO_Init
                0x0000000008001a64      0x2d4 Drivers/STM32F1xx_HAL_Driver/Src/stm32f1xx_hal_gpio.o
                0x0000000008001a64                HAL_GPIO_Init
 .text.HAL_GPIO_WritePin
                0x0000000008001d38       0x30 Drivers/STM32F1xx_HAL_Driver/Src/stm32f1xx_hal_gpio.o
                0x0000000008001d38                HAL_GPIO_WritePin
 .text.HAL_I2C_Init
                0x0000000008001d68      0x270 Drivers/STM32F1xx_HAL_Driver/Src/stm32f1xx_hal_i2c.o
                0x0000000008001d68                HAL_I2C_Init
 .text.HAL_I2C_Mem_Write
                0x0000000008001fd8      0x1f4 Drivers/STM32F1xx_HAL_Driver/Src/stm32f1xx_hal_i2c.o
                0x0000000008001fd8                HAL_I2C_Mem_Write
 .text.I2C_RequestMemoryWrite
                0x00000000080021cc      0x12c Drivers/STM32F1xx_HAL_Driver/Src/stm32f1xx_hal_i2c.o
 .text.I2C_WaitOnFlagUntilTimeout
                0x00000000080022f8       0xae Drivers/STM32F1xx_HAL_Driver/Src/stm32f1xx_hal_i2c.o
 .text.I2C_WaitOnMasterAddressFlagUntilTimeout
                0x00000000080023a6       0xfe Drivers/STM32F1xx_HAL_Driver/Src/stm32f1xx_hal_i2c.o
 .text.I2C_WaitOnTXEFlagUntilTimeout
                0x00000000080024a4       0x82 Drivers/STM32F1xx_HAL_Driver/Src/stm32f1xx_hal_i2c.o
 .text.I2C_WaitOnBTFFlagUntilTimeout
                0x0000000008002526       0x82 Drivers/STM32F1xx_HAL_Driver/Src/stm32f1xx_hal_i2c.o
 .text.I2C_IsAcknowledgeFailed
                0x00000000080025a8       0x5c Drivers/STM32F1xx_HAL_Driver/Src/stm32f1xx_hal_i2c.o
 .text.HAL_RCC_OscConfig
                0x0000000008002604      0x500 Drivers/STM32F1xx_HAL_Driver/Src/stm32f1xx_hal_rcc.o
                0x0000000008002604                HAL_RCC_OscConfig
 .text.HAL_RCC_ClockConfig
                0x0000000008002b04      0x1d4 Drivers/STM32F1xx_HAL_Driver/Src/stm32f1xx_hal_rcc.o
                0x0000000008002b04                HAL_RCC_ClockConfig
 .text.HAL_RCC_GetSysClockFreq
                0x0000000008002cd8       0xc4 Drivers/STM32F1xx_HAL_Driver/Src/stm32f1xx_hal_rcc.o
                0x0000000008002cd8                HAL_RCC_GetSysClockFreq
 .text.HAL_RCC_GetHCLKFreq
                0x0000000008002d9c       0x14 Drivers/STM32F1xx_HAL_Driver/Src/stm32f1xx_hal_rcc.o
                0x0000000008002d9c                HAL_RCC_GetHCLKFreq
 .text.HAL_RCC_GetPCLK1Freq
                0x0000000008002db0       0x28 Drivers/STM32F1xx_HAL_Driver/Src/stm32f1xx_hal_rcc.o
                0x0000000008002db0                HAL_RCC_GetPCLK1Freq
 .text.HAL_RCC_GetPCLK2Freq
                0x0000000008002dd8       0x28 Drivers/STM32F1xx_HAL_Driver/Src/stm32f1xx_hal_rcc.o
                0x0000000008002dd8                HAL_RCC_GetPCLK2Freq
 .text.RCC_Delay
                0x0000000008002e00       0x3c Drivers/STM32F1xx_HAL_Driver/Src/stm32f1xx_hal_rcc.o
 .text.HAL_TIM_Base_Init
                0x0000000008002e3c       0x9e Drivers/STM32F1xx_HAL_Driver/Src/stm32f1xx_hal_tim.o
                0x0000000008002e3c                HAL_TIM_Base_Init
 .text.HAL_TIM_PWM_Init
                0x0000000008002eda       0x9e Drivers/STM32F1xx_HAL_Driver/Src/stm32f1xx_hal_tim.o
                0x0000000008002eda                HAL_TIM_PWM_Init
 .text.HAL_TIM_PWM_Start
                0x0000000008002f78      0x174 Drivers/STM32F1xx_HAL_Driver/Src/stm32f1xx_hal_tim.o
                0x0000000008002f78                HAL_TIM_PWM_Start
 .text.HAL_TIM_IRQHandler
                0x00000000080030ec      0x210 Drivers/STM32F1xx_HAL_Driver/Src/stm32f1xx_hal_tim.o
                0x00000000080030ec                HAL_TIM_IRQHandler
 .text.HAL_TIM_PWM_ConfigChannel
                0x00000000080032fc      0x17c Drivers/STM32F1xx_HAL_Driver/Src/stm32f1xx_hal_tim.o
                0x00000000080032fc                HAL_TIM_PWM_ConfigChannel
 .text.HAL_TIM_PeriodElapsedCallback
                0x0000000008003478       0x12 Drivers/STM32F1xx_HAL_Driver/Src/stm32f1xx_hal_tim.o
                0x0000000008003478                HAL_TIM_PeriodElapsedCallback
 .text.HAL_TIM_OC_DelayElapsedCallback
                0x000000000800348a       0x12 Drivers/STM32F1xx_HAL_Driver/Src/stm32f1xx_hal_tim.o
                0x000000000800348a                HAL_TIM_OC_DelayElapsedCallback
 .text.HAL_TIM_IC_CaptureCallback
                0x000000000800349c       0x12 Drivers/STM32F1xx_HAL_Driver/Src/stm32f1xx_hal_tim.o
                0x000000000800349c                HAL_TIM_IC_CaptureCallback
 .text.HAL_TIM_PWM_PulseFinishedCallback
                0x00000000080034ae       0x12 Drivers/STM32F1xx_HAL_Driver/Src/stm32f1xx_hal_tim.o
                0x00000000080034ae                HAL_TIM_PWM_PulseFinishedCallback
 .text.HAL_TIM_TriggerCallback
                0x00000000080034c0       0x12 Drivers/STM32F1xx_HAL_Driver/Src/stm32f1xx_hal_tim.o
                0x00000000080034c0                HAL_TIM_TriggerCallback
 *fill*         0x00000000080034d2        0x2 
 .text.TIM_Base_SetConfig
                0x00000000080034d4       0xf4 Drivers/STM32F1xx_HAL_Driver/Src/stm32f1xx_hal_tim.o
                0x00000000080034d4                TIM_Base_SetConfig
 .text.TIM_OC1_SetConfig
                0x00000000080035c8       0xe0 Drivers/STM32F1xx_HAL_Driver/Src/stm32f1xx_hal_tim.o
 .text.TIM_OC2_SetConfig
                0x00000000080036a8       0xe8 Drivers/STM32F1xx_HAL_Driver/Src/stm32f1xx_hal_tim.o
                0x00000000080036a8                TIM_OC2_SetConfig
 .text.TIM_OC3_SetConfig
                0x0000000008003790       0xe8 Drivers/STM32F1xx_HAL_Driver/Src/stm32f1xx_hal_tim.o
 .text.TIM_OC4_SetConfig
                0x0000000008003878       0xa8 Drivers/STM32F1xx_HAL_Driver/Src/stm32f1xx_hal_tim.o
 .text.TIM_CCxChannelCmd
                0x0000000008003920       0x48 Drivers/STM32F1xx_HAL_Driver/Src/stm32f1xx_hal_tim.o
                0x0000000008003920                TIM_CCxChannelCmd
 .text.HAL_TIMEx_MasterConfigSynchronization
                0x0000000008003968       0xd8 Drivers/STM32F1xx_HAL_Driver/Src/stm32f1xx_hal_tim_ex.o
                0x0000000008003968                HAL_TIMEx_MasterConfigSynchronization
 .text.HAL_TIMEx_ConfigBreakDeadTime
                0x0000000008003a40       0xa2 Drivers/STM32F1xx_HAL_Driver/Src/stm32f1xx_hal_tim_ex.o
                0x0000000008003a40                HAL_TIMEx_ConfigBreakDeadTime
 .text.HAL_TIMEx_CommutCallback
                0x0000000008003ae2       0x12 Drivers/STM32F1xx_HAL_Driver/Src/stm32f1xx_hal_tim_ex.o
                0x0000000008003ae2                HAL_TIMEx_CommutCallback
 .text.HAL_TIMEx_BreakCallback
                0x0000000008003af4       0x12 Drivers/STM32F1xx_HAL_Driver/Src/stm32f1xx_hal_tim_ex.o
                0x0000000008003af4                HAL_TIMEx_BreakCallback
 .text.HAL_UART_Init
                0x0000000008003b06       0x9a Drivers/STM32F1xx_HAL_Driver/Src/stm32f1xx_hal_uart.o
                0x0000000008003b06                HAL_UART_Init
 .text.HAL_UART_Transmit
                0x0000000008003ba0      0x124 Drivers/STM32F1xx_HAL_Driver/Src/stm32f1xx_hal_uart.o
                0x0000000008003ba0                HAL_UART_Transmit
 .text.HAL_UART_Receive_IT
                0x0000000008003cc4       0x60 Drivers/STM32F1xx_HAL_Driver/Src/stm32f1xx_hal_uart.o
                0x0000000008003cc4                HAL_UART_Receive_IT
 .text.HAL_UART_IRQHandler
                0x0000000008003d24      0x358 Drivers/STM32F1xx_HAL_Driver/Src/stm32f1xx_hal_uart.o
                0x0000000008003d24                HAL_UART_IRQHandler
 .text.HAL_UART_TxCpltCallback
                0x000000000800407c       0x12 Drivers/STM32F1xx_HAL_Driver/Src/stm32f1xx_hal_uart.o
                0x000000000800407c                HAL_UART_TxCpltCallback
 .text.HAL_UART_ErrorCallback
                0x000000000800408e       0x12 Drivers/STM32F1xx_HAL_Driver/Src/stm32f1xx_hal_uart.o
                0x000000000800408e                HAL_UART_ErrorCallback
 .text.HAL_UARTEx_RxEventCallback
                0x00000000080040a0       0x16 Drivers/STM32F1xx_HAL_Driver/Src/stm32f1xx_hal_uart.o
                0x00000000080040a0                HAL_UARTEx_RxEventCallback
 .text.UART_WaitOnFlagUntilTimeout
                0x00000000080040b6       0x94 Drivers/STM32F1xx_HAL_Driver/Src/stm32f1xx_hal_uart.o
 .text.UART_Start_Receive_IT
                0x000000000800414a       0x72 Drivers/STM32F1xx_HAL_Driver/Src/stm32f1xx_hal_uart.o
                0x000000000800414a                UART_Start_Receive_IT
 .text.UART_EndRxTransfer
                0x00000000080041bc       0x58 Drivers/STM32F1xx_HAL_Driver/Src/stm32f1xx_hal_uart.o
 .text.UART_DMAAbortOnError
                0x0000000008004214       0x28 Drivers/STM32F1xx_HAL_Driver/Src/stm32f1xx_hal_uart.o
 .text.UART_Transmit_IT
                0x000000000800423c       0x9e Drivers/STM32F1xx_HAL_Driver/Src/stm32f1xx_hal_uart.o
 .text.UART_EndTransmit_IT
                0x00000000080042da       0x30 Drivers/STM32F1xx_HAL_Driver/Src/stm32f1xx_hal_uart.o
 .text.UART_Receive_IT
                0x000000000800430a      0x152 Drivers/STM32F1xx_HAL_Driver/Src/stm32f1xx_hal_uart.o
 .text.UART_SetConfig
                0x000000000800445c      0x11c Drivers/STM32F1xx_HAL_Driver/Src/stm32f1xx_hal_uart.o
 .text.__errno  0x0000000008004578        0xc d:/ide/stm32cubeide_1.5.0/stm32cubeide/plugins/com.st.stm32cube.ide.mcu.externaltools.gnu-tools-for-stm32.7-2018-q2-update.win32_1.5.0.202011040924/tools/bin/../lib/gcc/arm-none-eabi/7.3.1/../../../../arm-none-eabi/lib/thumb/v7-m\libc_nano.a(lib_a-errno.o)
                0x0000000008004578                __errno
 .text.__libc_init_array
                0x0000000008004584       0x48 d:/ide/stm32cubeide_1.5.0/stm32cubeide/plugins/com.st.stm32cube.ide.mcu.externaltools.gnu-tools-for-stm32.7-2018-q2-update.win32_1.5.0.202011040924/tools/bin/../lib/gcc/arm-none-eabi/7.3.1/../../../../arm-none-eabi/lib/thumb/v7-m\libc_nano.a(lib_a-init.o)
                0x0000000008004584                __libc_init_array
 .text.memset   0x00000000080045cc       0x10 d:/ide/stm32cubeide_1.5.0/stm32cubeide/plugins/com.st.stm32cube.ide.mcu.externaltools.gnu-tools-for-stm32.7-2018-q2-update.win32_1.5.0.202011040924/tools/bin/../lib/gcc/arm-none-eabi/7.3.1/../../../../arm-none-eabi/lib/thumb/v7-m\libc_nano.a(lib_a-memset.o)
                0x00000000080045cc                memset
 .text.printf   0x00000000080045dc       0x30 d:/ide/stm32cubeide_1.5.0/stm32cubeide/plugins/com.st.stm32cube.ide.mcu.externaltools.gnu-tools-for-stm32.7-2018-q2-update.win32_1.5.0.202011040924/tools/bin/../lib/gcc/arm-none-eabi/7.3.1/../../../../arm-none-eabi/lib/thumb/v7-m\libc_nano.a(lib_a-printf.o)
                0x00000000080045dc                iprintf
                0x00000000080045dc                printf
 .text.sprintf  0x000000000800460c       0x40 d:/ide/stm32cubeide_1.5.0/stm32cubeide/plugins/com.st.stm32cube.ide.mcu.externaltools.gnu-tools-for-stm32.7-2018-q2-update.win32_1.5.0.202011040924/tools/bin/../lib/gcc/arm-none-eabi/7.3.1/../../../../arm-none-eabi/lib/thumb/v7-m\libc_nano.a(lib_a-sprintf.o)
                0x000000000800460c                siprintf
                0x000000000800460c                sprintf
 .text.__swbuf_r
                0x000000000800464c       0xa4 d:/ide/stm32cubeide_1.5.0/stm32cubeide/plugins/com.st.stm32cube.ide.mcu.externaltools.gnu-tools-for-stm32.7-2018-q2-update.win32_1.5.0.202011040924/tools/bin/../lib/gcc/arm-none-eabi/7.3.1/../../../../arm-none-eabi/lib/thumb/v7-m\libc_nano.a(lib_a-wbuf.o)
                0x000000000800464c                __swbuf_r
 .text.__swsetup_r
                0x00000000080046f0       0xdc d:/ide/stm32cubeide_1.5.0/stm32cubeide/plugins/com.st.stm32cube.ide.mcu.externaltools.gnu-tools-for-stm32.7-2018-q2-update.win32_1.5.0.202011040924/tools/bin/../lib/gcc/arm-none-eabi/7.3.1/../../../../arm-none-eabi/lib/thumb/v7-m\libc_nano.a(lib_a-wsetup.o)
                0x00000000080046f0                __swsetup_r
 .text.__sflush_r
                0x00000000080047cc      0x10c d:/ide/stm32cubeide_1.5.0/stm32cubeide/plugins/com.st.stm32cube.ide.mcu.externaltools.gnu-tools-for-stm32.7-2018-q2-update.win32_1.5.0.202011040924/tools/bin/../lib/gcc/arm-none-eabi/7.3.1/../../../../arm-none-eabi/lib/thumb/v7-m\libc_nano.a(lib_a-fflush.o)
                0x00000000080047cc                __sflush_r
 .text._fflush_r
                0x00000000080048d8       0x54 d:/ide/stm32cubeide_1.5.0/stm32cubeide/plugins/com.st.stm32cube.ide.mcu.externaltools.gnu-tools-for-stm32.7-2018-q2-update.win32_1.5.0.202011040924/tools/bin/../lib/gcc/arm-none-eabi/7.3.1/../../../../arm-none-eabi/lib/thumb/v7-m\libc_nano.a(lib_a-fflush.o)
                0x00000000080048d8                _fflush_r
 .text.std      0x000000000800492c       0x48 d:/ide/stm32cubeide_1.5.0/stm32cubeide/plugins/com.st.stm32cube.ide.mcu.externaltools.gnu-tools-for-stm32.7-2018-q2-update.win32_1.5.0.202011040924/tools/bin/../lib/gcc/arm-none-eabi/7.3.1/../../../../arm-none-eabi/lib/thumb/v7-m\libc_nano.a(lib_a-findfp.o)
 .text._cleanup_r
                0x0000000008004974        0xc d:/ide/stm32cubeide_1.5.0/stm32cubeide/plugins/com.st.stm32cube.ide.mcu.externaltools.gnu-tools-for-stm32.7-2018-q2-update.win32_1.5.0.202011040924/tools/bin/../lib/gcc/arm-none-eabi/7.3.1/../../../../arm-none-eabi/lib/thumb/v7-m\libc_nano.a(lib_a-findfp.o)
                0x0000000008004974                _cleanup_r
 .text.__sfmoreglue
                0x0000000008004980       0x2c d:/ide/stm32cubeide_1.5.0/stm32cubeide/plugins/com.st.stm32cube.ide.mcu.externaltools.gnu-tools-for-stm32.7-2018-q2-update.win32_1.5.0.202011040924/tools/bin/../lib/gcc/arm-none-eabi/7.3.1/../../../../arm-none-eabi/lib/thumb/v7-m\libc_nano.a(lib_a-findfp.o)
                0x0000000008004980                __sfmoreglue
 .text.__sinit  0x00000000080049ac       0x60 d:/ide/stm32cubeide_1.5.0/stm32cubeide/plugins/com.st.stm32cube.ide.mcu.externaltools.gnu-tools-for-stm32.7-2018-q2-update.win32_1.5.0.202011040924/tools/bin/../lib/gcc/arm-none-eabi/7.3.1/../../../../arm-none-eabi/lib/thumb/v7-m\libc_nano.a(lib_a-findfp.o)
                0x00000000080049ac                __sinit
 .text.__sfp    0x0000000008004a0c       0x78 d:/ide/stm32cubeide_1.5.0/stm32cubeide/plugins/com.st.stm32cube.ide.mcu.externaltools.gnu-tools-for-stm32.7-2018-q2-update.win32_1.5.0.202011040924/tools/bin/../lib/gcc/arm-none-eabi/7.3.1/../../../../arm-none-eabi/lib/thumb/v7-m\libc_nano.a(lib_a-findfp.o)
                0x0000000008004a0c                __sfp
 .text._fwalk_reent
                0x0000000008004a84       0x3c d:/ide/stm32cubeide_1.5.0/stm32cubeide/plugins/com.st.stm32cube.ide.mcu.externaltools.gnu-tools-for-stm32.7-2018-q2-update.win32_1.5.0.202011040924/tools/bin/../lib/gcc/arm-none-eabi/7.3.1/../../../../arm-none-eabi/lib/thumb/v7-m\libc_nano.a(lib_a-fwalk.o)
                0x0000000008004a84                _fwalk_reent
 .text.__swhatbuf_r
                0x0000000008004ac0       0x48 d:/ide/stm32cubeide_1.5.0/stm32cubeide/plugins/com.st.stm32cube.ide.mcu.externaltools.gnu-tools-for-stm32.7-2018-q2-update.win32_1.5.0.202011040924/tools/bin/../lib/gcc/arm-none-eabi/7.3.1/../../../../arm-none-eabi/lib/thumb/v7-m\libc_nano.a(lib_a-makebuf.o)
                0x0000000008004ac0                __swhatbuf_r
 .text.__smakebuf_r
                0x0000000008004b08       0x80 d:/ide/stm32cubeide_1.5.0/stm32cubeide/plugins/com.st.stm32cube.ide.mcu.externaltools.gnu-tools-for-stm32.7-2018-q2-update.win32_1.5.0.202011040924/tools/bin/../lib/gcc/arm-none-eabi/7.3.1/../../../../arm-none-eabi/lib/thumb/v7-m\libc_nano.a(lib_a-makebuf.o)
                0x0000000008004b08                __smakebuf_r
 .text._free_r  0x0000000008004b88       0x98 d:/ide/stm32cubeide_1.5.0/stm32cubeide/plugins/com.st.stm32cube.ide.mcu.externaltools.gnu-tools-for-stm32.7-2018-q2-update.win32_1.5.0.202011040924/tools/bin/../lib/gcc/arm-none-eabi/7.3.1/../../../../arm-none-eabi/lib/thumb/v7-m\libc_nano.a(lib_a-nano-freer.o)
                0x0000000008004b88                _free_r
 .text._malloc_r
                0x0000000008004c20       0xb4 d:/ide/stm32cubeide_1.5.0/stm32cubeide/plugins/com.st.stm32cube.ide.mcu.externaltools.gnu-tools-for-stm32.7-2018-q2-update.win32_1.5.0.202011040924/tools/bin/../lib/gcc/arm-none-eabi/7.3.1/../../../../arm-none-eabi/lib/thumb/v7-m\libc_nano.a(lib_a-nano-mallocr.o)
                0x0000000008004c20                _malloc_r
 .text.__ssputs_r
                0x0000000008004cd4       0xb4 d:/ide/stm32cubeide_1.5.0/stm32cubeide/plugins/com.st.stm32cube.ide.mcu.externaltools.gnu-tools-for-stm32.7-2018-q2-update.win32_1.5.0.202011040924/tools/bin/../lib/gcc/arm-none-eabi/7.3.1/../../../../arm-none-eabi/lib/thumb/v7-m\libc_nano.a(lib_a-nano-svfprintf.o)
                0x0000000008004cd4                __ssputs_r
 .text._svfprintf_r
                0x0000000008004d88      0x1f0 d:/ide/stm32cubeide_1.5.0/stm32cubeide/plugins/com.st.stm32cube.ide.mcu.externaltools.gnu-tools-for-stm32.7-2018-q2-update.win32_1.5.0.202011040924/tools/bin/../lib/gcc/arm-none-eabi/7.3.1/../../../../arm-none-eabi/lib/thumb/v7-m\libc_nano.a(lib_a-nano-svfprintf.o)
                0x0000000008004d88                _svfiprintf_r
                0x0000000008004d88                _svfprintf_r
 .text.__sfputc_r
                0x0000000008004f78       0x2a d:/ide/stm32cubeide_1.5.0/stm32cubeide/plugins/com.st.stm32cube.ide.mcu.externaltools.gnu-tools-for-stm32.7-2018-q2-update.win32_1.5.0.202011040924/tools/bin/../lib/gcc/arm-none-eabi/7.3.1/../../../../arm-none-eabi/lib/thumb/v7-m\libc_nano.a(lib_a-nano-vfprintf.o)
 .text.__sfputs_r
                0x0000000008004fa2       0x24 d:/ide/stm32cubeide_1.5.0/stm32cubeide/plugins/com.st.stm32cube.ide.mcu.externaltools.gnu-tools-for-stm32.7-2018-q2-update.win32_1.5.0.202011040924/tools/bin/../lib/gcc/arm-none-eabi/7.3.1/../../../../arm-none-eabi/lib/thumb/v7-m\libc_nano.a(lib_a-nano-vfprintf.o)
                0x0000000008004fa2                __sfputs_r
 *fill*         0x0000000008004fc6        0x2 
 .text._vfprintf_r
                0x0000000008004fc8      0x22c d:/ide/stm32cubeide_1.5.0/stm32cubeide/plugins/com.st.stm32cube.ide.mcu.externaltools.gnu-tools-for-stm32.7-2018-q2-update.win32_1.5.0.202011040924/tools/bin/../lib/gcc/arm-none-eabi/7.3.1/../../../../arm-none-eabi/lib/thumb/v7-m\libc_nano.a(lib_a-nano-vfprintf.o)
                0x0000000008004fc8                _vfprintf_r
                0x0000000008004fc8                _vfiprintf_r
 .text._printf_common
                0x00000000080051f4       0xec d:/ide/stm32cubeide_1.5.0/stm32cubeide/plugins/com.st.stm32cube.ide.mcu.externaltools.gnu-tools-for-stm32.7-2018-q2-update.win32_1.5.0.202011040924/tools/bin/../lib/gcc/arm-none-eabi/7.3.1/../../../../arm-none-eabi/lib/thumb/v7-m\libc_nano.a(lib_a-nano-vfprintf_i.o)
                0x00000000080051f4                _printf_common
 .text._printf_i
                0x00000000080052e0      0x224 d:/ide/stm32cubeide_1.5.0/stm32cubeide/plugins/com.st.stm32cube.ide.mcu.externaltools.gnu-tools-for-stm32.7-2018-q2-update.win32_1.5.0.202011040924/tools/bin/../lib/gcc/arm-none-eabi/7.3.1/../../../../arm-none-eabi/lib/thumb/v7-m\libc_nano.a(lib_a-nano-vfprintf_i.o)
                0x00000000080052e0                _printf_i
 .text._sbrk_r  0x0000000008005504       0x20 d:/ide/stm32cubeide_1.5.0/stm32cubeide/plugins/com.st.stm32cube.ide.mcu.externaltools.gnu-tools-for-stm32.7-2018-q2-update.win32_1.5.0.202011040924/tools/bin/../lib/gcc/arm-none-eabi/7.3.1/../../../../arm-none-eabi/lib/thumb/v7-m\libc_nano.a(lib_a-sbrkr.o)
                0x0000000008005504                _sbrk_r
 .text.__sread  0x0000000008005524       0x22 d:/ide/stm32cubeide_1.5.0/stm32cubeide/plugins/com.st.stm32cube.ide.mcu.externaltools.gnu-tools-for-stm32.7-2018-q2-update.win32_1.5.0.202011040924/tools/bin/../lib/gcc/arm-none-eabi/7.3.1/../../../../arm-none-eabi/lib/thumb/v7-m\libc_nano.a(lib_a-stdio.o)
                0x0000000008005524                __sread
 .text.__swrite
                0x0000000008005546       0x38 d:/ide/stm32cubeide_1.5.0/stm32cubeide/plugins/com.st.stm32cube.ide.mcu.externaltools.gnu-tools-for-stm32.7-2018-q2-update.win32_1.5.0.202011040924/tools/bin/../lib/gcc/arm-none-eabi/7.3.1/../../../../arm-none-eabi/lib/thumb/v7-m\libc_nano.a(lib_a-stdio.o)
                0x0000000008005546                __swrite
 .text.__sseek  0x000000000800557e       0x24 d:/ide/stm32cubeide_1.5.0/stm32cubeide/plugins/com.st.stm32cube.ide.mcu.externaltools.gnu-tools-for-stm32.7-2018-q2-update.win32_1.5.0.202011040924/tools/bin/../lib/gcc/arm-none-eabi/7.3.1/../../../../arm-none-eabi/lib/thumb/v7-m\libc_nano.a(lib_a-stdio.o)
                0x000000000800557e                __sseek
 .text.__sclose
                0x00000000080055a2        0x8 d:/ide/stm32cubeide_1.5.0/stm32cubeide/plugins/com.st.stm32cube.ide.mcu.externaltools.gnu-tools-for-stm32.7-2018-q2-update.win32_1.5.0.202011040924/tools/bin/../lib/gcc/arm-none-eabi/7.3.1/../../../../arm-none-eabi/lib/thumb/v7-m\libc_nano.a(lib_a-stdio.o)
                0x00000000080055a2                __sclose
 *fill*         0x00000000080055aa        0x2 
 .text._write_r
                0x00000000080055ac       0x24 d:/ide/stm32cubeide_1.5.0/stm32cubeide/plugins/com.st.stm32cube.ide.mcu.externaltools.gnu-tools-for-stm32.7-2018-q2-update.win32_1.5.0.202011040924/tools/bin/../lib/gcc/arm-none-eabi/7.3.1/../../../../arm-none-eabi/lib/thumb/v7-m\libc_nano.a(lib_a-writer.o)
                0x00000000080055ac                _write_r
 .text._close_r
                0x00000000080055d0       0x20 d:/ide/stm32cubeide_1.5.0/stm32cubeide/plugins/com.st.stm32cube.ide.mcu.externaltools.gnu-tools-for-stm32.7-2018-q2-update.win32_1.5.0.202011040924/tools/bin/../lib/gcc/arm-none-eabi/7.3.1/../../../../arm-none-eabi/lib/thumb/v7-m\libc_nano.a(lib_a-closer.o)
                0x00000000080055d0                _close_r
 .text._fstat_r
                0x00000000080055f0       0x24 d:/ide/stm32cubeide_1.5.0/stm32cubeide/plugins/com.st.stm32cube.ide.mcu.externaltools.gnu-tools-for-stm32.7-2018-q2-update.win32_1.5.0.202011040924/tools/bin/../lib/gcc/arm-none-eabi/7.3.1/../../../../arm-none-eabi/lib/thumb/v7-m\libc_nano.a(lib_a-fstatr.o)
                0x00000000080055f0                _fstat_r
 .text._isatty_r
                0x0000000008005614       0x20 d:/ide/stm32cubeide_1.5.0/stm32cubeide/plugins/com.st.stm32cube.ide.mcu.externaltools.gnu-tools-for-stm32.7-2018-q2-update.win32_1.5.0.202011040924/tools/bin/../lib/gcc/arm-none-eabi/7.3.1/../../../../arm-none-eabi/lib/thumb/v7-m\libc_nano.a(lib_a-isattyr.o)
                0x0000000008005614                _isatty_r
 .text._lseek_r
                0x0000000008005634       0x24 d:/ide/stm32cubeide_1.5.0/stm32cubeide/plugins/com.st.stm32cube.ide.mcu.externaltools.gnu-tools-for-stm32.7-2018-q2-update.win32_1.5.0.202011040924/tools/bin/../lib/gcc/arm-none-eabi/7.3.1/../../../../arm-none-eabi/lib/thumb/v7-m\libc_nano.a(lib_a-lseekr.o)
                0x0000000008005634                _lseek_r
 .text.memchr   0x0000000008005658       0x1c d:/ide/stm32cubeide_1.5.0/stm32cubeide/plugins/com.st.stm32cube.ide.mcu.externaltools.gnu-tools-for-stm32.7-2018-q2-update.win32_1.5.0.202011040924/tools/bin/../lib/gcc/arm-none-eabi/7.3.1/../../../../arm-none-eabi/lib/thumb/v7-m\libc_nano.a(lib_a-memchr-stub.o)
                0x0000000008005658                memchr
 .text.memcpy   0x0000000008005674       0x16 d:/ide/stm32cubeide_1.5.0/stm32cubeide/plugins/com.st.stm32cube.ide.mcu.externaltools.gnu-tools-for-stm32.7-2018-q2-update.win32_1.5.0.202011040924/tools/bin/../lib/gcc/arm-none-eabi/7.3.1/../../../../arm-none-eabi/lib/thumb/v7-m\libc_nano.a(lib_a-memcpy-stub.o)
                0x0000000008005674                memcpy
 .text.memmove  0x000000000800568a       0x32 d:/ide/stm32cubeide_1.5.0/stm32cubeide/plugins/com.st.stm32cube.ide.mcu.externaltools.gnu-tools-for-stm32.7-2018-q2-update.win32_1.5.0.202011040924/tools/bin/../lib/gcc/arm-none-eabi/7.3.1/../../../../arm-none-eabi/lib/thumb/v7-m\libc_nano.a(lib_a-memmove.o)
                0x000000000800568a                memmove
 .text.__malloc_lock
                0x00000000080056bc        0x2 d:/ide/stm32cubeide_1.5.0/stm32cubeide/plugins/com.st.stm32cube.ide.mcu.externaltools.gnu-tools-for-stm32.7-2018-q2-update.win32_1.5.0.202011040924/tools/bin/../lib/gcc/arm-none-eabi/7.3.1/../../../../arm-none-eabi/lib/thumb/v7-m\libc_nano.a(lib_a-mlock.o)
                0x00000000080056bc                __malloc_lock
 .text.__malloc_unlock
                0x00000000080056be        0x2 d:/ide/stm32cubeide_1.5.0/stm32cubeide/plugins/com.st.stm32cube.ide.mcu.externaltools.gnu-tools-for-stm32.7-2018-q2-update.win32_1.5.0.202011040924/tools/bin/../lib/gcc/arm-none-eabi/7.3.1/../../../../arm-none-eabi/lib/thumb/v7-m\libc_nano.a(lib_a-mlock.o)
                0x00000000080056be                __malloc_unlock
 .text._realloc_r
                0x00000000080056c0       0x4c d:/ide/stm32cubeide_1.5.0/stm32cubeide/plugins/com.st.stm32cube.ide.mcu.externaltools.gnu-tools-for-stm32.7-2018-q2-update.win32_1.5.0.202011040924/tools/bin/../lib/gcc/arm-none-eabi/7.3.1/../../../../arm-none-eabi/lib/thumb/v7-m\libc_nano.a(lib_a-nano-reallocr.o)
                0x00000000080056c0                _realloc_r
 .text._read_r  0x000000000800570c       0x24 d:/ide/stm32cubeide_1.5.0/stm32cubeide/plugins/com.st.stm32cube.ide.mcu.externaltools.gnu-tools-for-stm32.7-2018-q2-update.win32_1.5.0.202011040924/tools/bin/../lib/gcc/arm-none-eabi/7.3.1/../../../../arm-none-eabi/lib/thumb/v7-m\libc_nano.a(lib_a-readr.o)
                0x000000000800570c                _read_r
 .text._malloc_usable_size_r
                0x0000000008005730       0x10 d:/ide/stm32cubeide_1.5.0/stm32cubeide/plugins/com.st.stm32cube.ide.mcu.externaltools.gnu-tools-for-stm32.7-2018-q2-update.win32_1.5.0.202011040924/tools/bin/../lib/gcc/arm-none-eabi/7.3.1/../../../../arm-none-eabi/lib/thumb/v7-m\libc_nano.a(lib_a-nano-msizer.o)
                0x0000000008005730                _malloc_usable_size_r
 *(.glue_7)
 .glue_7        0x0000000008005740        0x0 linker stubs
 *(.glue_7t)
 .glue_7t       0x0000000008005740        0x0 linker stubs
 *(.eh_frame)
 .eh_frame      0x0000000008005740        0x0 d:/ide/stm32cubeide_1.5.0/stm32cubeide/plugins/com.st.stm32cube.ide.mcu.externaltools.gnu-tools-for-stm32.7-2018-q2-update.win32_1.5.0.202011040924/tools/bin/../lib/gcc/arm-none-eabi/7.3.1/thumb/v7-m/crtbegin.o
 *(.init)
 .init          0x0000000008005740        0x4 d:/ide/stm32cubeide_1.5.0/stm32cubeide/plugins/com.st.stm32cube.ide.mcu.externaltools.gnu-tools-for-stm32.7-2018-q2-update.win32_1.5.0.202011040924/tools/bin/../lib/gcc/arm-none-eabi/7.3.1/thumb/v7-m/crti.o
                0x0000000008005740                _init
 .init          0x0000000008005744        0x8 d:/ide/stm32cubeide_1.5.0/stm32cubeide/plugins/com.st.stm32cube.ide.mcu.externaltools.gnu-tools-for-stm32.7-2018-q2-update.win32_1.5.0.202011040924/tools/bin/../lib/gcc/arm-none-eabi/7.3.1/thumb/v7-m/crtn.o
 *(.fini)
 .fini          0x000000000800574c        0x4 d:/ide/stm32cubeide_1.5.0/stm32cubeide/plugins/com.st.stm32cube.ide.mcu.externaltools.gnu-tools-for-stm32.7-2018-q2-update.win32_1.5.0.202011040924/tools/bin/../lib/gcc/arm-none-eabi/7.3.1/thumb/v7-m/crti.o
                0x000000000800574c                _fini
 .fini          0x0000000008005750        0x8 d:/ide/stm32cubeide_1.5.0/stm32cubeide/plugins/com.st.stm32cube.ide.mcu.externaltools.gnu-tools-for-stm32.7-2018-q2-update.win32_1.5.0.202011040924/tools/bin/../lib/gcc/arm-none-eabi/7.3.1/thumb/v7-m/crtn.o
                0x0000000008005758                . = ALIGN (0x4)
                0x0000000008005758                _etext = .

.vfp11_veneer   0x0000000008005758        0x0
 .vfp11_veneer  0x0000000008005758        0x0 linker stubs

.v4_bx          0x0000000008005758        0x0
 .v4_bx         0x0000000008005758        0x0 linker stubs

.iplt           0x0000000008005758        0x0
 .iplt          0x0000000008005758        0x0 d:/ide/stm32cubeide_1.5.0/stm32cubeide/plugins/com.st.stm32cube.ide.mcu.externaltools.gnu-tools-for-stm32.7-2018-q2-update.win32_1.5.0.202011040924/tools/bin/../lib/gcc/arm-none-eabi/7.3.1/thumb/v7-m/crtbegin.o

.rodata         0x0000000008005758      0x8f4
                0x0000000008005758                . = ALIGN (0x4)
 *(.rodata)
 .rodata        0x0000000008005758        0x3 Core/Src/blueteeth.o
 *fill*         0x000000000800575b        0x1 
 .rodata        0x000000000800575c       0x13 Core/Src/oled.o
 *fill*         0x000000000800576f        0x1 
 .rodata        0x0000000008005770       0x12 Drivers/STM32F1xx_HAL_Driver/Src/stm32f1xx_hal_rcc.o
 *(.rodata*)
 *fill*         0x0000000008005782        0x2 
 .rodata.F6x8   0x0000000008005784      0x228 Core/Src/oled.o
                0x0000000008005784                F6x8
 .rodata.F8x16  0x00000000080059ac      0x5f0 Core/Src/oled.o
                0x00000000080059ac                F8x16
 .rodata.AHBPrescTable
                0x0000000008005f9c       0x10 Core/Src/system_stm32f1xx.o
                0x0000000008005f9c                AHBPrescTable
 .rodata.APBPrescTable
                0x0000000008005fac        0x8 Core/Src/system_stm32f1xx.o
                0x0000000008005fac                APBPrescTable
 .rodata._global_impure_ptr
                0x0000000008005fb4        0x4 d:/ide/stm32cubeide_1.5.0/stm32cubeide/plugins/com.st.stm32cube.ide.mcu.externaltools.gnu-tools-for-stm32.7-2018-q2-update.win32_1.5.0.202011040924/tools/bin/../lib/gcc/arm-none-eabi/7.3.1/../../../../arm-none-eabi/lib/thumb/v7-m\libc_nano.a(lib_a-impure.o)
                0x0000000008005fb4                _global_impure_ptr
 .rodata.__sf_fake_stderr
                0x0000000008005fb8       0x20 d:/ide/stm32cubeide_1.5.0/stm32cubeide/plugins/com.st.stm32cube.ide.mcu.externaltools.gnu-tools-for-stm32.7-2018-q2-update.win32_1.5.0.202011040924/tools/bin/../lib/gcc/arm-none-eabi/7.3.1/../../../../arm-none-eabi/lib/thumb/v7-m\libc_nano.a(lib_a-findfp.o)
                0x0000000008005fb8                __sf_fake_stderr
 .rodata.__sf_fake_stdin
                0x0000000008005fd8       0x20 d:/ide/stm32cubeide_1.5.0/stm32cubeide/plugins/com.st.stm32cube.ide.mcu.externaltools.gnu-tools-for-stm32.7-2018-q2-update.win32_1.5.0.202011040924/tools/bin/../lib/gcc/arm-none-eabi/7.3.1/../../../../arm-none-eabi/lib/thumb/v7-m\libc_nano.a(lib_a-findfp.o)
                0x0000000008005fd8                __sf_fake_stdin
 .rodata.__sf_fake_stdout
                0x0000000008005ff8       0x20 d:/ide/stm32cubeide_1.5.0/stm32cubeide/plugins/com.st.stm32cube.ide.mcu.externaltools.gnu-tools-for-stm32.7-2018-q2-update.win32_1.5.0.202011040924/tools/bin/../lib/gcc/arm-none-eabi/7.3.1/../../../../arm-none-eabi/lib/thumb/v7-m\libc_nano.a(lib_a-findfp.o)
                0x0000000008005ff8                __sf_fake_stdout
 .rodata._svfprintf_r.str1.1
                0x0000000008006018       0x11 d:/ide/stm32cubeide_1.5.0/stm32cubeide/plugins/com.st.stm32cube.ide.mcu.externaltools.gnu-tools-for-stm32.7-2018-q2-update.win32_1.5.0.202011040924/tools/bin/../lib/gcc/arm-none-eabi/7.3.1/../../../../arm-none-eabi/lib/thumb/v7-m\libc_nano.a(lib_a-nano-svfprintf.o)
 .rodata._vfprintf_r.str1.1
                0x0000000008006029       0x11 d:/ide/stm32cubeide_1.5.0/stm32cubeide/plugins/com.st.stm32cube.ide.mcu.externaltools.gnu-tools-for-stm32.7-2018-q2-update.win32_1.5.0.202011040924/tools/bin/../lib/gcc/arm-none-eabi/7.3.1/../../../../arm-none-eabi/lib/thumb/v7-m\libc_nano.a(lib_a-nano-vfprintf.o)
 .rodata._printf_i.str1.1
                0x0000000008006029       0x22 d:/ide/stm32cubeide_1.5.0/stm32cubeide/plugins/com.st.stm32cube.ide.mcu.externaltools.gnu-tools-for-stm32.7-2018-q2-update.win32_1.5.0.202011040924/tools/bin/../lib/gcc/arm-none-eabi/7.3.1/../../../../arm-none-eabi/lib/thumb/v7-m\libc_nano.a(lib_a-nano-vfprintf_i.o)
                0x000000000800604c                . = ALIGN (0x4)
 *fill*         0x000000000800604b        0x1 

.rel.dyn        0x000000000800604c        0x0
 .rel.iplt      0x000000000800604c        0x0 d:/ide/stm32cubeide_1.5.0/stm32cubeide/plugins/com.st.stm32cube.ide.mcu.externaltools.gnu-tools-for-stm32.7-2018-q2-update.win32_1.5.0.202011040924/tools/bin/../lib/gcc/arm-none-eabi/7.3.1/thumb/v7-m/crtbegin.o

.ARM.extab      0x000000000800604c        0x0
                0x000000000800604c                . = ALIGN (0x4)
 *(.ARM.extab* .gnu.linkonce.armextab.*)
                0x000000000800604c                . = ALIGN (0x4)

.ARM            0x000000000800604c        0x0
                0x000000000800604c                . = ALIGN (0x4)
                0x000000000800604c                __exidx_start = .
 *(.ARM.exidx*)
                0x000000000800604c                __exidx_end = .
                0x000000000800604c                . = ALIGN (0x4)

.preinit_array  0x000000000800604c        0x0
                0x000000000800604c                . = ALIGN (0x4)
                0x000000000800604c                PROVIDE (__preinit_array_start = .)
 *(.preinit_array*)
                0x000000000800604c                PROVIDE (__preinit_array_end = .)
                0x000000000800604c                . = ALIGN (0x4)

.init_array     0x000000000800604c        0x4
                0x000000000800604c                . = ALIGN (0x4)
                0x000000000800604c                PROVIDE (__init_array_start = .)
 *(SORT_BY_NAME(.init_array.*))
 *(.init_array*)
 .init_array    0x000000000800604c        0x4 d:/ide/stm32cubeide_1.5.0/stm32cubeide/plugins/com.st.stm32cube.ide.mcu.externaltools.gnu-tools-for-stm32.7-2018-q2-update.win32_1.5.0.202011040924/tools/bin/../lib/gcc/arm-none-eabi/7.3.1/thumb/v7-m/crtbegin.o
                0x0000000008006050                PROVIDE (__init_array_end = .)
                0x0000000008006050                . = ALIGN (0x4)

.fini_array     0x0000000008006050        0x4
                0x0000000008006050                . = ALIGN (0x4)
                [!provide]                        PROVIDE (__fini_array_start = .)
 *(SORT_BY_NAME(.fini_array.*))
 *(.fini_array*)
 .fini_array    0x0000000008006050        0x4 d:/ide/stm32cubeide_1.5.0/stm32cubeide/plugins/com.st.stm32cube.ide.mcu.externaltools.gnu-tools-for-stm32.7-2018-q2-update.win32_1.5.0.202011040924/tools/bin/../lib/gcc/arm-none-eabi/7.3.1/thumb/v7-m/crtbegin.o
                [!provide]                        PROVIDE (__fini_array_end = .)
                0x0000000008006054                . = ALIGN (0x4)
                0x0000000008006054                _sidata = LOADADDR (.data)

.data           0x0000000020000000       0x8c load address 0x0000000008006054
                0x0000000020000000                . = ALIGN (0x4)
                0x0000000020000000                _sdata = .
 *(.data)
 *(.data*)
 .data.CMD_Data
                0x0000000020000000       0x1b Core/Src/oled.o
                0x0000000020000000                CMD_Data
 *fill*         0x000000002000001b        0x1 
 .data.SystemCoreClock
                0x000000002000001c        0x4 Core/Src/system_stm32f1xx.o
                0x000000002000001c                SystemCoreClock
 .data.uwTickPrio
                0x0000000020000020        0x4 Drivers/STM32F1xx_HAL_Driver/Src/stm32f1xx_hal.o
                0x0000000020000020                uwTickPrio
 .data.uwTickFreq
                0x0000000020000024        0x1 Drivers/STM32F1xx_HAL_Driver/Src/stm32f1xx_hal.o
                0x0000000020000024                uwTickFreq
 *fill*         0x0000000020000025        0x3 
 .data._impure_ptr
                0x0000000020000028        0x4 d:/ide/stm32cubeide_1.5.0/stm32cubeide/plugins/com.st.stm32cube.ide.mcu.externaltools.gnu-tools-for-stm32.7-2018-q2-update.win32_1.5.0.202011040924/tools/bin/../lib/gcc/arm-none-eabi/7.3.1/../../../../arm-none-eabi/lib/thumb/v7-m\libc_nano.a(lib_a-impure.o)
                0x0000000020000028                _impure_ptr
 .data.impure_data
                0x000000002000002c       0x60 d:/ide/stm32cubeide_1.5.0/stm32cubeide/plugins/com.st.stm32cube.ide.mcu.externaltools.gnu-tools-for-stm32.7-2018-q2-update.win32_1.5.0.202011040924/tools/bin/../lib/gcc/arm-none-eabi/7.3.1/../../../../arm-none-eabi/lib/thumb/v7-m\libc_nano.a(lib_a-impure.o)
 *(.RamFunc)
 *(.RamFunc*)
                0x000000002000008c                . = ALIGN (0x4)
                0x000000002000008c                _edata = .

.igot.plt       0x000000002000008c        0x0 load address 0x00000000080060e0
 .igot.plt      0x000000002000008c        0x0 d:/ide/stm32cubeide_1.5.0/stm32cubeide/plugins/com.st.stm32cube.ide.mcu.externaltools.gnu-tools-for-stm32.7-2018-q2-update.win32_1.5.0.202011040924/tools/bin/../lib/gcc/arm-none-eabi/7.3.1/thumb/v7-m/crtbegin.o
                0x000000002000008c                . = ALIGN (0x4)

.bss            0x000000002000008c      0x69c load address 0x00000000080060e0
                0x000000002000008c                _sbss = .
                0x000000002000008c                __bss_start__ = _sbss
 *(.bss)
 .bss           0x000000002000008c       0x1c d:/ide/stm32cubeide_1.5.0/stm32cubeide/plugins/com.st.stm32cube.ide.mcu.externaltools.gnu-tools-for-stm32.7-2018-q2-update.win32_1.5.0.202011040924/tools/bin/../lib/gcc/arm-none-eabi/7.3.1/thumb/v7-m/crtbegin.o
 *(.bss*)
 .bss.UART3_Rx_Buf
                0x00000000200000a8      0x400 Core/Src/blueteeth.o
                0x00000000200000a8                UART3_Rx_Buf
 .bss.UART3_Rx_cnt
                0x00000000200004a8        0x4 Core/Src/blueteeth.o
                0x00000000200004a8                UART3_Rx_cnt
 .bss.UART3_temp
                0x00000000200004ac        0x1 Core/Src/blueteeth.o
                0x00000000200004ac                UART3_temp
 *fill*         0x00000000200004ad        0x3 
 .bss.string    0x00000000200004b0       0x20 Core/Src/oled.o
 .bss.__sbrk_heap_end
                0x00000000200004d0        0x4 Core/Src/sysmem.o
 .bss.__malloc_free_list
                0x00000000200004d4        0x4 d:/ide/stm32cubeide_1.5.0/stm32cubeide/plugins/com.st.stm32cube.ide.mcu.externaltools.gnu-tools-for-stm32.7-2018-q2-update.win32_1.5.0.202011040924/tools/bin/../lib/gcc/arm-none-eabi/7.3.1/../../../../arm-none-eabi/lib/thumb/v7-m\libc_nano.a(lib_a-nano-mallocr.o)
                0x00000000200004d4                __malloc_free_list
 .bss.__malloc_sbrk_start
                0x00000000200004d8        0x4 d:/ide/stm32cubeide_1.5.0/stm32cubeide/plugins/com.st.stm32cube.ide.mcu.externaltools.gnu-tools-for-stm32.7-2018-q2-update.win32_1.5.0.202011040924/tools/bin/../lib/gcc/arm-none-eabi/7.3.1/../../../../arm-none-eabi/lib/thumb/v7-m\libc_nano.a(lib_a-nano-mallocr.o)
                0x00000000200004d8                __malloc_sbrk_start
 *(COMMON)
 COMMON         0x00000000200004dc       0x54 Core/Src/i2c.o
                0x00000000200004dc                hi2c1
 COMMON         0x0000000020000530      0x168 Core/Src/tim.o
                0x0000000020000530                htim4
                0x0000000020000578                htim3
                0x00000000200005c0                htim1
                0x0000000020000608                htim2
                0x0000000020000650                htim7
 COMMON         0x0000000020000698       0x88 Core/Src/usart.o
                0x0000000020000698                huart3
                0x00000000200006dc                huart1
 COMMON         0x0000000020000720        0x4 Drivers/STM32F1xx_HAL_Driver/Src/stm32f1xx_hal.o
                0x0000000020000720                uwTick
 COMMON         0x0000000020000724        0x4 d:/ide/stm32cubeide_1.5.0/stm32cubeide/plugins/com.st.stm32cube.ide.mcu.externaltools.gnu-tools-for-stm32.7-2018-q2-update.win32_1.5.0.202011040924/tools/bin/../lib/gcc/arm-none-eabi/7.3.1/../../../../arm-none-eabi/lib/thumb/v7-m\libc_nano.a(lib_a-reent.o)
                0x0000000020000724                errno
                0x0000000020000728                . = ALIGN (0x4)
                0x0000000020000728                _ebss = .
                0x0000000020000728                __bss_end__ = _ebss

._user_heap_stack
                0x0000000020000728      0x600 load address 0x00000000080060e0
                0x0000000020000728                . = ALIGN (0x8)
                [!provide]                        PROVIDE (end = .)
                0x0000000020000728                PROVIDE (_end = .)
                0x0000000020000928                . = (. + _Min_Heap_Size)
 *fill*         0x0000000020000728      0x200 
                0x0000000020000d28                . = (. + _Min_Stack_Size)
 *fill*         0x0000000020000928      0x400 
                0x0000000020000d28                . = ALIGN (0x8)

/DISCARD/
 libc.a(*)
 libm.a(*)
 libgcc.a(*)

.ARM.attributes
                0x0000000000000000       0x29
 *(.ARM.attributes)
 .ARM.attributes
                0x0000000000000000       0x1d d:/ide/stm32cubeide_1.5.0/stm32cubeide/plugins/com.st.stm32cube.ide.mcu.externaltools.gnu-tools-for-stm32.7-2018-q2-update.win32_1.5.0.202011040924/tools/bin/../lib/gcc/arm-none-eabi/7.3.1/thumb/v7-m/crti.o
 .ARM.attributes
                0x000000000000001d       0x2d d:/ide/stm32cubeide_1.5.0/stm32cubeide/plugins/com.st.stm32cube.ide.mcu.externaltools.gnu-tools-for-stm32.7-2018-q2-update.win32_1.5.0.202011040924/tools/bin/../lib/gcc/arm-none-eabi/7.3.1/thumb/v7-m/crtbegin.o
 .ARM.attributes
                0x000000000000004a       0x33 Core/Src/blueteeth.o
 .ARM.attributes
                0x000000000000007d       0x33 Core/Src/gpio.o
 .ARM.attributes
                0x00000000000000b0       0x33 Core/Src/i2c.o
 .ARM.attributes
                0x00000000000000e3       0x33 Core/Src/main.o
 .ARM.attributes
                0x0000000000000116       0x33 Core/Src/motor.o
 .ARM.attributes
                0x0000000000000149       0x33 Core/Src/oled.o
 .ARM.attributes
                0x000000000000017c       0x33 Core/Src/stm32f1xx_hal_msp.o
 .ARM.attributes
                0x00000000000001af       0x33 Core/Src/stm32f1xx_it.o
 .ARM.attributes
                0x00000000000001e2       0x33 Core/Src/syscalls.o
 .ARM.attributes
                0x0000000000000215       0x33 Core/Src/sysmem.o
 .ARM.attributes
                0x0000000000000248       0x33 Core/Src/system_stm32f1xx.o
 .ARM.attributes
                0x000000000000027b       0x33 Core/Src/tim.o
 .ARM.attributes
                0x00000000000002ae       0x33 Core/Src/usart.o
 .ARM.attributes
                0x00000000000002e1       0x21 Core/Startup/startup_stm32f103vetx.o
 .ARM.attributes
                0x0000000000000302       0x33 Drivers/STM32F1xx_HAL_Driver/Src/stm32f1xx_hal.o
 .ARM.attributes
                0x0000000000000335       0x33 Drivers/STM32F1xx_HAL_Driver/Src/stm32f1xx_hal_cortex.o
 .ARM.attributes
                0x0000000000000368       0x33 Drivers/STM32F1xx_HAL_Driver/Src/stm32f1xx_hal_dma.o
 .ARM.attributes
                0x000000000000039b       0x33 Drivers/STM32F1xx_HAL_Driver/Src/stm32f1xx_hal_gpio.o
 .ARM.attributes
                0x00000000000003ce       0x33 Drivers/STM32F1xx_HAL_Driver/Src/stm32f1xx_hal_i2c.o
 .ARM.attributes
                0x0000000000000401       0x33 Drivers/STM32F1xx_HAL_Driver/Src/stm32f1xx_hal_rcc.o
 .ARM.attributes
                0x0000000000000434       0x33 Drivers/STM32F1xx_HAL_Driver/Src/stm32f1xx_hal_tim.o
 .ARM.attributes
                0x0000000000000467       0x33 Drivers/STM32F1xx_HAL_Driver/Src/stm32f1xx_hal_tim_ex.o
 .ARM.attributes
                0x000000000000049a       0x33 Drivers/STM32F1xx_HAL_Driver/Src/stm32f1xx_hal_uart.o
 .ARM.attributes
                0x00000000000004cd       0x2d d:/ide/stm32cubeide_1.5.0/stm32cubeide/plugins/com.st.stm32cube.ide.mcu.externaltools.gnu-tools-for-stm32.7-2018-q2-update.win32_1.5.0.202011040924/tools/bin/../lib/gcc/arm-none-eabi/7.3.1/../../../../arm-none-eabi/lib/thumb/v7-m\libc_nano.a(lib_a-errno.o)
 .ARM.attributes
                0x00000000000004fa       0x2d d:/ide/stm32cubeide_1.5.0/stm32cubeide/plugins/com.st.stm32cube.ide.mcu.externaltools.gnu-tools-for-stm32.7-2018-q2-update.win32_1.5.0.202011040924/tools/bin/../lib/gcc/arm-none-eabi/7.3.1/../../../../arm-none-eabi/lib/thumb/v7-m\libc_nano.a(lib_a-impure.o)
 .ARM.attributes
                0x0000000000000527       0x2d d:/ide/stm32cubeide_1.5.0/stm32cubeide/plugins/com.st.stm32cube.ide.mcu.externaltools.gnu-tools-for-stm32.7-2018-q2-update.win32_1.5.0.202011040924/tools/bin/../lib/gcc/arm-none-eabi/7.3.1/../../../../arm-none-eabi/lib/thumb/v7-m\libc_nano.a(lib_a-init.o)
 .ARM.attributes
                0x0000000000000554       0x2d d:/ide/stm32cubeide_1.5.0/stm32cubeide/plugins/com.st.stm32cube.ide.mcu.externaltools.gnu-tools-for-stm32.7-2018-q2-update.win32_1.5.0.202011040924/tools/bin/../lib/gcc/arm-none-eabi/7.3.1/../../../../arm-none-eabi/lib/thumb/v7-m\libc_nano.a(lib_a-memset.o)
 .ARM.attributes
                0x0000000000000581       0x2d d:/ide/stm32cubeide_1.5.0/stm32cubeide/plugins/com.st.stm32cube.ide.mcu.externaltools.gnu-tools-for-stm32.7-2018-q2-update.win32_1.5.0.202011040924/tools/bin/../lib/gcc/arm-none-eabi/7.3.1/../../../../arm-none-eabi/lib/thumb/v7-m\libc_nano.a(lib_a-printf.o)
 .ARM.attributes
                0x00000000000005ae       0x2d d:/ide/stm32cubeide_1.5.0/stm32cubeide/plugins/com.st.stm32cube.ide.mcu.externaltools.gnu-tools-for-stm32.7-2018-q2-update.win32_1.5.0.202011040924/tools/bin/../lib/gcc/arm-none-eabi/7.3.1/../../../../arm-none-eabi/lib/thumb/v7-m\libc_nano.a(lib_a-sprintf.o)
 .ARM.attributes
                0x00000000000005db       0x2d d:/ide/stm32cubeide_1.5.0/stm32cubeide/plugins/com.st.stm32cube.ide.mcu.externaltools.gnu-tools-for-stm32.7-2018-q2-update.win32_1.5.0.202011040924/tools/bin/../lib/gcc/arm-none-eabi/7.3.1/../../../../arm-none-eabi/lib/thumb/v7-m\libc_nano.a(lib_a-wbuf.o)
 .ARM.attributes
                0x0000000000000608       0x2d d:/ide/stm32cubeide_1.5.0/stm32cubeide/plugins/com.st.stm32cube.ide.mcu.externaltools.gnu-tools-for-stm32.7-2018-q2-update.win32_1.5.0.202011040924/tools/bin/../lib/gcc/arm-none-eabi/7.3.1/../../../../arm-none-eabi/lib/thumb/v7-m\libc_nano.a(lib_a-wsetup.o)
 .ARM.attributes
                0x0000000000000635       0x2d d:/ide/stm32cubeide_1.5.0/stm32cubeide/plugins/com.st.stm32cube.ide.mcu.externaltools.gnu-tools-for-stm32.7-2018-q2-update.win32_1.5.0.202011040924/tools/bin/../lib/gcc/arm-none-eabi/7.3.1/../../../../arm-none-eabi/lib/thumb/v7-m\libc_nano.a(lib_a-fflush.o)
 .ARM.attributes
                0x0000000000000662       0x2d d:/ide/stm32cubeide_1.5.0/stm32cubeide/plugins/com.st.stm32cube.ide.mcu.externaltools.gnu-tools-for-stm32.7-2018-q2-update.win32_1.5.0.202011040924/tools/bin/../lib/gcc/arm-none-eabi/7.3.1/../../../../arm-none-eabi/lib/thumb/v7-m\libc_nano.a(lib_a-findfp.o)
 .ARM.attributes
                0x000000000000068f       0x2d d:/ide/stm32cubeide_1.5.0/stm32cubeide/plugins/com.st.stm32cube.ide.mcu.externaltools.gnu-tools-for-stm32.7-2018-q2-update.win32_1.5.0.202011040924/tools/bin/../lib/gcc/arm-none-eabi/7.3.1/../../../../arm-none-eabi/lib/thumb/v7-m\libc_nano.a(lib_a-fwalk.o)
 .ARM.attributes
                0x00000000000006bc       0x2d d:/ide/stm32cubeide_1.5.0/stm32cubeide/plugins/com.st.stm32cube.ide.mcu.externaltools.gnu-tools-for-stm32.7-2018-q2-update.win32_1.5.0.202011040924/tools/bin/../lib/gcc/arm-none-eabi/7.3.1/../../../../arm-none-eabi/lib/thumb/v7-m\libc_nano.a(lib_a-makebuf.o)
 .ARM.attributes
                0x00000000000006e9       0x2d d:/ide/stm32cubeide_1.5.0/stm32cubeide/plugins/com.st.stm32cube.ide.mcu.externaltools.gnu-tools-for-stm32.7-2018-q2-update.win32_1.5.0.202011040924/tools/bin/../lib/gcc/arm-none-eabi/7.3.1/../../../../arm-none-eabi/lib/thumb/v7-m\libc_nano.a(lib_a-nano-freer.o)
 .ARM.attributes
                0x0000000000000716       0x2d d:/ide/stm32cubeide_1.5.0/stm32cubeide/plugins/com.st.stm32cube.ide.mcu.externaltools.gnu-tools-for-stm32.7-2018-q2-update.win32_1.5.0.202011040924/tools/bin/../lib/gcc/arm-none-eabi/7.3.1/../../../../arm-none-eabi/lib/thumb/v7-m\libc_nano.a(lib_a-nano-mallocr.o)
 .ARM.attributes
                0x0000000000000743       0x2d d:/ide/stm32cubeide_1.5.0/stm32cubeide/plugins/com.st.stm32cube.ide.mcu.externaltools.gnu-tools-for-stm32.7-2018-q2-update.win32_1.5.0.202011040924/tools/bin/../lib/gcc/arm-none-eabi/7.3.1/../../../../arm-none-eabi/lib/thumb/v7-m\libc_nano.a(lib_a-nano-svfprintf.o)
 .ARM.attributes
                0x0000000000000770       0x2d d:/ide/stm32cubeide_1.5.0/stm32cubeide/plugins/com.st.stm32cube.ide.mcu.externaltools.gnu-tools-for-stm32.7-2018-q2-update.win32_1.5.0.202011040924/tools/bin/../lib/gcc/arm-none-eabi/7.3.1/../../../../arm-none-eabi/lib/thumb/v7-m\libc_nano.a(lib_a-nano-vfprintf.o)
 .ARM.attributes
                0x000000000000079d       0x2d d:/ide/stm32cubeide_1.5.0/stm32cubeide/plugins/com.st.stm32cube.ide.mcu.externaltools.gnu-tools-for-stm32.7-2018-q2-update.win32_1.5.0.202011040924/tools/bin/../lib/gcc/arm-none-eabi/7.3.1/../../../../arm-none-eabi/lib/thumb/v7-m\libc_nano.a(lib_a-nano-vfprintf_i.o)
 .ARM.attributes
                0x00000000000007ca       0x2d d:/ide/stm32cubeide_1.5.0/stm32cubeide/plugins/com.st.stm32cube.ide.mcu.externaltools.gnu-tools-for-stm32.7-2018-q2-update.win32_1.5.0.202011040924/tools/bin/../lib/gcc/arm-none-eabi/7.3.1/../../../../arm-none-eabi/lib/thumb/v7-m\libc_nano.a(lib_a-sbrkr.o)
 .ARM.attributes
                0x00000000000007f7       0x2d d:/ide/stm32cubeide_1.5.0/stm32cubeide/plugins/com.st.stm32cube.ide.mcu.externaltools.gnu-tools-for-stm32.7-2018-q2-update.win32_1.5.0.202011040924/tools/bin/../lib/gcc/arm-none-eabi/7.3.1/../../../../arm-none-eabi/lib/thumb/v7-m\libc_nano.a(lib_a-stdio.o)
 .ARM.attributes
                0x0000000000000824       0x2d d:/ide/stm32cubeide_1.5.0/stm32cubeide/plugins/com.st.stm32cube.ide.mcu.externaltools.gnu-tools-for-stm32.7-2018-q2-update.win32_1.5.0.202011040924/tools/bin/../lib/gcc/arm-none-eabi/7.3.1/../../../../arm-none-eabi/lib/thumb/v7-m\libc_nano.a(lib_a-writer.o)
 .ARM.attributes
                0x0000000000000851       0x2d d:/ide/stm32cubeide_1.5.0/stm32cubeide/plugins/com.st.stm32cube.ide.mcu.externaltools.gnu-tools-for-stm32.7-2018-q2-update.win32_1.5.0.202011040924/tools/bin/../lib/gcc/arm-none-eabi/7.3.1/../../../../arm-none-eabi/lib/thumb/v7-m\libc_nano.a(lib_a-closer.o)
 .ARM.attributes
                0x000000000000087e       0x2d d:/ide/stm32cubeide_1.5.0/stm32cubeide/plugins/com.st.stm32cube.ide.mcu.externaltools.gnu-tools-for-stm32.7-2018-q2-update.win32_1.5.0.202011040924/tools/bin/../lib/gcc/arm-none-eabi/7.3.1/../../../../arm-none-eabi/lib/thumb/v7-m\libc_nano.a(lib_a-fstatr.o)
 .ARM.attributes
                0x00000000000008ab       0x2d d:/ide/stm32cubeide_1.5.0/stm32cubeide/plugins/com.st.stm32cube.ide.mcu.externaltools.gnu-tools-for-stm32.7-2018-q2-update.win32_1.5.0.202011040924/tools/bin/../lib/gcc/arm-none-eabi/7.3.1/../../../../arm-none-eabi/lib/thumb/v7-m\libc_nano.a(lib_a-isattyr.o)
 .ARM.attributes
                0x00000000000008d8       0x2d d:/ide/stm32cubeide_1.5.0/stm32cubeide/plugins/com.st.stm32cube.ide.mcu.externaltools.gnu-tools-for-stm32.7-2018-q2-update.win32_1.5.0.202011040924/tools/bin/../lib/gcc/arm-none-eabi/7.3.1/../../../../arm-none-eabi/lib/thumb/v7-m\libc_nano.a(lib_a-lseekr.o)
 .ARM.attributes
                0x0000000000000905       0x2d d:/ide/stm32cubeide_1.5.0/stm32cubeide/plugins/com.st.stm32cube.ide.mcu.externaltools.gnu-tools-for-stm32.7-2018-q2-update.win32_1.5.0.202011040924/tools/bin/../lib/gcc/arm-none-eabi/7.3.1/../../../../arm-none-eabi/lib/thumb/v7-m\libc_nano.a(lib_a-memchr-stub.o)
 .ARM.attributes
                0x0000000000000932       0x2d d:/ide/stm32cubeide_1.5.0/stm32cubeide/plugins/com.st.stm32cube.ide.mcu.externaltools.gnu-tools-for-stm32.7-2018-q2-update.win32_1.5.0.202011040924/tools/bin/../lib/gcc/arm-none-eabi/7.3.1/../../../../arm-none-eabi/lib/thumb/v7-m\libc_nano.a(lib_a-memcpy-stub.o)
 .ARM.attributes
                0x000000000000095f       0x2d d:/ide/stm32cubeide_1.5.0/stm32cubeide/plugins/com.st.stm32cube.ide.mcu.externaltools.gnu-tools-for-stm32.7-2018-q2-update.win32_1.5.0.202011040924/tools/bin/../lib/gcc/arm-none-eabi/7.3.1/../../../../arm-none-eabi/lib/thumb/v7-m\libc_nano.a(lib_a-memmove.o)
 .ARM.attributes
                0x000000000000098c       0x2d d:/ide/stm32cubeide_1.5.0/stm32cubeide/plugins/com.st.stm32cube.ide.mcu.externaltools.gnu-tools-for-stm32.7-2018-q2-update.win32_1.5.0.202011040924/tools/bin/../lib/gcc/arm-none-eabi/7.3.1/../../../../arm-none-eabi/lib/thumb/v7-m\libc_nano.a(lib_a-mlock.o)
 .ARM.attributes
                0x00000000000009b9       0x2d d:/ide/stm32cubeide_1.5.0/stm32cubeide/plugins/com.st.stm32cube.ide.mcu.externaltools.gnu-tools-for-stm32.7-2018-q2-update.win32_1.5.0.202011040924/tools/bin/../lib/gcc/arm-none-eabi/7.3.1/../../../../arm-none-eabi/lib/thumb/v7-m\libc_nano.a(lib_a-nano-reallocr.o)
 .ARM.attributes
                0x00000000000009e6       0x2d d:/ide/stm32cubeide_1.5.0/stm32cubeide/plugins/com.st.stm32cube.ide.mcu.externaltools.gnu-tools-for-stm32.7-2018-q2-update.win32_1.5.0.202011040924/tools/bin/../lib/gcc/arm-none-eabi/7.3.1/../../../../arm-none-eabi/lib/thumb/v7-m\libc_nano.a(lib_a-readr.o)
 .ARM.attributes
                0x0000000000000a13       0x2d d:/ide/stm32cubeide_1.5.0/stm32cubeide/plugins/com.st.stm32cube.ide.mcu.externaltools.gnu-tools-for-stm32.7-2018-q2-update.win32_1.5.0.202011040924/tools/bin/../lib/gcc/arm-none-eabi/7.3.1/../../../../arm-none-eabi/lib/thumb/v7-m\libc_nano.a(lib_a-reent.o)
 .ARM.attributes
                0x0000000000000a40       0x2d d:/ide/stm32cubeide_1.5.0/stm32cubeide/plugins/com.st.stm32cube.ide.mcu.externaltools.gnu-tools-for-stm32.7-2018-q2-update.win32_1.5.0.202011040924/tools/bin/../lib/gcc/arm-none-eabi/7.3.1/../../../../arm-none-eabi/lib/thumb/v7-m\libc_nano.a(lib_a-nano-msizer.o)
 .ARM.attributes
                0x0000000000000a6d       0x1d d:/ide/stm32cubeide_1.5.0/stm32cubeide/plugins/com.st.stm32cube.ide.mcu.externaltools.gnu-tools-for-stm32.7-2018-q2-update.win32_1.5.0.202011040924/tools/bin/../lib/gcc/arm-none-eabi/7.3.1/thumb/v7-m/crtn.o
OUTPUT(pwm_test.elf elf32-littlearm)

.debug_info     0x0000000000000000    0x137b1
 .debug_info    0x0000000000000000     0x1204 Core/Src/blueteeth.o
 .debug_info    0x0000000000001204      0x379 Core/Src/gpio.o
 .debug_info    0x000000000000157d      0x842 Core/Src/i2c.o
 .debug_info    0x0000000000001dbf     0x1818 Core/Src/main.o
 .debug_info    0x00000000000035d7      0x8ee Core/Src/motor.o
 .debug_info    0x0000000000003ec5     0x181f Core/Src/oled.o
 .debug_info    0x00000000000056e4      0x2d6 Core/Src/stm32f1xx_hal_msp.o
 .debug_info    0x00000000000059ba      0xa3c Core/Src/stm32f1xx_it.o
 .debug_info    0x00000000000063f6      0xebd Core/Src/syscalls.o
 .debug_info    0x00000000000072b3      0x985 Core/Src/sysmem.o
 .debug_info    0x0000000000007c38      0x29a Core/Src/system_stm32f1xx.o
 .debug_info    0x0000000000007ed2      0xeb0 Core/Src/tim.o
 .debug_info    0x0000000000008d82      0xa8b Core/Src/usart.o
 .debug_info    0x000000000000980d       0x22 Core/Startup/startup_stm32f103vetx.o
 .debug_info    0x000000000000982f      0x77a Drivers/STM32F1xx_HAL_Driver/Src/stm32f1xx_hal.o
 .debug_info    0x0000000000009fa9      0xbb7 Drivers/STM32F1xx_HAL_Driver/Src/stm32f1xx_hal_cortex.o
 .debug_info    0x000000000000ab60      0x7b1 Drivers/STM32F1xx_HAL_Driver/Src/stm32f1xx_hal_dma.o
 .debug_info    0x000000000000b311      0x69b Drivers/STM32F1xx_HAL_Driver/Src/stm32f1xx_hal_gpio.o
 .debug_info    0x000000000000b9ac     0x256e Drivers/STM32F1xx_HAL_Driver/Src/stm32f1xx_hal_i2c.o
 .debug_info    0x000000000000df1a      0x80f Drivers/STM32F1xx_HAL_Driver/Src/stm32f1xx_hal_rcc.o
 .debug_info    0x000000000000e729     0x27f1 Drivers/STM32F1xx_HAL_Driver/Src/stm32f1xx_hal_tim.o
 .debug_info    0x0000000000010f1a     0x13ab Drivers/STM32F1xx_HAL_Driver/Src/stm32f1xx_hal_tim_ex.o
 .debug_info    0x00000000000122c5     0x14ec Drivers/STM32F1xx_HAL_Driver/Src/stm32f1xx_hal_uart.o

.debug_abbrev   0x0000000000000000     0x2a8f
 .debug_abbrev  0x0000000000000000      0x1fc Core/Src/blueteeth.o
 .debug_abbrev  0x00000000000001fc      0x134 Core/Src/gpio.o
 .debug_abbrev  0x0000000000000330      0x199 Core/Src/i2c.o
 .debug_abbrev  0x00000000000004c9      0x24f Core/Src/main.o
 .debug_abbrev  0x0000000000000718      0x19d Core/Src/motor.o
 .debug_abbrev  0x00000000000008b5      0x277 Core/Src/oled.o
 .debug_abbrev  0x0000000000000b2c      0x109 Core/Src/stm32f1xx_hal_msp.o
 .debug_abbrev  0x0000000000000c35      0x174 Core/Src/stm32f1xx_it.o
 .debug_abbrev  0x0000000000000da9      0x261 Core/Src/syscalls.o
 .debug_abbrev  0x000000000000100a      0x19b Core/Src/sysmem.o
 .debug_abbrev  0x00000000000011a5      0x134 Core/Src/system_stm32f1xx.o
 .debug_abbrev  0x00000000000012d9      0x21f Core/Src/tim.o
 .debug_abbrev  0x00000000000014f8      0x1cd Core/Src/usart.o
 .debug_abbrev  0x00000000000016c5       0x12 Core/Startup/startup_stm32f103vetx.o
 .debug_abbrev  0x00000000000016d7      0x1c7 Drivers/STM32F1xx_HAL_Driver/Src/stm32f1xx_hal.o
 .debug_abbrev  0x000000000000189e      0x2d5 Drivers/STM32F1xx_HAL_Driver/Src/stm32f1xx_hal_cortex.o
 .debug_abbrev  0x0000000000001b73      0x1fe Drivers/STM32F1xx_HAL_Driver/Src/stm32f1xx_hal_dma.o
 .debug_abbrev  0x0000000000001d71      0x1c0 Drivers/STM32F1xx_HAL_Driver/Src/stm32f1xx_hal_gpio.o
 .debug_abbrev  0x0000000000001f31      0x258 Drivers/STM32F1xx_HAL_Driver/Src/stm32f1xx_hal_i2c.o
 .debug_abbrev  0x0000000000002189      0x243 Drivers/STM32F1xx_HAL_Driver/Src/stm32f1xx_hal_rcc.o
 .debug_abbrev  0x00000000000023cc      0x230 Drivers/STM32F1xx_HAL_Driver/Src/stm32f1xx_hal_tim.o
 .debug_abbrev  0x00000000000025fc      0x236 Drivers/STM32F1xx_HAL_Driver/Src/stm32f1xx_hal_tim_ex.o
 .debug_abbrev  0x0000000000002832      0x25d Drivers/STM32F1xx_HAL_Driver/Src/stm32f1xx_hal_uart.o

.debug_aranges  0x0000000000000000     0x1150
 .debug_aranges
                0x0000000000000000       0x20 Core/Src/blueteeth.o
 .debug_aranges
                0x0000000000000020       0x20 Core/Src/gpio.o
 .debug_aranges
                0x0000000000000040       0x30 Core/Src/i2c.o
 .debug_aranges
                0x0000000000000070       0x38 Core/Src/main.o
 .debug_aranges
                0x00000000000000a8       0x90 Core/Src/motor.o
 .debug_aranges
                0x0000000000000138       0xa0 Core/Src/oled.o
 .debug_aranges
                0x00000000000001d8       0x20 Core/Src/stm32f1xx_hal_msp.o
 .debug_aranges
                0x00000000000001f8       0x78 Core/Src/stm32f1xx_it.o
 .debug_aranges
                0x0000000000000270       0xa8 Core/Src/syscalls.o
 .debug_aranges
                0x0000000000000318       0x20 Core/Src/sysmem.o
 .debug_aranges
                0x0000000000000338       0x28 Core/Src/system_stm32f1xx.o
 .debug_aranges
                0x0000000000000360       0x68 Core/Src/tim.o
 .debug_aranges
                0x00000000000003c8       0x40 Core/Src/usart.o
 .debug_aranges
                0x0000000000000408       0x28 Core/Startup/startup_stm32f103vetx.o
 .debug_aranges
                0x0000000000000430       0xe0 Drivers/STM32F1xx_HAL_Driver/Src/stm32f1xx_hal.o
 .debug_aranges
                0x0000000000000510      0x100 Drivers/STM32F1xx_HAL_Driver/Src/stm32f1xx_hal_cortex.o
 .debug_aranges
                0x0000000000000610       0x80 Drivers/STM32F1xx_HAL_Driver/Src/stm32f1xx_hal_dma.o
 .debug_aranges
                0x0000000000000690       0x58 Drivers/STM32F1xx_HAL_Driver/Src/stm32f1xx_hal_gpio.o
 .debug_aranges
                0x00000000000006e8      0x2a0 Drivers/STM32F1xx_HAL_Driver/Src/stm32f1xx_hal_i2c.o
 .debug_aranges
                0x0000000000000988       0x90 Drivers/STM32F1xx_HAL_Driver/Src/stm32f1xx_hal_rcc.o
 .debug_aranges
                0x0000000000000a18      0x3d0 Drivers/STM32F1xx_HAL_Driver/Src/stm32f1xx_hal_tim.o
 .debug_aranges
                0x0000000000000de8      0x168 Drivers/STM32F1xx_HAL_Driver/Src/stm32f1xx_hal_tim_ex.o
 .debug_aranges
                0x0000000000000f50      0x200 Drivers/STM32F1xx_HAL_Driver/Src/stm32f1xx_hal_uart.o

.debug_ranges   0x0000000000000000     0x1040
 .debug_ranges  0x0000000000000000       0x10 Core/Src/blueteeth.o
 .debug_ranges  0x0000000000000010       0x10 Core/Src/gpio.o
 .debug_ranges  0x0000000000000020       0x20 Core/Src/i2c.o
 .debug_ranges  0x0000000000000040       0x28 Core/Src/main.o
 .debug_ranges  0x0000000000000068       0x80 Core/Src/motor.o
 .debug_ranges  0x00000000000000e8       0x90 Core/Src/oled.o
 .debug_ranges  0x0000000000000178       0x10 Core/Src/stm32f1xx_hal_msp.o
 .debug_ranges  0x0000000000000188       0x68 Core/Src/stm32f1xx_it.o
 .debug_ranges  0x00000000000001f0       0x98 Core/Src/syscalls.o
 .debug_ranges  0x0000000000000288       0x10 Core/Src/sysmem.o
 .debug_ranges  0x0000000000000298       0x18 Core/Src/system_stm32f1xx.o
 .debug_ranges  0x00000000000002b0       0x58 Core/Src/tim.o
 .debug_ranges  0x0000000000000308       0x30 Core/Src/usart.o
 .debug_ranges  0x0000000000000338       0x20 Core/Startup/startup_stm32f103vetx.o
 .debug_ranges  0x0000000000000358       0xd0 Drivers/STM32F1xx_HAL_Driver/Src/stm32f1xx_hal.o
 .debug_ranges  0x0000000000000428       0xf0 Drivers/STM32F1xx_HAL_Driver/Src/stm32f1xx_hal_cortex.o
 .debug_ranges  0x0000000000000518       0x70 Drivers/STM32F1xx_HAL_Driver/Src/stm32f1xx_hal_dma.o
 .debug_ranges  0x0000000000000588       0x48 Drivers/STM32F1xx_HAL_Driver/Src/stm32f1xx_hal_gpio.o
 .debug_ranges  0x00000000000005d0      0x2b8 Drivers/STM32F1xx_HAL_Driver/Src/stm32f1xx_hal_i2c.o
 .debug_ranges  0x0000000000000888       0x80 Drivers/STM32F1xx_HAL_Driver/Src/stm32f1xx_hal_rcc.o
 .debug_ranges  0x0000000000000908      0x3c0 Drivers/STM32F1xx_HAL_Driver/Src/stm32f1xx_hal_tim.o
 .debug_ranges  0x0000000000000cc8      0x158 Drivers/STM32F1xx_HAL_Driver/Src/stm32f1xx_hal_tim_ex.o
 .debug_ranges  0x0000000000000e20      0x220 Drivers/STM32F1xx_HAL_Driver/Src/stm32f1xx_hal_uart.o

.debug_macro    0x0000000000000000     0x43d5
 .debug_macro   0x0000000000000000      0x361 Core/Src/blueteeth.o
 .debug_macro   0x0000000000000361       0x2e Core/Src/blueteeth.o
 .debug_macro   0x000000000000038f       0x46 Core/Src/blueteeth.o
 .debug_macro   0x00000000000003d5       0x18 Core/Src/blueteeth.o
 .debug_macro   0x00000000000003ed       0x3c Core/Src/blueteeth.o
 .debug_macro   0x0000000000000429       0x34 Core/Src/blueteeth.o
 .debug_macro   0x000000000000045d       0x16 Core/Src/blueteeth.o
 .debug_macro   0x0000000000000473       0x35 Core/Src/blueteeth.o
 .debug_macro   0x00000000000004a8      0x32a Core/Src/blueteeth.o
 .debug_macro   0x00000000000007d2       0x10 Core/Src/blueteeth.o
 .debug_macro   0x00000000000007e2       0x52 Core/Src/blueteeth.o
 .debug_macro   0x0000000000000834       0x1f Core/Src/blueteeth.o
 .debug_macro   0x0000000000000853       0x43 Core/Src/blueteeth.o
 .debug_macro   0x0000000000000896       0x20 Core/Src/blueteeth.o
 .debug_macro   0x00000000000008b6      0x1a3 Core/Src/blueteeth.o
 .debug_macro   0x0000000000000a59       0x10 Core/Src/blueteeth.o
 .debug_macro   0x0000000000000a69       0x1c Core/Src/blueteeth.o
 .debug_macro   0x0000000000000a85       0x52 Core/Src/blueteeth.o
 .debug_macro   0x0000000000000ad7       0x40 Core/Src/blueteeth.o
 .debug_macro   0x0000000000000b17       0x10 Core/Src/blueteeth.o
 .debug_macro   0x0000000000000b27       0x40 Core/Src/blueteeth.o
 .debug_macro   0x0000000000000b67       0xd7 Core/Src/blueteeth.o
 .debug_macro   0x0000000000000c3e       0x1c Core/Src/blueteeth.o
 .debug_macro   0x0000000000000c5a       0x3d Core/Src/blueteeth.o
 .debug_macro   0x0000000000000c97       0x16 Core/Src/blueteeth.o
 .debug_macro   0x0000000000000cad      0x145 Core/Src/blueteeth.o
 .debug_macro   0x0000000000000df2       0x16 Core/Src/blueteeth.o
 .debug_macro   0x0000000000000e08       0x10 Core/Src/blueteeth.o
 .debug_macro   0x0000000000000e18      0x1c6 Core/Src/gpio.o
 .debug_macro   0x0000000000000fde      0x1c6 Core/Src/i2c.o
 .debug_macro   0x00000000000011a4      0x3a7 Core/Src/main.o
 .debug_macro   0x000000000000154b      0x1d5 Core/Src/motor.o
 .debug_macro   0x0000000000001720      0x374 Core/Src/oled.o
 .debug_macro   0x0000000000001a94      0x1bc Core/Src/stm32f1xx_hal_msp.o
 .debug_macro   0x0000000000001c50      0x1e3 Core/Src/stm32f1xx_it.o
 .debug_macro   0x0000000000001e33       0x16 Core/Src/stm32f1xx_it.o
 .debug_macro   0x0000000000001e49      0x243 Core/Src/syscalls.o
 .debug_macro   0x000000000000208c       0x40 Core/Src/syscalls.o
 .debug_macro   0x00000000000020cc       0x94 Core/Src/syscalls.o
 .debug_macro   0x0000000000002160       0x57 Core/Src/syscalls.o
 .debug_macro   0x00000000000021b7      0x330 Core/Src/syscalls.o
 .debug_macro   0x00000000000024e7       0x10 Core/Src/syscalls.o
 .debug_macro   0x00000000000024f7       0x10 Core/Src/syscalls.o
 .debug_macro   0x0000000000002507       0x10 Core/Src/syscalls.o
 .debug_macro   0x0000000000002517       0x35 Core/Src/syscalls.o
 .debug_macro   0x000000000000254c      0x122 Core/Src/syscalls.o
 .debug_macro   0x000000000000266e       0x16 Core/Src/syscalls.o
 .debug_macro   0x0000000000002684       0x16 Core/Src/syscalls.o
 .debug_macro   0x000000000000269a       0x29 Core/Src/syscalls.o
 .debug_macro   0x00000000000026c3       0x10 Core/Src/syscalls.o
 .debug_macro   0x00000000000026d3      0x241 Core/Src/syscalls.o
 .debug_macro   0x0000000000002914       0x1c Core/Src/syscalls.o
 .debug_macro   0x0000000000002930       0x10 Core/Src/syscalls.o
 .debug_macro   0x0000000000002940      0x189 Core/Src/syscalls.o
 .debug_macro   0x0000000000002ac9       0x16 Core/Src/syscalls.o
 .debug_macro   0x0000000000002adf       0x88 Core/Src/syscalls.o
 .debug_macro   0x0000000000002b67       0xee Core/Src/sysmem.o
 .debug_macro   0x0000000000002c55      0x23b Core/Src/sysmem.o
 .debug_macro   0x0000000000002e90      0x1ad Core/Src/system_stm32f1xx.o
 .debug_macro   0x000000000000303d      0x1c6 Core/Src/tim.o
 .debug_macro   0x0000000000003203      0x1d3 Core/Src/usart.o
 .debug_macro   0x00000000000033d6      0x1d1 Drivers/STM32F1xx_HAL_Driver/Src/stm32f1xx_hal.o
 .debug_macro   0x00000000000035a7      0x1ad Drivers/STM32F1xx_HAL_Driver/Src/stm32f1xx_hal_cortex.o
 .debug_macro   0x0000000000003754      0x1ad Drivers/STM32F1xx_HAL_Driver/Src/stm32f1xx_hal_dma.o
 .debug_macro   0x0000000000003901      0x218 Drivers/STM32F1xx_HAL_Driver/Src/stm32f1xx_hal_gpio.o
 .debug_macro   0x0000000000003b19      0x1f4 Drivers/STM32F1xx_HAL_Driver/Src/stm32f1xx_hal_i2c.o
 .debug_macro   0x0000000000003d0d      0x1bf Drivers/STM32F1xx_HAL_Driver/Src/stm32f1xx_hal_rcc.o
 .debug_macro   0x0000000000003ecc      0x1ae Drivers/STM32F1xx_HAL_Driver/Src/stm32f1xx_hal_tim.o
 .debug_macro   0x000000000000407a      0x1ad Drivers/STM32F1xx_HAL_Driver/Src/stm32f1xx_hal_tim_ex.o
 .debug_macro   0x0000000000004227      0x1ae Drivers/STM32F1xx_HAL_Driver/Src/stm32f1xx_hal_uart.o

.debug_line     0x0000000000000000     0xf673
 .debug_line    0x0000000000000000      0x8aa Core/Src/blueteeth.o
 .debug_line    0x00000000000008aa      0x6a3 Core/Src/gpio.o
 .debug_line    0x0000000000000f4d      0x6c2 Core/Src/i2c.o
 .debug_line    0x000000000000160f      0x935 Core/Src/main.o
 .debug_line    0x0000000000001f44      0x7da Core/Src/motor.o
 .debug_line    0x000000000000271e      0xb02 Core/Src/oled.o
 .debug_line    0x0000000000003220      0x693 Core/Src/stm32f1xx_hal_msp.o
 .debug_line    0x00000000000038b3      0x787 Core/Src/stm32f1xx_it.o
 .debug_line    0x000000000000403a      0x743 Core/Src/syscalls.o
 .debug_line    0x000000000000477d      0x4cc Core/Src/sysmem.o
 .debug_line    0x0000000000004c49      0x6ba Core/Src/system_stm32f1xx.o
 .debug_line    0x0000000000005303      0x7fb Core/Src/tim.o
 .debug_line    0x0000000000005afe      0x715 Core/Src/usart.o
 .debug_line    0x0000000000006213       0x87 Core/Startup/startup_stm32f103vetx.o
 .debug_line    0x000000000000629a      0x86d Drivers/STM32F1xx_HAL_Driver/Src/stm32f1xx_hal.o
 .debug_line    0x0000000000006b07      0x944 Drivers/STM32F1xx_HAL_Driver/Src/stm32f1xx_hal_cortex.o
 .debug_line    0x000000000000744b      0xf54 Drivers/STM32F1xx_HAL_Driver/Src/stm32f1xx_hal_dma.o
 .debug_line    0x000000000000839f      0x891 Drivers/STM32F1xx_HAL_Driver/Src/stm32f1xx_hal_gpio.o
 .debug_line    0x0000000000008c30     0x1c7f Drivers/STM32F1xx_HAL_Driver/Src/stm32f1xx_hal_i2c.o
 .debug_line    0x000000000000a8af      0x92d Drivers/STM32F1xx_HAL_Driver/Src/stm32f1xx_hal_rcc.o
 .debug_line    0x000000000000b1dc     0x21f4 Drivers/STM32F1xx_HAL_Driver/Src/stm32f1xx_hal_tim.o
 .debug_line    0x000000000000d3d0     0x11c6 Drivers/STM32F1xx_HAL_Driver/Src/stm32f1xx_hal_tim_ex.o
 .debug_line    0x000000000000e596     0x10dd Drivers/STM32F1xx_HAL_Driver/Src/stm32f1xx_hal_uart.o

.debug_str      0x0000000000000000    0x9c70e
 .debug_str     0x0000000000000000    0x9746d Core/Src/blueteeth.o
                                      0x979be (size before relaxing)
 .debug_str     0x000000000009746d       0xcb Core/Src/gpio.o
                                      0x93095 (size before relaxing)
 .debug_str     0x0000000000097538      0x2a8 Core/Src/i2c.o
                                      0x93520 (size before relaxing)
 .debug_str     0x00000000000977e0      0x509 Core/Src/main.o
                                      0x9822a (size before relaxing)
 .debug_str     0x0000000000097ce9      0x10d Core/Src/motor.o
                                      0x935ee (size before relaxing)
 .debug_str     0x0000000000097df6      0x13a Core/Src/oled.o
                                      0x97d50 (size before relaxing)
 .debug_str     0x0000000000097f30       0x5a Core/Src/stm32f1xx_hal_msp.o
                                      0x9304b (size before relaxing)
 .debug_str     0x0000000000097f8a      0x123 Core/Src/stm32f1xx_it.o
                                      0x93860 (size before relaxing)
 .debug_str     0x00000000000980ad     0x11f8 Core/Src/syscalls.o
                                       0x8864 (size before relaxing)
 .debug_str     0x00000000000992a5       0x6b Core/Src/sysmem.o
                                       0x5f32 (size before relaxing)
 .debug_str     0x0000000000099310       0x52 Core/Src/system_stm32f1xx.o
                                      0x92fb3 (size before relaxing)
 .debug_str     0x0000000000099362      0x227 Core/Src/tim.o
                                      0x93b62 (size before relaxing)
 .debug_str     0x0000000000099589       0xa3 Core/Src/usart.o
                                      0x9393f (size before relaxing)
 .debug_str     0x000000000009962c       0x36 Core/Startup/startup_stm32f103vetx.o
                                         0x62 (size before relaxing)
 .debug_str     0x0000000000099662      0x2ff Drivers/STM32F1xx_HAL_Driver/Src/stm32f1xx_hal.o
                                      0x93728 (size before relaxing)
 .debug_str     0x0000000000099961      0x300 Drivers/STM32F1xx_HAL_Driver/Src/stm32f1xx_hal_cortex.o
                                      0x93730 (size before relaxing)
 .debug_str     0x0000000000099c61      0x230 Drivers/STM32F1xx_HAL_Driver/Src/stm32f1xx_hal_dma.o
                                      0x9338e (size before relaxing)
 .debug_str     0x0000000000099e91      0x31f Drivers/STM32F1xx_HAL_Driver/Src/stm32f1xx_hal_gpio.o
                                      0x93377 (size before relaxing)
 .debug_str     0x000000000009a1b0      0xb4c Drivers/STM32F1xx_HAL_Driver/Src/stm32f1xx_hal_i2c.o
                                      0x93fef (size before relaxing)
 .debug_str     0x000000000009acfc      0x244 Drivers/STM32F1xx_HAL_Driver/Src/stm32f1xx_hal_rcc.o
                                      0x933b0 (size before relaxing)
 .debug_str     0x000000000009af40      0xdae Drivers/STM32F1xx_HAL_Driver/Src/stm32f1xx_hal_tim.o
                                      0x94382 (size before relaxing)
 .debug_str     0x000000000009bcee      0x45a Drivers/STM32F1xx_HAL_Driver/Src/stm32f1xx_hal_tim_ex.o
                                      0x93b33 (size before relaxing)
 .debug_str     0x000000000009c148      0x5c6 Drivers/STM32F1xx_HAL_Driver/Src/stm32f1xx_hal_uart.o
                                      0x939a2 (size before relaxing)

.comment        0x0000000000000000       0x7b
 .comment       0x0000000000000000       0x7b Core/Src/blueteeth.o
                                         0x7c (size before relaxing)
 .comment       0x000000000000007b       0x7c Core/Src/gpio.o
 .comment       0x000000000000007b       0x7c Core/Src/i2c.o
 .comment       0x000000000000007b       0x7c Core/Src/main.o
 .comment       0x000000000000007b       0x7c Core/Src/motor.o
 .comment       0x000000000000007b       0x7c Core/Src/oled.o
 .comment       0x000000000000007b       0x7c Core/Src/stm32f1xx_hal_msp.o
 .comment       0x000000000000007b       0x7c Core/Src/stm32f1xx_it.o
 .comment       0x000000000000007b       0x7c Core/Src/syscalls.o
 .comment       0x000000000000007b       0x7c Core/Src/sysmem.o
 .comment       0x000000000000007b       0x7c Core/Src/system_stm32f1xx.o
 .comment       0x000000000000007b       0x7c Core/Src/tim.o
 .comment       0x000000000000007b       0x7c Core/Src/usart.o
 .comment       0x000000000000007b       0x7c Drivers/STM32F1xx_HAL_Driver/Src/stm32f1xx_hal.o